::1 - - [12/May/2022:15:37:31 +0200] "POST /phpmyadmin/index.php?route=/lint HTTP/1.1" 200 1211 "-" "Mozilla/5.0 (X11; Linux x86_64) AppleWebKit/537.36 (KHTML, like Gecko) Chrome/101.0.4951.54 Safari/537.36"
::1 - - [12/May/2022:15:37:33 +0200] "POST /phpmyadmin/index.php?route=/lint HTTP/1.1" 200 1191 "-" "Mozilla/5.0 (X11; Linux x86_64) AppleWebKit/537.36 (KHTML, like Gecko) Chrome/101.0.4951.54 Safari/537.36"
127.0.0.1 - - [12/May/2022:15:37:35 +0200] "GET /index.php HTTP/1.1" 302 345 "-" "Mozilla/5.0 (X11; Ubuntu; Linux x86_64; rv:91.0) Gecko/20100101 Firefox/91.0"
127.0.0.1 - - [12/May/2022:15:37:35 +0200] "GET /php/cuiteur_1.php HTTP/1.1" 200 1757 "-" "Mozilla/5.0 (X11; Ubuntu; Linux x86_64; rv:91.0) Gecko/20100101 Firefox/91.0"
127.0.0.1 - - [12/May/2022:15:37:35 +0200] "GET /images/favicon.ico HTTP/1.1" 200 1450 "http://localhost:2022/php/cuiteur_1.php" "Mozilla/5.0 (X11; Ubuntu; Linux x86_64; rv:91.0) Gecko/20100101 Firefox/91.0"
::1 - - [12/May/2022:15:37:36 +0200] "POST /phpmyadmin/index.php?route=/lint HTTP/1.1" 200 1196 "-" "Mozilla/5.0 (X11; Linux x86_64) AppleWebKit/537.36 (KHTML, like Gecko) Chrome/101.0.4951.54 Safari/537.36"
::1 - - [12/May/2022:15:37:37 +0200] "POST /phpmyadmin/index.php?route=/lint HTTP/1.1" 200 1196 "-" "Mozilla/5.0 (X11; Linux x86_64) AppleWebKit/537.36 (KHTML, like Gecko) Chrome/101.0.4951.54 Safari/537.36"
::1 - - [12/May/2022:15:37:45 +0200] "POST /phpmyadmin/index.php?route=/lint HTTP/1.1" 200 1206 "-" "Mozilla/5.0 (X11; Linux x86_64) AppleWebKit/537.36 (KHTML, like Gecko) Chrome/101.0.4951.54 Safari/537.36"
::1 - - [12/May/2022:15:37:48 +0200] "POST /phpmyadmin/index.php?route=/lint HTTP/1.1" 200 1191 "-" "Mozilla/5.0 (X11; Linux x86_64) AppleWebKit/537.36 (KHTML, like Gecko) Chrome/101.0.4951.54 Safari/537.36"
::1 - - [12/May/2022:15:37:48 +0200] "POST /phpmyadmin/index.php?route=/lint HTTP/1.1" 200 1189 "-" "Mozilla/5.0 (X11; Linux x86_64) AppleWebKit/537.36 (KHTML, like Gecko) Chrome/101.0.4951.54 Safari/537.36"
::1 - - [12/May/2022:15:37:50 +0200] "POST /phpmyadmin/index.php?route=/lint HTTP/1.1" 200 1194 "-" "Mozilla/5.0 (X11; Linux x86_64) AppleWebKit/537.36 (KHTML, like Gecko) Chrome/101.0.4951.54 Safari/537.36"
::1 - - [12/May/2022:15:37:55 +0200] "POST /phpmyadmin/index.php?route=/lint HTTP/1.1" 200 1197 "-" "Mozilla/5.0 (X11; Linux x86_64) AppleWebKit/537.36 (KHTML, like Gecko) Chrome/101.0.4951.54 Safari/537.36"
::1 - - [12/May/2022:15:37:57 +0200] "POST /phpmyadmin/index.php?route=/lint HTTP/1.1" 200 1191 "-" "Mozilla/5.0 (X11; Linux x86_64) AppleWebKit/537.36 (KHTML, like Gecko) Chrome/101.0.4951.54 Safari/537.36"
::1 - - [12/May/2022:15:37:58 +0200] "POST /phpmyadmin/index.php?route=/lint HTTP/1.1" 200 1191 "-" "Mozilla/5.0 (X11; Linux x86_64) AppleWebKit/537.36 (KHTML, like Gecko) Chrome/101.0.4951.54 Safari/537.36"
127.0.0.1 - - [12/May/2022:15:37:59 +0200] "GET /php/cuiteur_1.php HTTP/1.1" 200 1758 "-" "Mozilla/5.0 (X11; Ubuntu; Linux x86_64; rv:91.0) Gecko/20100101 Firefox/91.0"
127.0.0.1 - - [12/May/2022:15:37:59 +0200] "GET /images/anonyme.jpg HTTP/1.1" 304 248 "http://localhost:2022/php/cuiteur_1.php" "Mozilla/5.0 (X11; Ubuntu; Linux x86_64; rv:91.0) Gecko/20100101 Firefox/91.0"
127.0.0.1 - - [12/May/2022:15:37:59 +0200] "GET /upload/3.jpg HTTP/1.1" 304 249 "http://localhost:2022/php/cuiteur_1.php" "Mozilla/5.0 (X11; Ubuntu; Linux x86_64; rv:91.0) Gecko/20100101 Firefox/91.0"
127.0.0.1 - - [12/May/2022:15:37:59 +0200] "GET /upload/2.jpg HTTP/1.1" 304 249 "http://localhost:2022/php/cuiteur_1.php" "Mozilla/5.0 (X11; Ubuntu; Linux x86_64; rv:91.0) Gecko/20100101 Firefox/91.0"
127.0.0.1 - - [12/May/2022:15:37:59 +0200] "GET /images/yoda.jpg HTTP/1.1" 304 249 "http://localhost:2022/php/cuiteur_1.php" "Mozilla/5.0 (X11; Ubuntu; Linux x86_64; rv:91.0) Gecko/20100101 Firefox/91.0"
127.0.0.1 - - [12/May/2022:15:37:59 +0200] "GET /images/speaker.png HTTP/1.1" 304 250 "http://localhost:2022/php/cuiteur_1.php" "Mozilla/5.0 (X11; Ubuntu; Linux x86_64; rv:91.0) Gecko/20100101 Firefox/91.0"
127.0.0.1 - - [12/May/2022:15:37:59 +0200] "GET /images/paulo.jpg HTTP/1.1" 304 249 "http://localhost:2022/php/cuiteur_1.php" "Mozilla/5.0 (X11; Ubuntu; Linux x86_64; rv:91.0) Gecko/20100101 Firefox/91.0"
127.0.0.1 - - [12/May/2022:15:37:59 +0200] "GET /images/favicon.ico HTTP/1.1" 200 1450 "http://localhost:2022/php/cuiteur_1.php" "Mozilla/5.0 (X11; Ubuntu; Linux x86_64; rv:91.0) Gecko/20100101 Firefox/91.0"
::1 - - [12/May/2022:15:38:05 +0200] "OPTIONS * HTTP/1.0" 200 126 "-" "Apache/2.4.53 (Ubuntu) mod_fcgid/2.3.9 (internal dummy connection)"
::1 - - [12/May/2022:15:38:08 +0200] "POST /phpmyadmin/index.php?route=/lint HTTP/1.1" 200 1194 "-" "Mozilla/5.0 (X11; Linux x86_64) AppleWebKit/537.36 (KHTML, like Gecko) Chrome/101.0.4951.54 Safari/537.36"
::1 - - [12/May/2022:15:38:09 +0200] "POST /phpmyadmin/index.php?route=/lint HTTP/1.1" 200 1198 "-" "Mozilla/5.0 (X11; Linux x86_64) AppleWebKit/537.36 (KHTML, like Gecko) Chrome/101.0.4951.54 Safari/537.36"
::1 - - [12/May/2022:15:38:11 +0200] "POST /phpmyadmin/index.php?route=/lint HTTP/1.1" 200 1193 "-" "Mozilla/5.0 (X11; Linux x86_64) AppleWebKit/537.36 (KHTML, like Gecko) Chrome/101.0.4951.54 Safari/537.36"
::1 - - [12/May/2022:15:38:13 +0200] "POST /phpmyadmin/index.php?route=/lint HTTP/1.1" 200 1191 "-" "Mozilla/5.0 (X11; Linux x86_64) AppleWebKit/537.36 (KHTML, like Gecko) Chrome/101.0.4951.54 Safari/537.36"
::1 - - [12/May/2022:15:38:15 +0200] "POST /phpmyadmin/index.php?route=/lint HTTP/1.1" 200 1199 "-" "Mozilla/5.0 (X11; Linux x86_64) AppleWebKit/537.36 (KHTML, like Gecko) Chrome/101.0.4951.54 Safari/537.36"
::1 - - [12/May/2022:15:38:20 +0200] "POST /phpmyadmin/index.php?route=/lint HTTP/1.1" 200 1203 "-" "Mozilla/5.0 (X11; Linux x86_64) AppleWebKit/537.36 (KHTML, like Gecko) Chrome/101.0.4951.54 Safari/537.36"
::1 - - [12/May/2022:15:38:21 +0200] "POST /phpmyadmin/index.php?route=/lint HTTP/1.1" 200 1191 "-" "Mozilla/5.0 (X11; Linux x86_64) AppleWebKit/537.36 (KHTML, like Gecko) Chrome/101.0.4951.54 Safari/537.36"
::1 - - [12/May/2022:15:38:23 +0200] "POST /phpmyadmin/index.php?route=/lint HTTP/1.1" 200 1198 "-" "Mozilla/5.0 (X11; Linux x86_64) AppleWebKit/537.36 (KHTML, like Gecko) Chrome/101.0.4951.54 Safari/537.36"
::1 - - [12/May/2022:15:38:26 +0200] "POST /phpmyadmin/index.php?route=/lint HTTP/1.1" 200 1205 "-" "Mozilla/5.0 (X11; Linux x86_64) AppleWebKit/537.36 (KHTML, like Gecko) Chrome/101.0.4951.54 Safari/537.36"
::1 - - [12/May/2022:15:38:27 +0200] "POST /phpmyadmin/index.php?route=/lint HTTP/1.1" 200 1196 "-" "Mozilla/5.0 (X11; Linux x86_64) AppleWebKit/537.36 (KHTML, like Gecko) Chrome/101.0.4951.54 Safari/537.36"
::1 - - [12/May/2022:15:38:29 +0200] "POST /phpmyadmin/index.php?route=/lint HTTP/1.1" 200 1203 "-" "Mozilla/5.0 (X11; Linux x86_64) AppleWebKit/537.36 (KHTML, like Gecko) Chrome/101.0.4951.54 Safari/537.36"
::1 - - [12/May/2022:15:38:30 +0200] "POST /phpmyadmin/index.php?route=/lint HTTP/1.1" 200 1205 "-" "Mozilla/5.0 (X11; Linux x86_64) AppleWebKit/537.36 (KHTML, like Gecko) Chrome/101.0.4951.54 Safari/537.36"
::1 - - [12/May/2022:15:38:32 +0200] "POST /phpmyadmin/index.php?route=/lint HTTP/1.1" 200 1203 "-" "Mozilla/5.0 (X11; Linux x86_64) AppleWebKit/537.36 (KHTML, like Gecko) Chrome/101.0.4951.54 Safari/537.36"
127.0.0.1 - - [12/May/2022:15:38:36 +0200] "GET /php/cuiteur_1.php HTTP/1.1" 200 1758 "-" "Mozilla/5.0 (X11; Ubuntu; Linux x86_64; rv:91.0) Gecko/20100101 Firefox/91.0"
127.0.0.1 - - [12/May/2022:15:38:36 +0200] "GET /images/anonyme.jpg HTTP/1.1" 304 248 "http://localhost:2022/php/cuiteur_1.php" "Mozilla/5.0 (X11; Ubuntu; Linux x86_64; rv:91.0) Gecko/20100101 Firefox/91.0"
::1 - - [12/May/2022:15:38:37 +0200] "POST /phpmyadmin/index.php?route=/lint HTTP/1.1" 200 1207 "-" "Mozilla/5.0 (X11; Linux x86_64) AppleWebKit/537.36 (KHTML, like Gecko) Chrome/101.0.4951.54 Safari/537.36"
127.0.0.1 - - [12/May/2022:15:38:37 +0200] "GET /upload/2.jpg HTTP/1.1" 304 249 "http://localhost:2022/php/cuiteur_1.php" "Mozilla/5.0 (X11; Ubuntu; Linux x86_64; rv:91.0) Gecko/20100101 Firefox/91.0"
127.0.0.1 - - [12/May/2022:15:38:37 +0200] "GET /upload/3.jpg HTTP/1.1" 304 249 "http://localhost:2022/php/cuiteur_1.php" "Mozilla/5.0 (X11; Ubuntu; Linux x86_64; rv:91.0) Gecko/20100101 Firefox/91.0"
127.0.0.1 - - [12/May/2022:15:38:37 +0200] "GET /images/speaker.png HTTP/1.1" 304 250 "http://localhost:2022/php/cuiteur_1.php" "Mozilla/5.0 (X11; Ubuntu; Linux x86_64; rv:91.0) Gecko/20100101 Firefox/91.0"
127.0.0.1 - - [12/May/2022:15:38:37 +0200] "GET /images/yoda.jpg HTTP/1.1" 304 249 "http://localhost:2022/php/cuiteur_1.php" "Mozilla/5.0 (X11; Ubuntu; Linux x86_64; rv:91.0) Gecko/20100101 Firefox/91.0"
127.0.0.1 - - [12/May/2022:15:38:37 +0200] "GET /images/paulo.jpg HTTP/1.1" 304 249 "http://localhost:2022/php/cuiteur_1.php" "Mozilla/5.0 (X11; Ubuntu; Linux x86_64; rv:91.0) Gecko/20100101 Firefox/91.0"
127.0.0.1 - - [12/May/2022:15:38:37 +0200] "GET /images/favicon.ico HTTP/1.1" 200 1450 "http://localhost:2022/php/cuiteur_1.php" "Mozilla/5.0 (X11; Ubuntu; Linux x86_64; rv:91.0) Gecko/20100101 Firefox/91.0"
::1 - - [12/May/2022:15:38:44 +0200] "OPTIONS * HTTP/1.0" 200 126 "-" "Apache/2.4.53 (Ubuntu) mod_fcgid/2.3.9 (internal dummy connection)"
127.0.0.1 - - [12/May/2022:15:39:06 +0200] "GET /php/cuiteur_1.php HTTP/1.1" 200 1758 "-" "Mozilla/5.0 (X11; Ubuntu; Linux x86_64; rv:91.0) Gecko/20100101 Firefox/91.0"
127.0.0.1 - - [12/May/2022:15:39:06 +0200] "GET /images/anonyme.jpg HTTP/1.1" 304 248 "http://localhost:2022/php/cuiteur_1.php" "Mozilla/5.0 (X11; Ubuntu; Linux x86_64; rv:91.0) Gecko/20100101 Firefox/91.0"
127.0.0.1 - - [12/May/2022:15:39:06 +0200] "GET /upload/2.jpg HTTP/1.1" 304 249 "http://localhost:2022/php/cuiteur_1.php" "Mozilla/5.0 (X11; Ubuntu; Linux x86_64; rv:91.0) Gecko/20100101 Firefox/91.0"
127.0.0.1 - - [12/May/2022:15:39:06 +0200] "GET /images/speaker.png HTTP/1.1" 304 250 "http://localhost:2022/php/cuiteur_1.php" "Mozilla/5.0 (X11; Ubuntu; Linux x86_64; rv:91.0) Gecko/20100101 Firefox/91.0"
127.0.0.1 - - [12/May/2022:15:39:06 +0200] "GET /images/paulo.jpg HTTP/1.1" 304 249 "http://localhost:2022/php/cuiteur_1.php" "Mozilla/5.0 (X11; Ubuntu; Linux x86_64; rv:91.0) Gecko/20100101 Firefox/91.0"
127.0.0.1 - - [12/May/2022:15:39:06 +0200] "GET /images/yoda.jpg HTTP/1.1" 304 249 "http://localhost:2022/php/cuiteur_1.php" "Mozilla/5.0 (X11; Ubuntu; Linux x86_64; rv:91.0) Gecko/20100101 Firefox/91.0"
127.0.0.1 - - [12/May/2022:15:39:06 +0200] "GET /upload/3.jpg HTTP/1.1" 304 249 "http://localhost:2022/php/cuiteur_1.php" "Mozilla/5.0 (X11; Ubuntu; Linux x86_64; rv:91.0) Gecko/20100101 Firefox/91.0"
::1 - - [12/May/2022:15:39:12 +0200] "OPTIONS * HTTP/1.0" 200 126 "-" "Apache/2.4.53 (Ubuntu) mod_fcgid/2.3.9 (internal dummy connection)"
127.0.0.1 - - [12/May/2022:15:39:48 +0200] "GET /php/cuiteur_1.php HTTP/1.1" 200 1705 "-" "Mozilla/5.0 (X11; Ubuntu; Linux x86_64; rv:91.0) Gecko/20100101 Firefox/91.0"
127.0.0.1 - - [12/May/2022:15:39:48 +0200] "GET /images/pdac.jpg HTTP/1.1" 304 248 "http://localhost:2022/php/cuiteur_1.php" "Mozilla/5.0 (X11; Ubuntu; Linux x86_64; rv:91.0) Gecko/20100101 Firefox/91.0"
127.0.0.1 - - [12/May/2022:15:39:48 +0200] "GET /images/speaker.png HTTP/1.1" 304 250 "http://localhost:2022/php/cuiteur_1.php" "Mozilla/5.0 (X11; Ubuntu; Linux x86_64; rv:91.0) Gecko/20100101 Firefox/91.0"
127.0.0.1 - - [12/May/2022:15:39:48 +0200] "GET /upload/3.jpg HTTP/1.1" 304 249 "http://localhost:2022/php/cuiteur_1.php" "Mozilla/5.0 (X11; Ubuntu; Linux x86_64; rv:91.0) Gecko/20100101 Firefox/91.0"
127.0.0.1 - - [12/May/2022:15:39:48 +0200] "GET /images/yoda.jpg HTTP/1.1" 304 249 "http://localhost:2022/php/cuiteur_1.php" "Mozilla/5.0 (X11; Ubuntu; Linux x86_64; rv:91.0) Gecko/20100101 Firefox/91.0"
127.0.0.1 - - [12/May/2022:15:39:48 +0200] "GET /images/paulo.jpg HTTP/1.1" 304 249 "http://localhost:2022/php/cuiteur_1.php" "Mozilla/5.0 (X11; Ubuntu; Linux x86_64; rv:91.0) Gecko/20100101 Firefox/91.0"
127.0.0.1 - - [12/May/2022:15:39:48 +0200] "GET /upload/2.jpg HTTP/1.1" 304 249 "http://localhost:2022/php/cuiteur_1.php" "Mozilla/5.0 (X11; Ubuntu; Linux x86_64; rv:91.0) Gecko/20100101 Firefox/91.0"
127.0.0.1 - - [12/May/2022:15:39:52 +0200] "GET /images/home_over.png HTTP/1.1" 304 249 "http://localhost:2022/styles/cuiteur.css" "Mozilla/5.0 (X11; Ubuntu; Linux x86_64; rv:91.0) Gecko/20100101 Firefox/91.0"
::1 - - [12/May/2022:15:39:57 +0200] "OPTIONS * HTTP/1.0" 200 126 "-" "Apache/2.4.53 (Ubuntu) mod_fcgid/2.3.9 (internal dummy connection)"
127.0.0.1 - - [12/May/2022:15:39:57 +0200] "POST /phpmyadmin/index.php?route=/lint HTTP/1.1" 200 1195 "-" "Mozilla/5.0 (X11; Ubuntu; Linux x86_64; rv:91.0) Gecko/20100101 Firefox/91.0"
127.0.0.1 - - [12/May/2022:15:39:59 +0200] "POST /phpmyadmin/index.php?route=/import HTTP/1.1" 200 6146 "-" "Mozilla/5.0 (X11; Ubuntu; Linux x86_64; rv:91.0) Gecko/20100101 Firefox/91.0"
127.0.0.1 - - [12/May/2022:15:40:06 +0200] "GET /images/deconnexion_over.png HTTP/1.1" 304 250 "http://localhost:2022/styles/cuiteur.css" "Mozilla/5.0 (X11; Ubuntu; Linux x86_64; rv:91.0) Gecko/20100101 Firefox/91.0"
127.0.0.1 - - [12/May/2022:15:40:06 +0200] "GET /php/deconnexion.php HTTP/1.1" 302 428 "http://localhost:2022/php/cuiteur_1.php" "Mozilla/5.0 (X11; Ubuntu; Linux x86_64; rv:91.0) Gecko/20100101 Firefox/91.0"
127.0.0.1 - - [12/May/2022:15:40:06 +0200] "GET /index.php HTTP/1.1" 200 1091 "http://localhost:2022/php/cuiteur_1.php" "Mozilla/5.0 (X11; Ubuntu; Linux x86_64; rv:91.0) Gecko/20100101 Firefox/91.0"
127.0.0.1 - - [12/May/2022:15:40:17 +0200] "POST /index.php HTTP/1.1" 302 345 "http://localhost:2022/index.php" "Mozilla/5.0 (X11; Ubuntu; Linux x86_64; rv:91.0) Gecko/20100101 Firefox/91.0"
127.0.0.1 - - [12/May/2022:15:40:18 +0200] "GET /php/cuiteur_1.php HTTP/1.1" 200 1483 "http://localhost:2022/index.php" "Mozilla/5.0 (X11; Ubuntu; Linux x86_64; rv:91.0) Gecko/20100101 Firefox/91.0"
127.0.0.1 - - [12/May/2022:15:40:18 +0200] "GET /images/woody.jpg HTTP/1.1" 200 2888 "http://localhost:2022/php/cuiteur_1.php" "Mozilla/5.0 (X11; Ubuntu; Linux x86_64; rv:91.0) Gecko/20100101 Firefox/91.0"
127.0.0.1 - - [12/May/2022:15:40:18 +0200] "GET /upload/1.jpg HTTP/1.1" 200 2889 "http://localhost:2022/php/cuiteur_1.php" "Mozilla/5.0 (X11; Ubuntu; Linux x86_64; rv:91.0) Gecko/20100101 Firefox/91.0"
127.0.0.1 - - [12/May/2022:15:40:27 +0200] "GET /php/deconnexion.php HTTP/1.1" 302 429 "http://localhost:2022/php/cuiteur_1.php" "Mozilla/5.0 (X11; Ubuntu; Linux x86_64; rv:91.0) Gecko/20100101 Firefox/91.0"
127.0.0.1 - - [12/May/2022:15:40:27 +0200] "GET /index.php HTTP/1.1" 200 1091 "http://localhost:2022/php/cuiteur_1.php" "Mozilla/5.0 (X11; Ubuntu; Linux x86_64; rv:91.0) Gecko/20100101 Firefox/91.0"
127.0.0.1 - - [12/May/2022:15:40:33 +0200] "POST /index.php HTTP/1.1" 302 345 "http://localhost:2022/index.php" "Mozilla/5.0 (X11; Ubuntu; Linux x86_64; rv:91.0) Gecko/20100101 Firefox/91.0"
127.0.0.1 - - [12/May/2022:15:40:34 +0200] "GET /php/cuiteur_1.php HTTP/1.1" 200 1704 "http://localhost:2022/index.php" "Mozilla/5.0 (X11; Ubuntu; Linux x86_64; rv:91.0) Gecko/20100101 Firefox/91.0"
::1 - - [12/May/2022:15:40:44 +0200] "POST /phpmyadmin/index.php?route=/lint HTTP/1.1" 200 1215 "-" "Mozilla/5.0 (X11; Linux x86_64) AppleWebKit/537.36 (KHTML, like Gecko) Chrome/101.0.4951.54 Safari/537.36"
::1 - - [12/May/2022:15:40:45 +0200] "POST /phpmyadmin/index.php?route=/lint HTTP/1.1" 200 1209 "-" "Mozilla/5.0 (X11; Linux x86_64) AppleWebKit/537.36 (KHTML, like Gecko) Chrome/101.0.4951.54 Safari/537.36"
::1 - - [12/May/2022:15:40:47 +0200] "POST /phpmyadmin/index.php?route=/lint HTTP/1.1" 200 1191 "-" "Mozilla/5.0 (X11; Linux x86_64) AppleWebKit/537.36 (KHTML, like Gecko) Chrome/101.0.4951.54 Safari/537.36"
127.0.0.1 - - [12/May/2022:15:40:50 +0200] "POST /phpmyadmin/index.php?route=/lint HTTP/1.1" 200 1200 "-" "Mozilla/5.0 (X11; Ubuntu; Linux x86_64; rv:91.0) Gecko/20100101 Firefox/91.0"
127.0.0.1 - - [12/May/2022:15:40:53 +0200] "POST /phpmyadmin/index.php?route=/lint HTTP/1.1" 200 1196 "-" "Mozilla/5.0 (X11; Ubuntu; Linux x86_64; rv:91.0) Gecko/20100101 Firefox/91.0"
127.0.0.1 - - [12/May/2022:15:40:54 +0200] "POST /phpmyadmin/index.php?route=/lint HTTP/1.1" 200 1209 "-" "Mozilla/5.0 (X11; Ubuntu; Linux x86_64; rv:91.0) Gecko/20100101 Firefox/91.0"
127.0.0.1 - - [12/May/2022:15:40:54 +0200] "POST /phpmyadmin/index.php?route=/lint HTTP/1.1" 200 1193 "-" "Mozilla/5.0 (X11; Ubuntu; Linux x86_64; rv:91.0) Gecko/20100101 Firefox/91.0"
127.0.0.1 - - [12/May/2022:15:40:55 +0200] "POST /phpmyadmin/index.php?route=/lint HTTP/1.1" 200 1201 "-" "Mozilla/5.0 (X11; Ubuntu; Linux x86_64; rv:91.0) Gecko/20100101 Firefox/91.0"
127.0.0.1 - - [12/May/2022:15:40:57 +0200] "POST /phpmyadmin/index.php?route=/lint HTTP/1.1" 200 1196 "-" "Mozilla/5.0 (X11; Ubuntu; Linux x86_64; rv:91.0) Gecko/20100101 Firefox/91.0"
::1 - - [12/May/2022:15:40:57 +0200] "POST /phpmyadmin/index.php?route=/lint HTTP/1.1" 200 1196 "-" "Mozilla/5.0 (X11; Linux x86_64) AppleWebKit/537.36 (KHTML, like Gecko) Chrome/101.0.4951.54 Safari/537.36"
127.0.0.1 - - [12/May/2022:15:40:58 +0200] "POST /phpmyadmin/index.php?route=/lint HTTP/1.1" 200 1205 "-" "Mozilla/5.0 (X11; Ubuntu; Linux x86_64; rv:91.0) Gecko/20100101 Firefox/91.0"
127.0.0.1 - - [12/May/2022:15:40:58 +0200] "POST /phpmyadmin/index.php?route=/import HTTP/1.1" 200 6151 "-" "Mozilla/5.0 (X11; Ubuntu; Linux x86_64; rv:91.0) Gecko/20100101 Firefox/91.0"
::1 - - [12/May/2022:15:41:05 +0200] "POST /phpmyadmin/index.php?route=/lint HTTP/1.1" 200 1195 "-" "Mozilla/5.0 (X11; Linux x86_64) AppleWebKit/537.36 (KHTML, like Gecko) Chrome/101.0.4951.54 Safari/537.36"
::1 - - [12/May/2022:15:41:07 +0200] "POST /phpmyadmin/index.php?route=/lint HTTP/1.1" 200 1206 "-" "Mozilla/5.0 (X11; Linux x86_64) AppleWebKit/537.36 (KHTML, like Gecko) Chrome/101.0.4951.54 Safari/537.36"
::1 - - [12/May/2022:15:41:08 +0200] "POST /phpmyadmin/index.php?route=/lint HTTP/1.1" 200 1198 "-" "Mozilla/5.0 (X11; Linux x86_64) AppleWebKit/537.36 (KHTML, like Gecko) Chrome/101.0.4951.54 Safari/537.36"
::1 - - [12/May/2022:15:41:17 +0200] "POST /phpmyadmin/index.php?route=/lint HTTP/1.1" 200 1211 "-" "Mozilla/5.0 (X11; Linux x86_64) AppleWebKit/537.36 (KHTML, like Gecko) Chrome/101.0.4951.54 Safari/537.36"
::1 - - [12/May/2022:15:41:22 +0200] "POST /phpmyadmin/index.php?route=/lint HTTP/1.1" 200 1190 "-" "Mozilla/5.0 (X11; Linux x86_64) AppleWebKit/537.36 (KHTML, like Gecko) Chrome/101.0.4951.54 Safari/537.36"
::1 - - [12/May/2022:15:41:25 +0200] "POST /phpmyadmin/index.php?route=/lint HTTP/1.1" 200 1197 "-" "Mozilla/5.0 (X11; Linux x86_64) AppleWebKit/537.36 (KHTML, like Gecko) Chrome/101.0.4951.54 Safari/537.36"
::1 - - [12/May/2022:15:41:26 +0200] "POST /phpmyadmin/index.php?route=/lint HTTP/1.1" 200 1206 "-" "Mozilla/5.0 (X11; Linux x86_64) AppleWebKit/537.36 (KHTML, like Gecko) Chrome/101.0.4951.54 Safari/537.36"
::1 - - [12/May/2022:15:41:28 +0200] "POST /phpmyadmin/index.php?route=/lint HTTP/1.1" 200 1197 "-" "Mozilla/5.0 (X11; Linux x86_64) AppleWebKit/537.36 (KHTML, like Gecko) Chrome/101.0.4951.54 Safari/537.36"
::1 - - [12/May/2022:15:41:28 +0200] "POST /phpmyadmin/index.php?route=/lint HTTP/1.1" 200 1203 "-" "Mozilla/5.0 (X11; Linux x86_64) AppleWebKit/537.36 (KHTML, like Gecko) Chrome/101.0.4951.54 Safari/537.36"
127.0.0.1 - - [12/May/2022:15:41:29 +0200] "GET /php/cuiteur_1.php HTTP/1.1" 200 1705 "http://localhost:2022/index.php" "Mozilla/5.0 (X11; Ubuntu; Linux x86_64; rv:91.0) Gecko/20100101 Firefox/91.0"
127.0.0.1 - - [12/May/2022:15:41:29 +0200] "GET /images/pdac.jpg HTTP/1.1" 304 248 "http://localhost:2022/php/cuiteur_1.php" "Mozilla/5.0 (X11; Ubuntu; Linux x86_64; rv:91.0) Gecko/20100101 Firefox/91.0"
127.0.0.1 - - [12/May/2022:15:41:29 +0200] "GET /images/yoda.jpg HTTP/1.1" 304 249 "http://localhost:2022/php/cuiteur_1.php" "Mozilla/5.0 (X11; Ubuntu; Linux x86_64; rv:91.0) Gecko/20100101 Firefox/91.0"
127.0.0.1 - - [12/May/2022:15:41:29 +0200] "GET /images/paulo.jpg HTTP/1.1" 304 249 "http://localhost:2022/php/cuiteur_1.php" "Mozilla/5.0 (X11; Ubuntu; Linux x86_64; rv:91.0) Gecko/20100101 Firefox/91.0"
127.0.0.1 - - [12/May/2022:15:41:29 +0200] "GET /upload/3.jpg HTTP/1.1" 304 249 "http://localhost:2022/php/cuiteur_1.php" "Mozilla/5.0 (X11; Ubuntu; Linux x86_64; rv:91.0) Gecko/20100101 Firefox/91.0"
127.0.0.1 - - [12/May/2022:15:41:29 +0200] "GET /upload/2.jpg HTTP/1.1" 304 249 "http://localhost:2022/php/cuiteur_1.php" "Mozilla/5.0 (X11; Ubuntu; Linux x86_64; rv:91.0) Gecko/20100101 Firefox/91.0"
127.0.0.1 - - [12/May/2022:15:41:29 +0200] "GET /images/speaker.png HTTP/1.1" 304 250 "http://localhost:2022/php/cuiteur_1.php" "Mozilla/5.0 (X11; Ubuntu; Linux x86_64; rv:91.0) Gecko/20100101 Firefox/91.0"
127.0.0.1 - - [12/May/2022:15:41:29 +0200] "GET /images/favicon.ico HTTP/1.1" 200 1450 "http://localhost:2022/php/cuiteur_1.php" "Mozilla/5.0 (X11; Ubuntu; Linux x86_64; rv:91.0) Gecko/20100101 Firefox/91.0"
127.0.0.1 - - [12/May/2022:15:41:31 +0200] "GET /php/cuiteur_1.php HTTP/1.1" 200 1704 "http://localhost:2022/index.php" "Mozilla/5.0 (X11; Ubuntu; Linux x86_64; rv:91.0) Gecko/20100101 Firefox/91.0"
127.0.0.1 - - [12/May/2022:15:41:31 +0200] "GET /images/pdac.jpg HTTP/1.1" 304 248 "http://localhost:2022/php/cuiteur_1.php" "Mozilla/5.0 (X11; Ubuntu; Linux x86_64; rv:91.0) Gecko/20100101 Firefox/91.0"
127.0.0.1 - - [12/May/2022:15:41:31 +0200] "GET /images/paulo.jpg HTTP/1.1" 304 248 "http://localhost:2022/php/cuiteur_1.php" "Mozilla/5.0 (X11; Ubuntu; Linux x86_64; rv:91.0) Gecko/20100101 Firefox/91.0"
127.0.0.1 - - [12/May/2022:15:41:31 +0200] "GET /upload/3.jpg HTTP/1.1" 304 248 "http://localhost:2022/php/cuiteur_1.php" "Mozilla/5.0 (X11; Ubuntu; Linux x86_64; rv:91.0) Gecko/20100101 Firefox/91.0"
127.0.0.1 - - [12/May/2022:15:41:31 +0200] "GET /upload/2.jpg HTTP/1.1" 304 248 "http://localhost:2022/php/cuiteur_1.php" "Mozilla/5.0 (X11; Ubuntu; Linux x86_64; rv:91.0) Gecko/20100101 Firefox/91.0"
127.0.0.1 - - [12/May/2022:15:41:31 +0200] "GET /images/yoda.jpg HTTP/1.1" 304 248 "http://localhost:2022/php/cuiteur_1.php" "Mozilla/5.0 (X11; Ubuntu; Linux x86_64; rv:91.0) Gecko/20100101 Firefox/91.0"
127.0.0.1 - - [12/May/2022:15:41:31 +0200] "GET /images/favicon.ico HTTP/1.1" 200 1450 "http://localhost:2022/php/cuiteur_1.php" "Mozilla/5.0 (X11; Ubuntu; Linux x86_64; rv:91.0) Gecko/20100101 Firefox/91.0"
127.0.0.1 - - [12/May/2022:15:41:31 +0200] "GET /images/speaker.png HTTP/1.1" 304 250 "http://localhost:2022/php/cuiteur_1.php" "Mozilla/5.0 (X11; Ubuntu; Linux x86_64; rv:91.0) Gecko/20100101 Firefox/91.0"
::1 - - [12/May/2022:15:41:34 +0200] "POST /phpmyadmin/index.php?route=/lint HTTP/1.1" 200 1199 "-" "Mozilla/5.0 (X11; Linux x86_64) AppleWebKit/537.36 (KHTML, like Gecko) Chrome/101.0.4951.54 Safari/537.36"
::1 - - [12/May/2022:15:41:41 +0200] "POST /phpmyadmin/index.php?route=/lint HTTP/1.1" 200 1206 "-" "Mozilla/5.0 (X11; Linux x86_64) AppleWebKit/537.36 (KHTML, like Gecko) Chrome/101.0.4951.54 Safari/537.36"
::1 - - [12/May/2022:15:41:41 +0200] "POST /phpmyadmin/index.php?route=/lint HTTP/1.1" 200 1203 "-" "Mozilla/5.0 (X11; Linux x86_64) AppleWebKit/537.36 (KHTML, like Gecko) Chrome/101.0.4951.54 Safari/537.36"
::1 - - [12/May/2022:15:41:42 +0200] "POST /phpmyadmin/index.php?route=/lint HTTP/1.1" 200 1205 "-" "Mozilla/5.0 (X11; Linux x86_64) AppleWebKit/537.36 (KHTML, like Gecko) Chrome/101.0.4951.54 Safari/537.36"
::1 - - [12/May/2022:15:41:44 +0200] "POST /phpmyadmin/index.php?route=/lint HTTP/1.1" 200 1213 "-" "Mozilla/5.0 (X11; Linux x86_64) AppleWebKit/537.36 (KHTML, like Gecko) Chrome/101.0.4951.54 Safari/537.36"
::1 - - [12/May/2022:15:41:51 +0200] "POST /phpmyadmin/index.php?route=/lint HTTP/1.1" 200 1219 "-" "Mozilla/5.0 (X11; Linux x86_64) AppleWebKit/537.36 (KHTML, like Gecko) Chrome/101.0.4951.54 Safari/537.36"
::1 - - [12/May/2022:15:41:52 +0200] "POST /phpmyadmin/index.php?route=/lint HTTP/1.1" 200 1196 "-" "Mozilla/5.0 (X11; Linux x86_64) AppleWebKit/537.36 (KHTML, like Gecko) Chrome/101.0.4951.54 Safari/537.36"
::1 - - [12/May/2022:15:41:53 +0200] "POST /phpmyadmin/index.php?route=/lint HTTP/1.1" 200 1196 "-" "Mozilla/5.0 (X11; Linux x86_64) AppleWebKit/537.36 (KHTML, like Gecko) Chrome/101.0.4951.54 Safari/537.36"
::1 - - [12/May/2022:15:41:57 +0200] "POST /phpmyadmin/index.php?route=/lint HTTP/1.1" 200 1208 "-" "Mozilla/5.0 (X11; Linux x86_64) AppleWebKit/537.36 (KHTML, like Gecko) Chrome/101.0.4951.54 Safari/537.36"
::1 - - [12/May/2022:15:42:05 +0200] "POST /phpmyadmin/index.php?route=/lint HTTP/1.1" 200 1195 "-" "Mozilla/5.0 (X11; Linux x86_64) AppleWebKit/537.36 (KHTML, like Gecko) Chrome/101.0.4951.54 Safari/537.36"
::1 - - [12/May/2022:15:42:08 +0200] "POST /phpmyadmin/index.php?route=/lint HTTP/1.1" 200 1196 "-" "Mozilla/5.0 (X11; Linux x86_64) AppleWebKit/537.36 (KHTML, like Gecko) Chrome/101.0.4951.54 Safari/537.36"
::1 - - [12/May/2022:15:42:11 +0200] "POST /phpmyadmin/index.php?route=/lint HTTP/1.1" 200 1205 "-" "Mozilla/5.0 (X11; Linux x86_64) AppleWebKit/537.36 (KHTML, like Gecko) Chrome/101.0.4951.54 Safari/537.36"
::1 - - [12/May/2022:15:42:11 +0200] "POST /phpmyadmin/index.php?route=/lint HTTP/1.1" 200 1196 "-" "Mozilla/5.0 (X11; Linux x86_64) AppleWebKit/537.36 (KHTML, like Gecko) Chrome/101.0.4951.54 Safari/537.36"
::1 - - [12/May/2022:15:42:19 +0200] "OPTIONS * HTTP/1.0" 200 126 "-" "Apache/2.4.53 (Ubuntu) mod_fcgid/2.3.9 (internal dummy connection)"
::1 - - [12/May/2022:15:42:21 +0200] "POST /phpmyadmin/index.php?route=/lint HTTP/1.1" 200 1207 "-" "Mozilla/5.0 (X11; Linux x86_64) AppleWebKit/537.36 (KHTML, like Gecko) Chrome/101.0.4951.54 Safari/537.36"
::1 - - [12/May/2022:15:42:23 +0200] "POST /phpmyadmin/index.php?route=/import HTTP/1.1" 200 1749 "-" "Mozilla/5.0 (X11; Linux x86_64) AppleWebKit/537.36 (KHTML, like Gecko) Chrome/101.0.4951.54 Safari/537.36"
127.0.0.1 - - [12/May/2022:15:42:24 +0200] "GET /phpmyadmin/index.php?route=/sql&server=1&db=cuiteur_bd&table=blablas&pos=0&ajax_request=true&ajax_page_request=true&_nocache=1652362944682584050&token=226f44242e5d60402f40775049624768 HTTP/1.1" 200 14385 "-" "Mozilla/5.0 (X11; Ubuntu; Linux x86_64; rv:91.0) Gecko/20100101 Firefox/91.0"
127.0.0.1 - - [12/May/2022:15:42:25 +0200] "GET /phpmyadmin/index.php?route=/recent-table&ajax_request=1&recent_table=1&no_debug=true&_nocache=1652362945042383281&token=226f44242e5d60402f40775049624768 HTTP/1.1" 200 2755 "-" "Mozilla/5.0 (X11; Ubuntu; Linux x86_64; rv:91.0) Gecko/20100101 Firefox/91.0"
127.0.0.1 - - [12/May/2022:15:42:25 +0200] "GET /phpmyadmin/js/dist/multi_column_sort.js?v=5.1.3 HTTP/1.1" 200 847 "-" "Mozilla/5.0 (X11; Ubuntu; Linux x86_64; rv:91.0) Gecko/20100101 Firefox/91.0"
127.0.0.1 - - [12/May/2022:15:42:25 +0200] "GET /phpmyadmin/js/dist/gis_data_editor.js?v=5.1.3 HTTP/1.1" 200 3892 "-" "Mozilla/5.0 (X11; Ubuntu; Linux x86_64; rv:91.0) Gecko/20100101 Firefox/91.0"
::1 - - [12/May/2022:15:42:27 +0200] "POST /phpmyadmin/index.php?route=/lint HTTP/1.1" 200 1204 "-" "Mozilla/5.0 (X11; Linux x86_64) AppleWebKit/537.36 (KHTML, like Gecko) Chrome/101.0.4951.54 Safari/537.36"
127.0.0.1 - - [12/May/2022:15:42:27 +0200] "GET /phpmyadmin/index.php?route=/sql&server=1&db=cuiteur_bd&table=users&pos=0&ajax_request=true&ajax_page_request=true&_nocache=165236294756529899&token=226f44242e5d60402f40775049624768 HTTP/1.1" 200 12887 "-" "Mozilla/5.0 (X11; Ubuntu; Linux x86_64; rv:91.0) Gecko/20100101 Firefox/91.0"
127.0.0.1 - - [12/May/2022:15:42:27 +0200] "GET /phpmyadmin/index.php?route=/recent-table&ajax_request=1&recent_table=1&no_debug=true&_nocache=1652362947907752108&token=226f44242e5d60402f40775049624768 HTTP/1.1" 200 2758 "-" "Mozilla/5.0 (X11; Ubuntu; Linux x86_64; rv:91.0) Gecko/20100101 Firefox/91.0"
::1 - - [12/May/2022:15:42:30 +0200] "POST /phpmyadmin/index.php?route=/import HTTP/1.1" 200 4867 "-" "Mozilla/5.0 (X11; Linux x86_64) AppleWebKit/537.36 (KHTML, like Gecko) Chrome/101.0.4951.54 Safari/537.36"
::1 - - [12/May/2022:15:42:30 +0200] "GET /phpmyadmin/themes/pmahomme/img/b_tblexport.png HTTP/1.1" 200 798 "http://localhost:2022/phpmyadmin/themes/pmahomme/css/theme.css?v=5.1.3&nocache=4145481192ltr&server=1" "Mozilla/5.0 (X11; Linux x86_64) AppleWebKit/537.36 (KHTML, like Gecko) Chrome/101.0.4951.54 Safari/537.36"
::1 - - [12/May/2022:15:42:30 +0200] "GET /phpmyadmin/themes/pmahomme/img/b_chart.png HTTP/1.1" 200 734 "http://localhost:2022/phpmyadmin/themes/pmahomme/css/theme.css?v=5.1.3&nocache=4145481192ltr&server=1" "Mozilla/5.0 (X11; Linux x86_64) AppleWebKit/537.36 (KHTML, like Gecko) Chrome/101.0.4951.54 Safari/537.36"
::1 - - [12/May/2022:15:42:30 +0200] "GET /phpmyadmin/themes/pmahomme/img/b_view_add.png HTTP/1.1" 200 963 "http://localhost:2022/phpmyadmin/themes/pmahomme/css/theme.css?v=5.1.3&nocache=4145481192ltr&server=1" "Mozilla/5.0 (X11; Linux x86_64) AppleWebKit/537.36 (KHTML, like Gecko) Chrome/101.0.4951.54 Safari/537.36"
::1 - - [12/May/2022:15:42:30 +0200] "GET /phpmyadmin/themes/pmahomme/img/s_tbl.png HTTP/1.1" 200 929 "http://localhost:2022/phpmyadmin/themes/pmahomme/css/theme.css?v=5.1.3&nocache=4145481192ltr&server=1" "Mozilla/5.0 (X11; Linux x86_64) AppleWebKit/537.36 (KHTML, like Gecko) Chrome/101.0.4951.54 Safari/537.36"
127.0.0.1 - - [12/May/2022:15:42:31 +0200] "GET /phpmyadmin/index.php?route=/table/sql&db=cuiteur_bd&table=users&ajax_request=true&ajax_page_request=true&_nocache=1652362951106505687&token=226f44242e5d60402f40775049624768 HTTP/1.1" 200 6438 "-" "Mozilla/5.0 (X11; Ubuntu; Linux x86_64; rv:91.0) Gecko/20100101 Firefox/91.0"
127.0.0.1 - - [12/May/2022:15:42:31 +0200] "POST /phpmyadmin/index.php?route=/lint HTTP/1.1" 200 1194 "-" "Mozilla/5.0 (X11; Ubuntu; Linux x86_64; rv:91.0) Gecko/20100101 Firefox/91.0"
127.0.0.1 - - [12/May/2022:15:42:31 +0200] "GET /phpmyadmin/index.php?route=/recent-table&ajax_request=1&recent_table=1&no_debug=true&_nocache=1652362951376975868&token=226f44242e5d60402f40775049624768 HTTP/1.1" 200 2743 "-" "Mozilla/5.0 (X11; Ubuntu; Linux x86_64; rv:91.0) Gecko/20100101 Firefox/91.0"
127.0.0.1 - - [12/May/2022:15:42:33 +0200] "POST /phpmyadmin/index.php?route=/database/sql/autocomplete HTTP/1.1" 200 3143 "-" "Mozilla/5.0 (X11; Ubuntu; Linux x86_64; rv:91.0) Gecko/20100101 Firefox/91.0"
127.0.0.1 - - [12/May/2022:15:42:34 +0200] "POST /phpmyadmin/index.php?route=/lint HTTP/1.1" 200 1201 "-" "Mozilla/5.0 (X11; Ubuntu; Linux x86_64; rv:91.0) Gecko/20100101 Firefox/91.0"
127.0.0.1 - - [12/May/2022:15:42:38 +0200] "POST /phpmyadmin/index.php?route=/lint HTTP/1.1" 200 1193 "-" "Mozilla/5.0 (X11; Ubuntu; Linux x86_64; rv:91.0) Gecko/20100101 Firefox/91.0"
127.0.0.1 - - [12/May/2022:15:42:42 +0200] "POST /phpmyadmin/index.php?route=/lint HTTP/1.1" 200 1208 "-" "Mozilla/5.0 (X11; Ubuntu; Linux x86_64; rv:91.0) Gecko/20100101 Firefox/91.0"
127.0.0.1 - - [12/May/2022:15:42:45 +0200] "POST /phpmyadmin/index.php?route=/lint HTTP/1.1" 200 1203 "-" "Mozilla/5.0 (X11; Ubuntu; Linux x86_64; rv:91.0) Gecko/20100101 Firefox/91.0"
127.0.0.1 - - [12/May/2022:15:42:46 +0200] "POST /phpmyadmin/index.php?route=/lint HTTP/1.1" 200 1222 "-" "Mozilla/5.0 (X11; Ubuntu; Linux x86_64; rv:91.0) Gecko/20100101 Firefox/91.0"
127.0.0.1 - - [12/May/2022:15:42:47 +0200] "POST /phpmyadmin/index.php?route=/lint HTTP/1.1" 200 1208 "-" "Mozilla/5.0 (X11; Ubuntu; Linux x86_64; rv:91.0) Gecko/20100101 Firefox/91.0"
127.0.0.1 - - [12/May/2022:15:42:47 +0200] "POST /phpmyadmin/index.php?route=/lint HTTP/1.1" 200 1196 "-" "Mozilla/5.0 (X11; Ubuntu; Linux x86_64; rv:91.0) Gecko/20100101 Firefox/91.0"
127.0.0.1 - - [12/May/2022:15:42:48 +0200] "POST /phpmyadmin/index.php?route=/import HTTP/1.1" 200 6125 "-" "Mozilla/5.0 (X11; Ubuntu; Linux x86_64; rv:91.0) Gecko/20100101 Firefox/91.0"
::1 - - [12/May/2022:15:42:51 +0200] "POST /phpmyadmin/index.php HTTP/1.1" 200 5494 "-" "Mozilla/5.0 (X11; Linux x86_64) AppleWebKit/537.36 (KHTML, like Gecko) Chrome/101.0.4951.54 Safari/537.36"
::1 - - [12/May/2022:15:42:52 +0200] "GET /phpmyadmin/index.php?route=/recent-table&ajax_request=1&recent_table=1&no_debug=true&_nocache=1652362972053293102&token=782b4e786f316c6c4a794c2344485766 HTTP/1.1" 200 2724 "-" "Mozilla/5.0 (X11; Linux x86_64) AppleWebKit/537.36 (KHTML, like Gecko) Chrome/101.0.4951.54 Safari/537.36"
::1 - - [12/May/2022:15:42:56 +0200] "GET /phpmyadmin/index.php?route=/sql/get-default-fk-check-value&ajax_request=true&server=1&_nocache=1652362976944979556&token=782b4e786f316c6c4a794c2344485766 HTTP/1.1" 200 2724 "-" "Mozilla/5.0 (X11; Linux x86_64) AppleWebKit/537.36 (KHTML, like Gecko) Chrome/101.0.4951.54 Safari/537.36"
::1 - - [12/May/2022:15:42:56 +0200] "POST /phpmyadmin/index.php?route=/lint HTTP/1.1" 200 1192 "-" "Mozilla/5.0 (X11; Linux x86_64) AppleWebKit/537.36 (KHTML, like Gecko) Chrome/101.0.4951.54 Safari/537.36"
::1 - - [12/May/2022:15:43:22 +0200] "POST /phpmyadmin/index.php?route=/database/sql/autocomplete HTTP/1.1" 200 3132 "-" "Mozilla/5.0 (X11; Linux x86_64) AppleWebKit/537.36 (KHTML, like Gecko) Chrome/101.0.4951.54 Safari/537.36"
::1 - - [12/May/2022:15:43:23 +0200] "POST /phpmyadmin/index.php?route=/lint HTTP/1.1" 200 1198 "-" "Mozilla/5.0 (X11; Linux x86_64) AppleWebKit/537.36 (KHTML, like Gecko) Chrome/101.0.4951.54 Safari/537.36"
127.0.0.1 - - [12/May/2022:15:49:36 +0200] "GET /php/cuiteur_1.php HTTP/1.1" 200 1571 "http://localhost:2022/index.php" "Mozilla/5.0 (X11; Ubuntu; Linux x86_64; rv:91.0) Gecko/20100101 Firefox/91.0"
127.0.0.1 - - [12/May/2022:15:49:36 +0200] "GET /images/pdac.jpg HTTP/1.1" 304 248 "http://localhost:2022/php/cuiteur_1.php" "Mozilla/5.0 (X11; Ubuntu; Linux x86_64; rv:91.0) Gecko/20100101 Firefox/91.0"
127.0.0.1 - - [12/May/2022:15:49:36 +0200] "GET /images/paulo.jpg HTTP/1.1" 304 249 "http://localhost:2022/php/cuiteur_1.php" "Mozilla/5.0 (X11; Ubuntu; Linux x86_64; rv:91.0) Gecko/20100101 Firefox/91.0"
127.0.0.1 - - [12/May/2022:15:49:36 +0200] "GET /upload/3.jpg HTTP/1.1" 304 249 "http://localhost:2022/php/cuiteur_1.php" "Mozilla/5.0 (X11; Ubuntu; Linux x86_64; rv:91.0) Gecko/20100101 Firefox/91.0"
127.0.0.1 - - [12/May/2022:15:49:36 +0200] "GET /images/speaker.png HTTP/1.1" 304 250 "http://localhost:2022/php/cuiteur_1.php" "Mozilla/5.0 (X11; Ubuntu; Linux x86_64; rv:91.0) Gecko/20100101 Firefox/91.0"
127.0.0.1 - - [12/May/2022:15:49:36 +0200] "GET /images/yoda.jpg HTTP/1.1" 304 249 "http://localhost:2022/php/cuiteur_1.php" "Mozilla/5.0 (X11; Ubuntu; Linux x86_64; rv:91.0) Gecko/20100101 Firefox/91.0"
127.0.0.1 - - [12/May/2022:15:49:36 +0200] "GET /upload/2.jpg HTTP/1.1" 304 249 "http://localhost:2022/php/cuiteur_1.php" "Mozilla/5.0 (X11; Ubuntu; Linux x86_64; rv:91.0) Gecko/20100101 Firefox/91.0"
::1 - - [12/May/2022:15:49:42 +0200] "OPTIONS * HTTP/1.0" 200 126 "-" "Apache/2.4.53 (Ubuntu) mod_fcgid/2.3.9 (internal dummy connection)"
127.0.0.1 - - [12/May/2022:15:50:01 +0200] "GET /index.html HTTP/1.1" 304 222 "http://localhost:2022/php/cuiteur_1.php" "Mozilla/5.0 (X11; Ubuntu; Linux x86_64; rv:91.0) Gecko/20100101 Firefox/91.0"
127.0.0.1 - - [12/May/2022:15:50:03 +0200] "GET /php/cuiteur_1.php HTTP/1.1" 200 1570 "http://localhost:2022/index.php" "Mozilla/5.0 (X11; Ubuntu; Linux x86_64; rv:91.0) Gecko/20100101 Firefox/91.0"
127.0.0.1 - - [12/May/2022:15:50:10 +0200] "GET /php/deconnexion.php HTTP/1.1" 302 429 "http://localhost:2022/php/cuiteur_1.php" "Mozilla/5.0 (X11; Ubuntu; Linux x86_64; rv:91.0) Gecko/20100101 Firefox/91.0"
127.0.0.1 - - [12/May/2022:15:50:10 +0200] "GET /index.php HTTP/1.1" 200 1091 "http://localhost:2022/php/cuiteur_1.php" "Mozilla/5.0 (X11; Ubuntu; Linux x86_64; rv:91.0) Gecko/20100101 Firefox/91.0"
127.0.0.1 - - [12/May/2022:15:50:16 +0200] "POST /index.php HTTP/1.1" 302 345 "http://localhost:2022/index.php" "Mozilla/5.0 (X11; Ubuntu; Linux x86_64; rv:91.0) Gecko/20100101 Firefox/91.0"
127.0.0.1 - - [12/May/2022:15:50:17 +0200] "GET /php/cuiteur_1.php HTTP/1.1" 200 1125 "http://localhost:2022/index.php" "Mozilla/5.0 (X11; Ubuntu; Linux x86_64; rv:91.0) Gecko/20100101 Firefox/91.0"
127.0.0.1 - - [12/May/2022:15:51:17 +0200] "GET /index.php HTTP/1.1" 302 345 "-" "Mozilla/5.0 (X11; Ubuntu; Linux x86_64; rv:91.0) Gecko/20100101 Firefox/91.0"
127.0.0.1 - - [12/May/2022:15:51:17 +0200] "GET /php/cuiteur_1.php HTTP/1.1" 200 1125 "-" "Mozilla/5.0 (X11; Ubuntu; Linux x86_64; rv:91.0) Gecko/20100101 Firefox/91.0"
127.0.0.1 - - [12/May/2022:15:51:24 +0200] "GET /php/deconnexion.php HTTP/1.1" 302 429 "http://localhost:2022/php/cuiteur_1.php" "Mozilla/5.0 (X11; Ubuntu; Linux x86_64; rv:91.0) Gecko/20100101 Firefox/91.0"
127.0.0.1 - - [12/May/2022:15:51:24 +0200] "GET /index.php HTTP/1.1" 200 1091 "http://localhost:2022/php/cuiteur_1.php" "Mozilla/5.0 (X11; Ubuntu; Linux x86_64; rv:91.0) Gecko/20100101 Firefox/91.0"
127.0.0.1 - - [12/May/2022:15:51:30 +0200] "POST /index.php HTTP/1.1" 302 345 "http://localhost:2022/index.php" "Mozilla/5.0 (X11; Ubuntu; Linux x86_64; rv:91.0) Gecko/20100101 Firefox/91.0"
127.0.0.1 - - [12/May/2022:15:51:31 +0200] "GET /php/cuiteur_1.php HTTP/1.1" 200 1570 "http://localhost:2022/index.php" "Mozilla/5.0 (X11; Ubuntu; Linux x86_64; rv:91.0) Gecko/20100101 Firefox/91.0"
127.0.0.1 - - [12/May/2022:15:53:29 +0200] "GET /php/cuiteur_1.php HTTP/1.1" 200 1572 "http://localhost:2022/index.php" "Mozilla/5.0 (X11; Ubuntu; Linux x86_64; rv:91.0) Gecko/20100101 Firefox/91.0"
127.0.0.1 - - [12/May/2022:15:53:29 +0200] "GET /images/pdac.jpg HTTP/1.1" 304 248 "http://localhost:2022/php/cuiteur_1.php" "Mozilla/5.0 (X11; Ubuntu; Linux x86_64; rv:91.0) Gecko/20100101 Firefox/91.0"
127.0.0.1 - - [12/May/2022:15:53:29 +0200] "GET /images/paulo.jpg HTTP/1.1" 304 249 "http://localhost:2022/php/cuiteur_1.php" "Mozilla/5.0 (X11; Ubuntu; Linux x86_64; rv:91.0) Gecko/20100101 Firefox/91.0"
127.0.0.1 - - [12/May/2022:15:53:29 +0200] "GET /images/speaker.png HTTP/1.1" 304 250 "http://localhost:2022/php/cuiteur_1.php" "Mozilla/5.0 (X11; Ubuntu; Linux x86_64; rv:91.0) Gecko/20100101 Firefox/91.0"
127.0.0.1 - - [12/May/2022:15:53:29 +0200] "GET /images/yoda.jpg HTTP/1.1" 304 249 "http://localhost:2022/php/cuiteur_1.php" "Mozilla/5.0 (X11; Ubuntu; Linux x86_64; rv:91.0) Gecko/20100101 Firefox/91.0"
127.0.0.1 - - [12/May/2022:15:53:29 +0200] "GET /upload/3.jpg HTTP/1.1" 304 249 "http://localhost:2022/php/cuiteur_1.php" "Mozilla/5.0 (X11; Ubuntu; Linux x86_64; rv:91.0) Gecko/20100101 Firefox/91.0"
127.0.0.1 - - [12/May/2022:15:53:29 +0200] "GET /upload/2.jpg HTTP/1.1" 304 249 "http://localhost:2022/php/cuiteur_1.php" "Mozilla/5.0 (X11; Ubuntu; Linux x86_64; rv:91.0) Gecko/20100101 Firefox/91.0"
127.0.0.1 - - [12/May/2022:15:53:32 +0200] "GET /php/cuiteur_1.php HTTP/1.1" 200 1571 "http://localhost:2022/index.php" "Mozilla/5.0 (X11; Ubuntu; Linux x86_64; rv:91.0) Gecko/20100101 Firefox/91.0"
127.0.0.1 - - [12/May/2022:15:53:32 +0200] "GET /images/yoda.jpg HTTP/1.1" 304 248 "http://localhost:2022/php/cuiteur_1.php" "Mozilla/5.0 (X11; Ubuntu; Linux x86_64; rv:91.0) Gecko/20100101 Firefox/91.0"
127.0.0.1 - - [12/May/2022:15:53:32 +0200] "GET /images/pdac.jpg HTTP/1.1" 304 248 "http://localhost:2022/php/cuiteur_1.php" "Mozilla/5.0 (X11; Ubuntu; Linux x86_64; rv:91.0) Gecko/20100101 Firefox/91.0"
127.0.0.1 - - [12/May/2022:15:53:32 +0200] "GET /images/paulo.jpg HTTP/1.1" 304 248 "http://localhost:2022/php/cuiteur_1.php" "Mozilla/5.0 (X11; Ubuntu; Linux x86_64; rv:91.0) Gecko/20100101 Firefox/91.0"
127.0.0.1 - - [12/May/2022:15:53:32 +0200] "GET /upload/3.jpg HTTP/1.1" 304 248 "http://localhost:2022/php/cuiteur_1.php" "Mozilla/5.0 (X11; Ubuntu; Linux x86_64; rv:91.0) Gecko/20100101 Firefox/91.0"
127.0.0.1 - - [12/May/2022:15:53:32 +0200] "GET /upload/2.jpg HTTP/1.1" 304 248 "http://localhost:2022/php/cuiteur_1.php" "Mozilla/5.0 (X11; Ubuntu; Linux x86_64; rv:91.0) Gecko/20100101 Firefox/91.0"
127.0.0.1 - - [12/May/2022:15:53:32 +0200] "GET /images/speaker.png HTTP/1.1" 304 249 "http://localhost:2022/php/cuiteur_1.php" "Mozilla/5.0 (X11; Ubuntu; Linux x86_64; rv:91.0) Gecko/20100101 Firefox/91.0"
::1 - - [12/May/2022:15:53:38 +0200] "OPTIONS * HTTP/1.0" 200 126 "-" "Apache/2.4.53 (Ubuntu) mod_fcgid/2.3.9 (internal dummy connection)"
127.0.0.1 - - [12/May/2022:15:53:42 +0200] "GET /php/cuiteur.php HTTP/1.1" 200 1031 "-" "Mozilla/5.0 (X11; Ubuntu; Linux x86_64; rv:91.0) Gecko/20100101 Firefox/91.0"
127.0.0.1 - - [12/May/2022:15:53:51 +0200] "GET /php/cuiteur_1.php HTTP/1.1" 200 1572 "http://localhost:2022/index.php" "Mozilla/5.0 (X11; Ubuntu; Linux x86_64; rv:91.0) Gecko/20100101 Firefox/91.0"
::1 - - [12/May/2022:15:54:07 +0200] "GET /php/cuiteur_1.php HTTP/1.1" 200 1142 "http://localhost:2022/index.php" "Mozilla/5.0 (X11; Linux x86_64) AppleWebKit/537.36 (KHTML, like Gecko) Chrome/101.0.4951.54 Safari/537.36"
::1 - - [12/May/2022:15:54:08 +0200] "GET /styles/cuiteur.css HTTP/1.1" 304 221 "http://localhost:2022/php/cuiteur_1.php" "Mozilla/5.0 (X11; Linux x86_64) AppleWebKit/537.36 (KHTML, like Gecko) Chrome/101.0.4951.54 Safari/537.36"
::1 - - [12/May/2022:15:54:11 +0200] "GET /php/deconnexion.php HTTP/1.1" 302 428 "http://localhost:2022/php/cuiteur_1.php" "Mozilla/5.0 (X11; Linux x86_64) AppleWebKit/537.36 (KHTML, like Gecko) Chrome/101.0.4951.54 Safari/537.36"
::1 - - [12/May/2022:15:54:11 +0200] "GET /index.php HTTP/1.1" 200 1091 "http://localhost:2022/php/cuiteur_1.php" "Mozilla/5.0 (X11; Linux x86_64) AppleWebKit/537.36 (KHTML, like Gecko) Chrome/101.0.4951.54 Safari/537.36"
::1 - - [12/May/2022:15:54:19 +0200] "POST /index.php HTTP/1.1" 302 345 "http://localhost:2022/index.php" "Mozilla/5.0 (X11; Linux x86_64) AppleWebKit/537.36 (KHTML, like Gecko) Chrome/101.0.4951.54 Safari/537.36"
::1 - - [12/May/2022:15:54:20 +0200] "GET /php/cuiteur_1.php HTTP/1.1" 200 1571 "http://localhost:2022/index.php" "Mozilla/5.0 (X11; Linux x86_64) AppleWebKit/537.36 (KHTML, like Gecko) Chrome/101.0.4951.54 Safari/537.36"
::1 - - [12/May/2022:15:54:39 +0200] "GET /php/cuiteur_1.php?page=2 HTTP/1.1" 200 1834 "http://localhost:2022/php/cuiteur_1.php" "Mozilla/5.0 (X11; Linux x86_64) AppleWebKit/537.36 (KHTML, like Gecko) Chrome/101.0.4951.54 Safari/537.36"
127.0.0.1 - - [12/May/2022:15:55:10 +0200] "POST /phpmyadmin/index.php?route=/lint HTTP/1.1" 200 1214 "-" "Mozilla/5.0 (X11; Ubuntu; Linux x86_64; rv:91.0) Gecko/20100101 Firefox/91.0"
127.0.0.1 - - [12/May/2022:15:55:14 +0200] "POST /phpmyadmin/index.php?route=/lint HTTP/1.1" 200 1329 "-" "Mozilla/5.0 (X11; Ubuntu; Linux x86_64; rv:91.0) Gecko/20100101 Firefox/91.0"
127.0.0.1 - - [12/May/2022:15:55:15 +0200] "POST /phpmyadmin/index.php?route=/lint HTTP/1.1" 200 1324 "-" "Mozilla/5.0 (X11; Ubuntu; Linux x86_64; rv:91.0) Gecko/20100101 Firefox/91.0"
127.0.0.1 - - [12/May/2022:15:55:17 +0200] "POST /phpmyadmin/index.php?route=/lint HTTP/1.1" 200 1367 "-" "Mozilla/5.0 (X11; Ubuntu; Linux x86_64; rv:91.0) Gecko/20100101 Firefox/91.0"
127.0.0.1 - - [12/May/2022:15:55:18 +0200] "POST /phpmyadmin/index.php?route=/lint HTTP/1.1" 200 1362 "-" "Mozilla/5.0 (X11; Ubuntu; Linux x86_64; rv:91.0) Gecko/20100101 Firefox/91.0"
127.0.0.1 - - [12/May/2022:15:55:22 +0200] "POST /phpmyadmin/index.php?route=/lint HTTP/1.1" 200 1370 "-" "Mozilla/5.0 (X11; Ubuntu; Linux x86_64; rv:91.0) Gecko/20100101 Firefox/91.0"
127.0.0.1 - - [12/May/2022:15:55:24 +0200] "POST /phpmyadmin/index.php?route=/lint HTTP/1.1" 200 1372 "-" "Mozilla/5.0 (X11; Ubuntu; Linux x86_64; rv:91.0) Gecko/20100101 Firefox/91.0"
127.0.0.1 - - [12/May/2022:15:55:25 +0200] "POST /phpmyadmin/index.php?route=/lint HTTP/1.1" 200 1368 "-" "Mozilla/5.0 (X11; Ubuntu; Linux x86_64; rv:91.0) Gecko/20100101 Firefox/91.0"
127.0.0.1 - - [12/May/2022:15:55:25 +0200] "POST /phpmyadmin/index.php?route=/lint HTTP/1.1" 200 1369 "-" "Mozilla/5.0 (X11; Ubuntu; Linux x86_64; rv:91.0) Gecko/20100101 Firefox/91.0"
127.0.0.1 - - [12/May/2022:15:55:31 +0200] "POST /phpmyadmin/index.php?route=/lint HTTP/1.1" 200 1333 "-" "Mozilla/5.0 (X11; Ubuntu; Linux x86_64; rv:91.0) Gecko/20100101 Firefox/91.0"
127.0.0.1 - - [12/May/2022:15:55:34 +0200] "POST /phpmyadmin/index.php?route=/lint HTTP/1.1" 200 1319 "-" "Mozilla/5.0 (X11; Ubuntu; Linux x86_64; rv:91.0) Gecko/20100101 Firefox/91.0"
127.0.0.1 - - [12/May/2022:15:55:36 +0200] "POST /phpmyadmin/index.php?route=/lint HTTP/1.1" 200 1323 "-" "Mozilla/5.0 (X11; Ubuntu; Linux x86_64; rv:91.0) Gecko/20100101 Firefox/91.0"
127.0.0.1 - - [12/May/2022:15:55:37 +0200] "POST /phpmyadmin/index.php?route=/lint HTTP/1.1" 200 1193 "-" "Mozilla/5.0 (X11; Ubuntu; Linux x86_64; rv:91.0) Gecko/20100101 Firefox/91.0"
127.0.0.1 - - [12/May/2022:15:55:39 +0200] "POST /phpmyadmin/index.php?route=/import HTTP/1.1" 200 1941 "-" "Mozilla/5.0 (X11; Ubuntu; Linux x86_64; rv:91.0) Gecko/20100101 Firefox/91.0"
127.0.0.1 - - [12/May/2022:15:55:42 +0200] "POST /phpmyadmin/index.php?route=/lint HTTP/1.1" 200 1200 "-" "Mozilla/5.0 (X11; Ubuntu; Linux x86_64; rv:91.0) Gecko/20100101 Firefox/91.0"
127.0.0.1 - - [12/May/2022:15:55:43 +0200] "POST /phpmyadmin/index.php?route=/import HTTP/1.1" 200 9923 "-" "Mozilla/5.0 (X11; Ubuntu; Linux x86_64; rv:91.0) Gecko/20100101 Firefox/91.0"
127.0.0.1 - - [12/May/2022:15:56:18 +0200] "GET /php/cuiteur.php HTTP/1.1" 200 1031 "-" "Mozilla/5.0 (X11; Ubuntu; Linux x86_64; rv:91.0) Gecko/20100101 Firefox/91.0"
127.0.0.1 - - [12/May/2022:15:56:29 +0200] "POST /phpmyadmin/index.php?route=/import HTTP/1.1" 200 9913 "-" "Mozilla/5.0 (X11; Ubuntu; Linux x86_64; rv:91.0) Gecko/20100101 Firefox/91.0"
::1 - - [12/May/2022:15:56:50 +0200] "GET /php/cuiteur_1.php?page=2 HTTP/1.1" 200 1834 "http://localhost:2022/php/cuiteur_1.php" "Mozilla/5.0 (X11; Linux x86_64) AppleWebKit/537.36 (KHTML, like Gecko) Chrome/101.0.4951.54 Safari/537.36"
::1 - - [12/May/2022:15:56:52 +0200] "GET /php/cuiteur_1.php?page=2 HTTP/1.1" 200 1833 "http://localhost:2022/php/cuiteur_1.php" "Mozilla/5.0 (X11; Linux x86_64) AppleWebKit/537.36 (KHTML, like Gecko) Chrome/101.0.4951.54 Safari/537.36"
127.0.0.1 - - [12/May/2022:15:56:56 +0200] "POST /phpmyadmin/index.php?route=/lint HTTP/1.1" 200 1194 "-" "Mozilla/5.0 (X11; Ubuntu; Linux x86_64; rv:91.0) Gecko/20100101 Firefox/91.0"
127.0.0.1 - - [12/May/2022:15:56:57 +0200] "POST /phpmyadmin/index.php?route=/lint HTTP/1.1" 200 1866 "-" "Mozilla/5.0 (X11; Ubuntu; Linux x86_64; rv:91.0) Gecko/20100101 Firefox/91.0"
127.0.0.1 - - [12/May/2022:15:56:58 +0200] "POST /phpmyadmin/index.php?route=/lint HTTP/1.1" 200 1885 "-" "Mozilla/5.0 (X11; Ubuntu; Linux x86_64; rv:91.0) Gecko/20100101 Firefox/91.0"
127.0.0.1 - - [12/May/2022:15:56:59 +0200] "POST /phpmyadmin/index.php?route=/lint HTTP/1.1" 200 1203 "-" "Mozilla/5.0 (X11; Ubuntu; Linux x86_64; rv:91.0) Gecko/20100101 Firefox/91.0"
127.0.0.1 - - [12/May/2022:15:57:01 +0200] "POST /phpmyadmin/index.php?route=/import HTTP/1.1" 200 1922 "-" "Mozilla/5.0 (X11; Ubuntu; Linux x86_64; rv:91.0) Gecko/20100101 Firefox/91.0"
::1 - - [12/May/2022:15:57:07 +0200] "GET /php/cuiteur_1.php?page=2 HTTP/1.1" 200 1834 "http://localhost:2022/php/cuiteur_1.php" "Mozilla/5.0 (X11; Linux x86_64) AppleWebKit/537.36 (KHTML, like Gecko) Chrome/101.0.4951.54 Safari/537.36"
::1 - - [12/May/2022:15:57:07 +0200] "GET /styles/cuiteur.css HTTP/1.1" 304 221 "http://localhost:2022/php/cuiteur_1.php?page=2" "Mozilla/5.0 (X11; Linux x86_64) AppleWebKit/537.36 (KHTML, like Gecko) Chrome/101.0.4951.54 Safari/537.36"
::1 - - [12/May/2022:15:57:09 +0200] "GET /php/cuiteur_1.php?page=2 HTTP/1.1" 200 1833 "http://localhost:2022/php/cuiteur_1.php" "Mozilla/5.0 (X11; Linux x86_64) AppleWebKit/537.36 (KHTML, like Gecko) Chrome/101.0.4951.54 Safari/537.36"
127.0.0.1 - - [12/May/2022:15:57:12 +0200] "POST /phpmyadmin/index.php?route=/lint HTTP/1.1" 200 1192 "-" "Mozilla/5.0 (X11; Ubuntu; Linux x86_64; rv:91.0) Gecko/20100101 Firefox/91.0"
127.0.0.1 - - [12/May/2022:15:57:12 +0200] "POST /phpmyadmin/index.php?route=/import HTTP/1.1" 200 8936 "-" "Mozilla/5.0 (X11; Ubuntu; Linux x86_64; rv:91.0) Gecko/20100101 Firefox/91.0"
127.0.0.1 - - [12/May/2022:15:57:20 +0200] "POST /phpmyadmin/index.php?route=/lint HTTP/1.1" 200 1209 "-" "Mozilla/5.0 (X11; Ubuntu; Linux x86_64; rv:91.0) Gecko/20100101 Firefox/91.0"
::1 - - [12/May/2022:15:57:29 +0200] "GET /php/cuiteur.php?page=2 HTTP/1.1" 200 1031 "-" "Mozilla/5.0 (X11; Linux x86_64) AppleWebKit/537.36 (KHTML, like Gecko) Chrome/101.0.4951.54 Safari/537.36"
127.0.0.1 - - [12/May/2022:15:57:45 +0200] "POST /phpmyadmin/index.php?route=/lint HTTP/1.1" 200 1200 "-" "Mozilla/5.0 (X11; Ubuntu; Linux x86_64; rv:91.0) Gecko/20100101 Firefox/91.0"
127.0.0.1 - - [12/May/2022:15:57:47 +0200] "POST /phpmyadmin/index.php?route=/lint HTTP/1.1" 200 1203 "-" "Mozilla/5.0 (X11; Ubuntu; Linux x86_64; rv:91.0) Gecko/20100101 Firefox/91.0"
::1 - - [12/May/2022:15:57:47 +0200] "GET /php/cuiteur.php?page=2 HTTP/1.1" 200 2093 "-" "Mozilla/5.0 (X11; Linux x86_64) AppleWebKit/537.36 (KHTML, like Gecko) Chrome/101.0.4951.54 Safari/537.36"
127.0.0.1 - - [12/May/2022:15:57:47 +0200] "POST /phpmyadmin/index.php?route=/lint HTTP/1.1" 200 1194 "-" "Mozilla/5.0 (X11; Ubuntu; Linux x86_64; rv:91.0) Gecko/20100101 Firefox/91.0"
127.0.0.1 - - [12/May/2022:15:57:48 +0200] "POST /phpmyadmin/index.php?route=/lint HTTP/1.1" 200 1214 "-" "Mozilla/5.0 (X11; Ubuntu; Linux x86_64; rv:91.0) Gecko/20100101 Firefox/91.0"
127.0.0.1 - - [12/May/2022:15:57:49 +0200] "POST /phpmyadmin/index.php?route=/import HTTP/1.1" 200 9695 "-" "Mozilla/5.0 (X11; Ubuntu; Linux x86_64; rv:91.0) Gecko/20100101 Firefox/91.0"
127.0.0.1 - - [12/May/2022:15:57:55 +0200] "POST /phpmyadmin/index.php?route=/lint HTTP/1.1" 200 1208 "-" "Mozilla/5.0 (X11; Ubuntu; Linux x86_64; rv:91.0) Gecko/20100101 Firefox/91.0"
127.0.0.1 - - [12/May/2022:15:57:56 +0200] "POST /phpmyadmin/index.php?route=/lint HTTP/1.1" 200 1194 "-" "Mozilla/5.0 (X11; Ubuntu; Linux x86_64; rv:91.0) Gecko/20100101 Firefox/91.0"
::1 - - [12/May/2022:15:57:58 +0200] "GET /phpmyadmin/themes/pmahomme/img/b_tblimport.png HTTP/1.1" 200 841 "http://localhost:2022/phpmyadmin/themes/pmahomme/css/theme.css?v=5.1.3&nocache=4145481192ltr&server=1" "Mozilla/5.0 (X11; Linux x86_64) AppleWebKit/537.36 (KHTML, like Gecko) Chrome/101.0.4951.54 Safari/537.36"
