127.0.0.1 - - [12/May/2022:15:25:19 +0200] "POST /phpmyadmin/index.php?route=/lint HTTP/1.1" 200 1211 "-" "Mozilla/5.0 (X11; Ubuntu; Linux x86_64; rv:91.0) Gecko/20100101 Firefox/91.0"
::1 - - [12/May/2022:15:25:19 +0200] "OPTIONS * HTTP/1.0" 200 126 "-" "Apache/2.4.53 (Ubuntu) mod_fcgid/2.3.9 (internal dummy connection)"
127.0.0.1 - - [12/May/2022:15:25:23 +0200] "POST /phpmyadmin/index.php?route=/lint HTTP/1.1" 200 1200 "-" "Mozilla/5.0 (X11; Ubuntu; Linux x86_64; rv:91.0) Gecko/20100101 Firefox/91.0"
127.0.0.1 - - [12/May/2022:15:25:24 +0200] "POST /phpmyadmin/index.php?route=/lint HTTP/1.1" 200 1193 "-" "Mozilla/5.0 (X11; Ubuntu; Linux x86_64; rv:91.0) Gecko/20100101 Firefox/91.0"
127.0.0.1 - - [12/May/2022:15:25:25 +0200] "POST /phpmyadmin/index.php?route=/lint HTTP/1.1" 200 1191 "-" "Mozilla/5.0 (X11; Ubuntu; Linux x86_64; rv:91.0) Gecko/20100101 Firefox/91.0"
127.0.0.1 - - [12/May/2022:15:25:26 +0200] "POST /phpmyadmin/index.php?route=/lint HTTP/1.1" 200 1191 "-" "Mozilla/5.0 (X11; Ubuntu; Linux x86_64; rv:91.0) Gecko/20100101 Firefox/91.0"
127.0.0.1 - - [12/May/2022:15:25:28 +0200] "POST /phpmyadmin/index.php?route=/lint HTTP/1.1" 200 1196 "-" "Mozilla/5.0 (X11; Ubuntu; Linux x86_64; rv:91.0) Gecko/20100101 Firefox/91.0"
127.0.0.1 - - [12/May/2022:15:25:30 +0200] "POST /phpmyadmin/index.php?route=/lint HTTP/1.1" 200 1208 "-" "Mozilla/5.0 (X11; Ubuntu; Linux x86_64; rv:91.0) Gecko/20100101 Firefox/91.0"
127.0.0.1 - - [12/May/2022:15:25:32 +0200] "POST /phpmyadmin/index.php?route=/import HTTP/1.1" 200 1746 "-" "Mozilla/5.0 (X11; Ubuntu; Linux x86_64; rv:91.0) Gecko/20100101 Firefox/91.0"
::1 - - [12/May/2022:15:25:37 +0200] "OPTIONS * HTTP/1.0" 200 126 "-" "Apache/2.4.53 (Ubuntu) mod_fcgid/2.3.9 (internal dummy connection)"
127.0.0.1 - - [12/May/2022:15:25:41 +0200] "POST /phpmyadmin/index.php?route=/lint HTTP/1.1" 200 1206 "-" "Mozilla/5.0 (X11; Ubuntu; Linux x86_64; rv:91.0) Gecko/20100101 Firefox/91.0"
127.0.0.1 - - [12/May/2022:15:25:43 +0200] "POST /phpmyadmin/index.php?route=/import HTTP/1.1" 200 1750 "-" "Mozilla/5.0 (X11; Ubuntu; Linux x86_64; rv:91.0) Gecko/20100101 Firefox/91.0"
::1 - - [12/May/2022:15:25:46 +0200] "GET /php/cuiteur_1.php HTTP/1.1" 200 1317 "http://localhost:2022/index.php" "Mozilla/5.0 (X11; Linux x86_64) AppleWebKit/537.36 (KHTML, like Gecko) Chrome/101.0.4951.54 Safari/537.36"
::1 - - [12/May/2022:15:25:46 +0200] "GET /styles/cuiteur.css HTTP/1.1" 200 2678 "http://localhost:2022/php/cuiteur_1.php" "Mozilla/5.0 (X11; Linux x86_64) AppleWebKit/537.36 (KHTML, like Gecko) Chrome/101.0.4951.54 Safari/537.36"
::1 - - [12/May/2022:15:25:46 +0200] "GET /images/anonyme.jpg HTTP/1.1" 200 1950 "http://localhost:2022/php/cuiteur_1.php" "Mozilla/5.0 (X11; Linux x86_64) AppleWebKit/537.36 (KHTML, like Gecko) Chrome/101.0.4951.54 Safari/537.36"
::1 - - [12/May/2022:15:25:46 +0200] "GET /images/yoda.jpg HTTP/1.1" 200 2654 "http://localhost:2022/php/cuiteur_1.php" "Mozilla/5.0 (X11; Linux x86_64) AppleWebKit/537.36 (KHTML, like Gecko) Chrome/101.0.4951.54 Safari/537.36"
::1 - - [12/May/2022:15:25:46 +0200] "GET /images/paulo.jpg HTTP/1.1" 200 2832 "http://localhost:2022/php/cuiteur_1.php" "Mozilla/5.0 (X11; Linux x86_64) AppleWebKit/537.36 (KHTML, like Gecko) Chrome/101.0.4951.54 Safari/537.36"
::1 - - [12/May/2022:15:25:46 +0200] "GET /images/fond.jpg HTTP/1.1" 200 43616 "http://localhost:2022/styles/cuiteur.css" "Mozilla/5.0 (X11; Linux x86_64) AppleWebKit/537.36 (KHTML, like Gecko) Chrome/101.0.4951.54 Safari/537.36"
::1 - - [12/May/2022:15:25:46 +0200] "GET /images/entete.jpg HTTP/1.1" 200 69844 "http://localhost:2022/styles/cuiteur.css" "Mozilla/5.0 (X11; Linux x86_64) AppleWebKit/537.36 (KHTML, like Gecko) Chrome/101.0.4951.54 Safari/537.36"
::1 - - [12/May/2022:15:25:46 +0200] "GET /images/deconnexion.png HTTP/1.1" 200 9423 "http://localhost:2022/styles/cuiteur.css" "Mozilla/5.0 (X11; Linux x86_64) AppleWebKit/537.36 (KHTML, like Gecko) Chrome/101.0.4951.54 Safari/537.36"
::1 - - [12/May/2022:15:25:46 +0200] "GET /images/home.png HTTP/1.1" 200 5402 "http://localhost:2022/styles/cuiteur.css" "Mozilla/5.0 (X11; Linux x86_64) AppleWebKit/537.36 (KHTML, like Gecko) Chrome/101.0.4951.54 Safari/537.36"
::1 - - [12/May/2022:15:25:46 +0200] "GET /images/cherche.png HTTP/1.1" 200 4834 "http://localhost:2022/styles/cuiteur.css" "Mozilla/5.0 (X11; Linux x86_64) AppleWebKit/537.36 (KHTML, like Gecko) Chrome/101.0.4951.54 Safari/537.36"
::1 - - [12/May/2022:15:25:46 +0200] "GET /images/config.png HTTP/1.1" 200 4924 "http://localhost:2022/styles/cuiteur.css" "Mozilla/5.0 (X11; Linux x86_64) AppleWebKit/537.36 (KHTML, like Gecko) Chrome/101.0.4951.54 Safari/537.36"
::1 - - [12/May/2022:15:25:46 +0200] "GET /images/saisie.png HTTP/1.1" 200 15289 "http://localhost:2022/styles/cuiteur.css" "Mozilla/5.0 (X11; Linux x86_64) AppleWebKit/537.36 (KHTML, like Gecko) Chrome/101.0.4951.54 Safari/537.36"
::1 - - [12/May/2022:15:25:46 +0200] "GET /images/haut_parleur.png HTTP/1.1" 200 5943 "http://localhost:2022/styles/cuiteur.css" "Mozilla/5.0 (X11; Linux x86_64) AppleWebKit/537.36 (KHTML, like Gecko) Chrome/101.0.4951.54 Safari/537.36"
::1 - - [12/May/2022:15:25:46 +0200] "GET /images/micro.jpg HTTP/1.1" 200 30030 "http://localhost:2022/styles/cuiteur.css" "Mozilla/5.0 (X11; Linux x86_64) AppleWebKit/537.36 (KHTML, like Gecko) Chrome/101.0.4951.54 Safari/537.36"
::1 - - [12/May/2022:15:25:46 +0200] "GET /images/fond_blabla.png HTTP/1.1" 200 525 "http://localhost:2022/styles/cuiteur.css" "Mozilla/5.0 (X11; Linux x86_64) AppleWebKit/537.36 (KHTML, like Gecko) Chrome/101.0.4951.54 Safari/537.36"
::1 - - [12/May/2022:15:25:46 +0200] "GET /images/pied.png HTTP/1.1" 200 20776 "http://localhost:2022/styles/cuiteur.css" "Mozilla/5.0 (X11; Linux x86_64) AppleWebKit/537.36 (KHTML, like Gecko) Chrome/101.0.4951.54 Safari/537.36"
::1 - - [12/May/2022:15:25:46 +0200] "GET /images/favicon.ico HTTP/1.1" 200 1451 "http://localhost:2022/php/cuiteur_1.php" "Mozilla/5.0 (X11; Linux x86_64) AppleWebKit/537.36 (KHTML, like Gecko) Chrome/101.0.4951.54 Safari/537.36"
::1 - - [12/May/2022:15:25:46 +0200] "GET /images/favicon.ico HTTP/1.1" 200 1450 "http://localhost:2022/php/cuiteur_1.php" "Mozilla/5.0 (X11; Linux x86_64) AppleWebKit/537.36 (KHTML, like Gecko) Chrome/101.0.4951.54 Safari/537.36"
127.0.0.1 - - [12/May/2022:15:25:53 +0200] "POST /phpmyadmin/index.php?route=/lint HTTP/1.1" 200 1478 "-" "Mozilla/5.0 (X11; Ubuntu; Linux x86_64; rv:91.0) Gecko/20100101 Firefox/91.0"
::1 - - [12/May/2022:15:25:54 +0200] "OPTIONS * HTTP/1.0" 200 126 "-" "Apache/2.4.53 (Ubuntu) mod_fcgid/2.3.9 (internal dummy connection)"
::1 - - [12/May/2022:15:25:55 +0200] "OPTIONS * HTTP/1.0" 200 126 "-" "Apache/2.4.53 (Ubuntu) mod_fcgid/2.3.9 (internal dummy connection)"
127.0.0.1 - - [12/May/2022:15:25:55 +0200] "POST /phpmyadmin/index.php?route=/lint HTTP/1.1" 200 1198 "-" "Mozilla/5.0 (X11; Ubuntu; Linux x86_64; rv:91.0) Gecko/20100101 Firefox/91.0"
127.0.0.1 - - [12/May/2022:15:25:56 +0200] "POST /phpmyadmin/index.php?route=/lint HTTP/1.1" 200 1205 "-" "Mozilla/5.0 (X11; Ubuntu; Linux x86_64; rv:91.0) Gecko/20100101 Firefox/91.0"
127.0.0.1 - - [12/May/2022:15:26:00 +0200] "POST /phpmyadmin/index.php?route=/lint HTTP/1.1" 200 1207 "-" "Mozilla/5.0 (X11; Ubuntu; Linux x86_64; rv:91.0) Gecko/20100101 Firefox/91.0"
127.0.0.1 - - [12/May/2022:15:26:02 +0200] "POST /phpmyadmin/index.php?route=/lint HTTP/1.1" 200 1193 "-" "Mozilla/5.0 (X11; Ubuntu; Linux x86_64; rv:91.0) Gecko/20100101 Firefox/91.0"
127.0.0.1 - - [12/May/2022:15:26:03 +0200] "POST /phpmyadmin/index.php?route=/lint HTTP/1.1" 200 1191 "-" "Mozilla/5.0 (X11; Ubuntu; Linux x86_64; rv:91.0) Gecko/20100101 Firefox/91.0"
::1 - - [12/May/2022:15:26:08 +0200] "OPTIONS * HTTP/1.0" 200 126 "-" "Apache/2.4.53 (Ubuntu) mod_fcgid/2.3.9 (internal dummy connection)"
127.0.0.1 - - [12/May/2022:15:26:08 +0200] "POST /phpmyadmin/index.php?route=/lint HTTP/1.1" 200 1195 "-" "Mozilla/5.0 (X11; Ubuntu; Linux x86_64; rv:91.0) Gecko/20100101 Firefox/91.0"
127.0.0.1 - - [12/May/2022:15:26:10 +0200] "POST /phpmyadmin/index.php?route=/lint HTTP/1.1" 200 1210 "-" "Mozilla/5.0 (X11; Ubuntu; Linux x86_64; rv:91.0) Gecko/20100101 Firefox/91.0"
127.0.0.1 - - [12/May/2022:15:26:15 +0200] "POST /phpmyadmin/index.php?route=/lint HTTP/1.1" 200 1200 "-" "Mozilla/5.0 (X11; Ubuntu; Linux x86_64; rv:91.0) Gecko/20100101 Firefox/91.0"
127.0.0.1 - - [12/May/2022:15:26:17 +0200] "POST /phpmyadmin/index.php?route=/import HTTP/1.1" 200 4882 "-" "Mozilla/5.0 (X11; Ubuntu; Linux x86_64; rv:91.0) Gecko/20100101 Firefox/91.0"
::1 - - [12/May/2022:15:26:31 +0200] "GET /images/haut_parleur_over.png HTTP/1.1" 200 5912 "http://localhost:2022/styles/cuiteur.css" "Mozilla/5.0 (X11; Linux x86_64) AppleWebKit/537.36 (KHTML, like Gecko) Chrome/101.0.4951.54 Safari/537.36"
::1 - - [12/May/2022:15:26:32 +0200] "POST /index.html HTTP/1.1" 200 415 "http://localhost:2022/php/cuiteur_1.php" "Mozilla/5.0 (X11; Linux x86_64) AppleWebKit/537.36 (KHTML, like Gecko) Chrome/101.0.4951.54 Safari/537.36"
127.0.0.1 - - [12/May/2022:15:26:34 +0200] "POST /phpmyadmin/index.php?route=/lint HTTP/1.1" 200 1202 "-" "Mozilla/5.0 (X11; Ubuntu; Linux x86_64; rv:91.0) Gecko/20100101 Firefox/91.0"
127.0.0.1 - - [12/May/2022:15:26:35 +0200] "POST /phpmyadmin/index.php?route=/lint HTTP/1.1" 200 1202 "-" "Mozilla/5.0 (X11; Ubuntu; Linux x86_64; rv:91.0) Gecko/20100101 Firefox/91.0"
127.0.0.1 - - [12/May/2022:15:26:35 +0200] "POST /phpmyadmin/index.php?route=/lint HTTP/1.1" 200 1194 "-" "Mozilla/5.0 (X11; Ubuntu; Linux x86_64; rv:91.0) Gecko/20100101 Firefox/91.0"
127.0.0.1 - - [12/May/2022:15:26:36 +0200] "POST /phpmyadmin/index.php?route=/import HTTP/1.1" 200 4869 "-" "Mozilla/5.0 (X11; Ubuntu; Linux x86_64; rv:91.0) Gecko/20100101 Firefox/91.0"
::1 - - [12/May/2022:15:26:36 +0200] "GET /php/cuiteur_1.php HTTP/1.1" 200 1316 "http://localhost:2022/index.php" "Mozilla/5.0 (X11; Linux x86_64) AppleWebKit/537.36 (KHTML, like Gecko) Chrome/101.0.4951.54 Safari/537.36"
::1 - - [12/May/2022:15:26:36 +0200] "GET /styles/cuiteur.css HTTP/1.1" 200 2678 "http://localhost:2022/php/cuiteur_1.php" "Mozilla/5.0 (X11; Linux x86_64) AppleWebKit/537.36 (KHTML, like Gecko) Chrome/101.0.4951.54 Safari/537.36"
::1 - - [12/May/2022:15:26:36 +0200] "GET /images/anonyme.jpg HTTP/1.1" 200 1950 "http://localhost:2022/php/cuiteur_1.php" "Mozilla/5.0 (X11; Linux x86_64) AppleWebKit/537.36 (KHTML, like Gecko) Chrome/101.0.4951.54 Safari/537.36"
::1 - - [12/May/2022:15:26:37 +0200] "GET /images/yoda.jpg HTTP/1.1" 200 2654 "http://localhost:2022/php/cuiteur_1.php" "Mozilla/5.0 (X11; Linux x86_64) AppleWebKit/537.36 (KHTML, like Gecko) Chrome/101.0.4951.54 Safari/537.36"
::1 - - [12/May/2022:15:26:37 +0200] "GET /images/paulo.jpg HTTP/1.1" 200 2832 "http://localhost:2022/php/cuiteur_1.php" "Mozilla/5.0 (X11; Linux x86_64) AppleWebKit/537.36 (KHTML, like Gecko) Chrome/101.0.4951.54 Safari/537.36"
::1 - - [12/May/2022:15:26:37 +0200] "GET /images/fond.jpg HTTP/1.1" 200 43616 "http://localhost:2022/styles/cuiteur.css" "Mozilla/5.0 (X11; Linux x86_64) AppleWebKit/537.36 (KHTML, like Gecko) Chrome/101.0.4951.54 Safari/537.36"
::1 - - [12/May/2022:15:26:37 +0200] "GET /images/entete.jpg HTTP/1.1" 200 69844 "http://localhost:2022/styles/cuiteur.css" "Mozilla/5.0 (X11; Linux x86_64) AppleWebKit/537.36 (KHTML, like Gecko) Chrome/101.0.4951.54 Safari/537.36"
::1 - - [12/May/2022:15:26:37 +0200] "GET /images/deconnexion.png HTTP/1.1" 200 9423 "http://localhost:2022/styles/cuiteur.css" "Mozilla/5.0 (X11; Linux x86_64) AppleWebKit/537.36 (KHTML, like Gecko) Chrome/101.0.4951.54 Safari/537.36"
::1 - - [12/May/2022:15:26:37 +0200] "GET /images/home.png HTTP/1.1" 200 5402 "http://localhost:2022/styles/cuiteur.css" "Mozilla/5.0 (X11; Linux x86_64) AppleWebKit/537.36 (KHTML, like Gecko) Chrome/101.0.4951.54 Safari/537.36"
::1 - - [12/May/2022:15:26:37 +0200] "GET /images/cherche.png HTTP/1.1" 200 4835 "http://localhost:2022/styles/cuiteur.css" "Mozilla/5.0 (X11; Linux x86_64) AppleWebKit/537.36 (KHTML, like Gecko) Chrome/101.0.4951.54 Safari/537.36"
::1 - - [12/May/2022:15:26:37 +0200] "GET /images/config.png HTTP/1.1" 200 4924 "http://localhost:2022/styles/cuiteur.css" "Mozilla/5.0 (X11; Linux x86_64) AppleWebKit/537.36 (KHTML, like Gecko) Chrome/101.0.4951.54 Safari/537.36"
::1 - - [12/May/2022:15:26:37 +0200] "GET /images/saisie.png HTTP/1.1" 200 15289 "http://localhost:2022/styles/cuiteur.css" "Mozilla/5.0 (X11; Linux x86_64) AppleWebKit/537.36 (KHTML, like Gecko) Chrome/101.0.4951.54 Safari/537.36"
::1 - - [12/May/2022:15:26:37 +0200] "GET /images/haut_parleur.png HTTP/1.1" 200 5943 "http://localhost:2022/styles/cuiteur.css" "Mozilla/5.0 (X11; Linux x86_64) AppleWebKit/537.36 (KHTML, like Gecko) Chrome/101.0.4951.54 Safari/537.36"
::1 - - [12/May/2022:15:26:37 +0200] "GET /images/micro.jpg HTTP/1.1" 200 30030 "http://localhost:2022/styles/cuiteur.css" "Mozilla/5.0 (X11; Linux x86_64) AppleWebKit/537.36 (KHTML, like Gecko) Chrome/101.0.4951.54 Safari/537.36"
::1 - - [12/May/2022:15:26:37 +0200] "GET /images/fond_blabla.png HTTP/1.1" 200 525 "http://localhost:2022/styles/cuiteur.css" "Mozilla/5.0 (X11; Linux x86_64) AppleWebKit/537.36 (KHTML, like Gecko) Chrome/101.0.4951.54 Safari/537.36"
::1 - - [12/May/2022:15:26:37 +0200] "GET /images/pied.png HTTP/1.1" 200 20776 "http://localhost:2022/styles/cuiteur.css" "Mozilla/5.0 (X11; Linux x86_64) AppleWebKit/537.36 (KHTML, like Gecko) Chrome/101.0.4951.54 Safari/537.36"
::1 - - [12/May/2022:15:26:37 +0200] "GET /images/favicon.ico HTTP/1.1" 200 1450 "http://localhost:2022/php/cuiteur_1.php" "Mozilla/5.0 (X11; Linux x86_64) AppleWebKit/537.36 (KHTML, like Gecko) Chrome/101.0.4951.54 Safari/537.36"
::1 - - [12/May/2022:15:26:37 +0200] "GET /images/favicon.ico HTTP/1.1" 200 1450 "http://localhost:2022/php/cuiteur_1.php" "Mozilla/5.0 (X11; Linux x86_64) AppleWebKit/537.36 (KHTML, like Gecko) Chrome/101.0.4951.54 Safari/537.36"
::1 - - [12/May/2022:15:26:44 +0200] "OPTIONS * HTTP/1.0" 200 126 "-" "Apache/2.4.53 (Ubuntu) mod_fcgid/2.3.9 (internal dummy connection)"
::1 - - [12/May/2022:15:26:45 +0200] "OPTIONS * HTTP/1.0" 200 126 "-" "Apache/2.4.53 (Ubuntu) mod_fcgid/2.3.9 (internal dummy connection)"
127.0.0.1 - - [12/May/2022:15:26:45 +0200] "POST /phpmyadmin/index.php?route=/lint HTTP/1.1" 200 1192 "-" "Mozilla/5.0 (X11; Ubuntu; Linux x86_64; rv:91.0) Gecko/20100101 Firefox/91.0"
127.0.0.1 - - [12/May/2022:15:26:46 +0200] "POST /phpmyadmin/index.php?route=/lint HTTP/1.1" 200 1199 "-" "Mozilla/5.0 (X11; Ubuntu; Linux x86_64; rv:91.0) Gecko/20100101 Firefox/91.0"
127.0.0.1 - - [12/May/2022:15:26:48 +0200] "POST /phpmyadmin/index.php?route=/lint HTTP/1.1" 200 1205 "-" "Mozilla/5.0 (X11; Ubuntu; Linux x86_64; rv:91.0) Gecko/20100101 Firefox/91.0"
127.0.0.1 - - [12/May/2022:15:26:48 +0200] "POST /phpmyadmin/index.php?route=/import HTTP/1.1" 200 4861 "-" "Mozilla/5.0 (X11; Ubuntu; Linux x86_64; rv:91.0) Gecko/20100101 Firefox/91.0"
::1 - - [12/May/2022:15:26:54 +0200] "OPTIONS * HTTP/1.0" 200 126 "-" "Apache/2.4.53 (Ubuntu) mod_fcgid/2.3.9 (internal dummy connection)"
127.0.0.1 - - [12/May/2022:15:26:55 +0200] "POST /phpmyadmin/index.php?route=/lint HTTP/1.1" 200 1205 "-" "Mozilla/5.0 (X11; Ubuntu; Linux x86_64; rv:91.0) Gecko/20100101 Firefox/91.0"
127.0.0.1 - - [12/May/2022:15:26:56 +0200] "POST /phpmyadmin/index.php?route=/lint HTTP/1.1" 200 1193 "-" "Mozilla/5.0 (X11; Ubuntu; Linux x86_64; rv:91.0) Gecko/20100101 Firefox/91.0"
127.0.0.1 - - [12/May/2022:15:26:57 +0200] "POST /phpmyadmin/index.php?route=/lint HTTP/1.1" 200 1194 "-" "Mozilla/5.0 (X11; Ubuntu; Linux x86_64; rv:91.0) Gecko/20100101 Firefox/91.0"
127.0.0.1 - - [12/May/2022:15:26:57 +0200] "POST /phpmyadmin/index.php?route=/lint HTTP/1.1" 200 1208 "-" "Mozilla/5.0 (X11; Ubuntu; Linux x86_64; rv:91.0) Gecko/20100101 Firefox/91.0"
127.0.0.1 - - [12/May/2022:15:26:58 +0200] "POST /phpmyadmin/index.php?route=/import HTTP/1.1" 200 4863 "-" "Mozilla/5.0 (X11; Ubuntu; Linux x86_64; rv:91.0) Gecko/20100101 Firefox/91.0"
127.0.0.1 - - [12/May/2022:15:27:06 +0200] "POST /phpmyadmin/index.php?route=/lint HTTP/1.1" 200 1199 "-" "Mozilla/5.0 (X11; Ubuntu; Linux x86_64; rv:91.0) Gecko/20100101 Firefox/91.0"
127.0.0.1 - - [12/May/2022:15:27:07 +0200] "POST /phpmyadmin/index.php?route=/lint HTTP/1.1" 200 1193 "-" "Mozilla/5.0 (X11; Ubuntu; Linux x86_64; rv:91.0) Gecko/20100101 Firefox/91.0"
127.0.0.1 - - [12/May/2022:15:27:08 +0200] "POST /phpmyadmin/index.php?route=/import HTTP/1.1" 200 4881 "-" "Mozilla/5.0 (X11; Ubuntu; Linux x86_64; rv:91.0) Gecko/20100101 Firefox/91.0"
127.0.0.1 - - [12/May/2022:15:27:13 +0200] "POST /phpmyadmin/index.php?route=/lint HTTP/1.1" 200 1196 "-" "Mozilla/5.0 (X11; Ubuntu; Linux x86_64; rv:91.0) Gecko/20100101 Firefox/91.0"
127.0.0.1 - - [12/May/2022:15:29:39 +0200] "POST /phpmyadmin/index.php?route=/lint HTTP/1.1" 200 1321 "-" "Mozilla/5.0 (X11; Ubuntu; Linux x86_64; rv:91.0) Gecko/20100101 Firefox/91.0"
127.0.0.1 - - [12/May/2022:15:29:40 +0200] "POST /phpmyadmin/index.php?route=/lint HTTP/1.1" 200 1198 "-" "Mozilla/5.0 (X11; Ubuntu; Linux x86_64; rv:91.0) Gecko/20100101 Firefox/91.0"
127.0.0.1 - - [12/May/2022:15:29:47 +0200] "POST /phpmyadmin/index.php?route=/lint HTTP/1.1" 200 1196 "-" "Mozilla/5.0 (X11; Ubuntu; Linux x86_64; rv:91.0) Gecko/20100101 Firefox/91.0"
127.0.0.1 - - [12/May/2022:15:29:51 +0200] "POST /phpmyadmin/index.php?route=/lint HTTP/1.1" 200 1196 "-" "Mozilla/5.0 (X11; Ubuntu; Linux x86_64; rv:91.0) Gecko/20100101 Firefox/91.0"
127.0.0.1 - - [12/May/2022:15:29:51 +0200] "POST /phpmyadmin/index.php?route=/lint HTTP/1.1" 200 1196 "-" "Mozilla/5.0 (X11; Ubuntu; Linux x86_64; rv:91.0) Gecko/20100101 Firefox/91.0"
127.0.0.1 - - [12/May/2022:15:29:54 +0200] "POST /phpmyadmin/index.php?route=/lint HTTP/1.1" 200 1195 "-" "Mozilla/5.0 (X11; Ubuntu; Linux x86_64; rv:91.0) Gecko/20100101 Firefox/91.0"
127.0.0.1 - - [12/May/2022:15:29:55 +0200] "POST /phpmyadmin/index.php?route=/lint HTTP/1.1" 200 1193 "-" "Mozilla/5.0 (X11; Ubuntu; Linux x86_64; rv:91.0) Gecko/20100101 Firefox/91.0"
127.0.0.1 - - [12/May/2022:15:29:57 +0200] "POST /phpmyadmin/index.php?route=/lint HTTP/1.1" 200 1204 "-" "Mozilla/5.0 (X11; Ubuntu; Linux x86_64; rv:91.0) Gecko/20100101 Firefox/91.0"
127.0.0.1 - - [12/May/2022:15:29:58 +0200] "POST /phpmyadmin/index.php?route=/lint HTTP/1.1" 200 1191 "-" "Mozilla/5.0 (X11; Ubuntu; Linux x86_64; rv:91.0) Gecko/20100101 Firefox/91.0"
127.0.0.1 - - [12/May/2022:15:29:59 +0200] "POST /phpmyadmin/index.php?route=/import HTTP/1.1" 200 1686 "-" "Mozilla/5.0 (X11; Ubuntu; Linux x86_64; rv:91.0) Gecko/20100101 Firefox/91.0"
127.0.0.1 - - [12/May/2022:15:31:08 +0200] "POST /phpmyadmin/index.php?route=/lint HTTP/1.1" 200 1215 "-" "Mozilla/5.0 (X11; Ubuntu; Linux x86_64; rv:91.0) Gecko/20100101 Firefox/91.0"
127.0.0.1 - - [12/May/2022:15:31:11 +0200] "POST /phpmyadmin/index.php?route=/lint HTTP/1.1" 200 1201 "-" "Mozilla/5.0 (X11; Ubuntu; Linux x86_64; rv:91.0) Gecko/20100101 Firefox/91.0"
127.0.0.1 - - [12/May/2022:15:31:12 +0200] "POST /phpmyadmin/index.php?route=/lint HTTP/1.1" 200 1201 "-" "Mozilla/5.0 (X11; Ubuntu; Linux x86_64; rv:91.0) Gecko/20100101 Firefox/91.0"
127.0.0.1 - - [12/May/2022:15:31:17 +0200] "POST /phpmyadmin/index.php?route=/lint HTTP/1.1" 200 1195 "-" "Mozilla/5.0 (X11; Ubuntu; Linux x86_64; rv:91.0) Gecko/20100101 Firefox/91.0"
127.0.0.1 - - [12/May/2022:15:31:20 +0200] "POST /phpmyadmin/index.php?route=/lint HTTP/1.1" 200 1213 "-" "Mozilla/5.0 (X11; Ubuntu; Linux x86_64; rv:91.0) Gecko/20100101 Firefox/91.0"
127.0.0.1 - - [12/May/2022:15:31:21 +0200] "POST /phpmyadmin/index.php?route=/lint HTTP/1.1" 200 1212 "-" "Mozilla/5.0 (X11; Ubuntu; Linux x86_64; rv:91.0) Gecko/20100101 Firefox/91.0"
127.0.0.1 - - [12/May/2022:15:31:22 +0200] "POST /phpmyadmin/index.php?route=/lint HTTP/1.1" 200 1209 "-" "Mozilla/5.0 (X11; Ubuntu; Linux x86_64; rv:91.0) Gecko/20100101 Firefox/91.0"
127.0.0.1 - - [12/May/2022:15:31:23 +0200] "POST /phpmyadmin/index.php?route=/lint HTTP/1.1" 200 1205 "-" "Mozilla/5.0 (X11; Ubuntu; Linux x86_64; rv:91.0) Gecko/20100101 Firefox/91.0"
127.0.0.1 - - [12/May/2022:15:31:24 +0200] "POST /phpmyadmin/index.php?route=/lint HTTP/1.1" 200 1322 "-" "Mozilla/5.0 (X11; Ubuntu; Linux x86_64; rv:91.0) Gecko/20100101 Firefox/91.0"
127.0.0.1 - - [12/May/2022:15:31:24 +0200] "POST /phpmyadmin/index.php?route=/lint HTTP/1.1" 200 1317 "-" "Mozilla/5.0 (X11; Ubuntu; Linux x86_64; rv:91.0) Gecko/20100101 Firefox/91.0"
127.0.0.1 - - [12/May/2022:15:31:26 +0200] "POST /phpmyadmin/index.php?route=/lint HTTP/1.1" 200 1207 "-" "Mozilla/5.0 (X11; Ubuntu; Linux x86_64; rv:91.0) Gecko/20100101 Firefox/91.0"
127.0.0.1 - - [12/May/2022:15:31:26 +0200] "POST /phpmyadmin/index.php?route=/lint HTTP/1.1" 200 1199 "-" "Mozilla/5.0 (X11; Ubuntu; Linux x86_64; rv:91.0) Gecko/20100101 Firefox/91.0"
127.0.0.1 - - [12/May/2022:15:31:29 +0200] "POST /phpmyadmin/index.php?route=/lint HTTP/1.1" 200 1201 "-" "Mozilla/5.0 (X11; Ubuntu; Linux x86_64; rv:91.0) Gecko/20100101 Firefox/91.0"
127.0.0.1 - - [12/May/2022:15:31:30 +0200] "POST /phpmyadmin/index.php?route=/lint HTTP/1.1" 200 1194 "-" "Mozilla/5.0 (X11; Ubuntu; Linux x86_64; rv:91.0) Gecko/20100101 Firefox/91.0"
127.0.0.1 - - [12/May/2022:15:31:31 +0200] "POST /phpmyadmin/index.php?route=/lint HTTP/1.1" 200 1196 "-" "Mozilla/5.0 (X11; Ubuntu; Linux x86_64; rv:91.0) Gecko/20100101 Firefox/91.0"
127.0.0.1 - - [12/May/2022:15:31:32 +0200] "POST /phpmyadmin/index.php?route=/lint HTTP/1.1" 200 1198 "-" "Mozilla/5.0 (X11; Ubuntu; Linux x86_64; rv:91.0) Gecko/20100101 Firefox/91.0"
127.0.0.1 - - [12/May/2022:15:31:35 +0200] "POST /phpmyadmin/index.php?route=/lint HTTP/1.1" 200 1206 "-" "Mozilla/5.0 (X11; Ubuntu; Linux x86_64; rv:91.0) Gecko/20100101 Firefox/91.0"
127.0.0.1 - - [12/May/2022:15:31:36 +0200] "POST /phpmyadmin/index.php?route=/import HTTP/1.1" 200 4896 "-" "Mozilla/5.0 (X11; Ubuntu; Linux x86_64; rv:91.0) Gecko/20100101 Firefox/91.0"
127.0.0.1 - - [12/May/2022:15:31:45 +0200] "POST /phpmyadmin/index.php?route=/lint HTTP/1.1" 200 1210 "-" "Mozilla/5.0 (X11; Ubuntu; Linux x86_64; rv:91.0) Gecko/20100101 Firefox/91.0"
127.0.0.1 - - [12/May/2022:15:31:48 +0200] "POST /phpmyadmin/index.php?route=/lint HTTP/1.1" 200 1197 "-" "Mozilla/5.0 (X11; Ubuntu; Linux x86_64; rv:91.0) Gecko/20100101 Firefox/91.0"
127.0.0.1 - - [12/May/2022:15:31:51 +0200] "POST /phpmyadmin/index.php?route=/lint HTTP/1.1" 200 1196 "-" "Mozilla/5.0 (X11; Ubuntu; Linux x86_64; rv:91.0) Gecko/20100101 Firefox/91.0"
127.0.0.1 - - [12/May/2022:15:31:55 +0200] "POST /phpmyadmin/index.php?route=/lint HTTP/1.1" 200 1197 "-" "Mozilla/5.0 (X11; Ubuntu; Linux x86_64; rv:91.0) Gecko/20100101 Firefox/91.0"
127.0.0.1 - - [12/May/2022:15:31:55 +0200] "POST /phpmyadmin/index.php?route=/import HTTP/1.1" 200 4910 "-" "Mozilla/5.0 (X11; Ubuntu; Linux x86_64; rv:91.0) Gecko/20100101 Firefox/91.0"
127.0.0.1 - - [12/May/2022:15:32:05 +0200] "POST /phpmyadmin/index.php?route=/lint HTTP/1.1" 200 1192 "-" "Mozilla/5.0 (X11; Ubuntu; Linux x86_64; rv:91.0) Gecko/20100101 Firefox/91.0"
127.0.0.1 - - [12/May/2022:15:32:06 +0200] "POST /phpmyadmin/index.php?route=/lint HTTP/1.1" 200 1208 "-" "Mozilla/5.0 (X11; Ubuntu; Linux x86_64; rv:91.0) Gecko/20100101 Firefox/91.0"
127.0.0.1 - - [12/May/2022:15:32:07 +0200] "POST /phpmyadmin/index.php?route=/lint HTTP/1.1" 200 1196 "-" "Mozilla/5.0 (X11; Ubuntu; Linux x86_64; rv:91.0) Gecko/20100101 Firefox/91.0"
127.0.0.1 - - [12/May/2022:15:32:25 +0200] "POST /phpmyadmin/index.php?route=/lint HTTP/1.1" 200 1200 "-" "Mozilla/5.0 (X11; Ubuntu; Linux x86_64; rv:91.0) Gecko/20100101 Firefox/91.0"
127.0.0.1 - - [12/May/2022:15:32:44 +0200] "POST /phpmyadmin/index.php?route=/lint HTTP/1.1" 200 1200 "-" "Mozilla/5.0 (X11; Ubuntu; Linux x86_64; rv:91.0) Gecko/20100101 Firefox/91.0"
127.0.0.1 - - [12/May/2022:15:32:45 +0200] "POST /phpmyadmin/index.php?route=/lint HTTP/1.1" 200 1194 "-" "Mozilla/5.0 (X11; Ubuntu; Linux x86_64; rv:91.0) Gecko/20100101 Firefox/91.0"
127.0.0.1 - - [12/May/2022:15:33:10 +0200] "POST /phpmyadmin/index.php?route=/lint HTTP/1.1" 200 1204 "-" "Mozilla/5.0 (X11; Ubuntu; Linux x86_64; rv:91.0) Gecko/20100101 Firefox/91.0"
127.0.0.1 - - [12/May/2022:15:33:13 +0200] "POST /phpmyadmin/index.php?route=/lint HTTP/1.1" 200 1209 "-" "Mozilla/5.0 (X11; Ubuntu; Linux x86_64; rv:91.0) Gecko/20100101 Firefox/91.0"
127.0.0.1 - - [12/May/2022:15:33:14 +0200] "POST /phpmyadmin/index.php?route=/lint HTTP/1.1" 200 1194 "-" "Mozilla/5.0 (X11; Ubuntu; Linux x86_64; rv:91.0) Gecko/20100101 Firefox/91.0"
127.0.0.1 - - [12/May/2022:15:33:14 +0200] "POST /phpmyadmin/index.php?route=/lint HTTP/1.1" 200 1199 "-" "Mozilla/5.0 (X11; Ubuntu; Linux x86_64; rv:91.0) Gecko/20100101 Firefox/91.0"
127.0.0.1 - - [12/May/2022:15:33:16 +0200] "POST /phpmyadmin/index.php?route=/import HTTP/1.1" 200 3991 "-" "Mozilla/5.0 (X11; Ubuntu; Linux x86_64; rv:91.0) Gecko/20100101 Firefox/91.0"
127.0.0.1 - - [12/May/2022:15:33:27 +0200] "POST /phpmyadmin/index.php?route=/lint HTTP/1.1" 200 1194 "-" "Mozilla/5.0 (X11; Ubuntu; Linux x86_64; rv:91.0) Gecko/20100101 Firefox/91.0"
127.0.0.1 - - [12/May/2022:15:33:29 +0200] "POST /phpmyadmin/index.php?route=/lint HTTP/1.1" 200 1203 "-" "Mozilla/5.0 (X11; Ubuntu; Linux x86_64; rv:91.0) Gecko/20100101 Firefox/91.0"
127.0.0.1 - - [12/May/2022:15:33:29 +0200] "POST /phpmyadmin/index.php?route=/lint HTTP/1.1" 200 1210 "-" "Mozilla/5.0 (X11; Ubuntu; Linux x86_64; rv:91.0) Gecko/20100101 Firefox/91.0"
127.0.0.1 - - [12/May/2022:15:33:32 +0200] "POST /phpmyadmin/index.php?route=/lint HTTP/1.1" 200 1202 "-" "Mozilla/5.0 (X11; Ubuntu; Linux x86_64; rv:91.0) Gecko/20100101 Firefox/91.0"
127.0.0.1 - - [12/May/2022:15:33:34 +0200] "POST /phpmyadmin/index.php?route=/lint HTTP/1.1" 200 1202 "-" "Mozilla/5.0 (X11; Ubuntu; Linux x86_64; rv:91.0) Gecko/20100101 Firefox/91.0"
127.0.0.1 - - [12/May/2022:15:33:35 +0200] "POST /phpmyadmin/index.php?route=/import HTTP/1.1" 200 1845 "-" "Mozilla/5.0 (X11; Ubuntu; Linux x86_64; rv:91.0) Gecko/20100101 Firefox/91.0"
127.0.0.1 - - [12/May/2022:15:33:52 +0200] "POST /phpmyadmin/index.php?route=/lint HTTP/1.1" 200 1212 "-" "Mozilla/5.0 (X11; Ubuntu; Linux x86_64; rv:91.0) Gecko/20100101 Firefox/91.0"
127.0.0.1 - - [12/May/2022:15:33:52 +0200] "POST /phpmyadmin/index.php?route=/import HTTP/1.1" 200 8209 "-" "Mozilla/5.0 (X11; Ubuntu; Linux x86_64; rv:91.0) Gecko/20100101 Firefox/91.0"
127.0.0.1 - - [12/May/2022:15:34:33 +0200] "POST /phpmyadmin/index.php?route=/lint HTTP/1.1" 200 1197 "-" "Mozilla/5.0 (X11; Ubuntu; Linux x86_64; rv:91.0) Gecko/20100101 Firefox/91.0"
127.0.0.1 - - [12/May/2022:15:34:33 +0200] "POST /phpmyadmin/index.php?route=/lint HTTP/1.1" 200 1196 "-" "Mozilla/5.0 (X11; Ubuntu; Linux x86_64; rv:91.0) Gecko/20100101 Firefox/91.0"
127.0.0.1 - - [12/May/2022:15:34:39 +0200] "POST /phpmyadmin/index.php?route=/lint HTTP/1.1" 200 1194 "-" "Mozilla/5.0 (X11; Ubuntu; Linux x86_64; rv:91.0) Gecko/20100101 Firefox/91.0"
127.0.0.1 - - [12/May/2022:15:34:41 +0200] "POST /phpmyadmin/index.php?route=/lint HTTP/1.1" 200 1202 "-" "Mozilla/5.0 (X11; Ubuntu; Linux x86_64; rv:91.0) Gecko/20100101 Firefox/91.0"
127.0.0.1 - - [12/May/2022:15:34:41 +0200] "POST /phpmyadmin/index.php?route=/import HTTP/1.1" 200 3975 "-" "Mozilla/5.0 (X11; Ubuntu; Linux x86_64; rv:91.0) Gecko/20100101 Firefox/91.0"
::1 - - [12/May/2022:15:34:50 +0200] "GET /phpmyadmin/ HTTP/1.1" 200 6173 "-" "Mozilla/5.0 (X11; Linux x86_64) AppleWebKit/537.36 (KHTML, like Gecko) Chrome/101.0.4951.54 Safari/537.36"
::1 - - [12/May/2022:15:34:51 +0200] "GET /phpmyadmin/js/messages.php?l=fr&v=5.1.3 HTTP/1.1" 200 9487 "-" "Mozilla/5.0 (X11; Linux x86_64) AppleWebKit/537.36 (KHTML, like Gecko) Chrome/101.0.4951.54 Safari/537.36"
::1 - - [12/May/2022:15:35:16 +0200] "POST /phpmyadmin/index.php?route=/ HTTP/1.1" 200 6406 "-" "Mozilla/5.0 (X11; Linux x86_64) AppleWebKit/537.36 (KHTML, like Gecko) Chrome/101.0.4951.54 Safari/537.36"
::1 - - [12/May/2022:15:35:25 +0200] "POST /phpmyadmin/index.php?route=/ HTTP/1.1" 302 1128 "-" "Mozilla/5.0 (X11; Linux x86_64) AppleWebKit/537.36 (KHTML, like Gecko) Chrome/101.0.4951.54 Safari/537.36"
::1 - - [12/May/2022:15:35:25 +0200] "GET /phpmyadmin/index.php?route=/&route=%2F HTTP/1.1" 200 18192 "-" "Mozilla/5.0 (X11; Linux x86_64) AppleWebKit/537.36 (KHTML, like Gecko) Chrome/101.0.4951.54 Safari/537.36"
::1 - - [12/May/2022:15:35:25 +0200] "GET /phpmyadmin/themes/pmahomme/css/theme.css?v=5.1.3&nocache=4145481192ltr&server=1 HTTP/1.1" 200 37908 "-" "Mozilla/5.0 (X11; Linux x86_64) AppleWebKit/537.36 (KHTML, like Gecko) Chrome/101.0.4951.54 Safari/537.36"
::1 - - [12/May/2022:15:35:26 +0200] "GET /phpmyadmin/themes/pmahomme/img/logo_left.png HTTP/1.1" 200 2998 "-" "Mozilla/5.0 (X11; Linux x86_64) AppleWebKit/537.36 (KHTML, like Gecko) Chrome/101.0.4951.54 Safari/537.36"
::1 - - [12/May/2022:15:35:26 +0200] "GET /phpmyadmin/themes/pmahomme/img/left_nav_bg.png HTTP/1.1" 200 429 "http://localhost:2022/phpmyadmin/themes/pmahomme/css/theme.css?v=5.1.3&nocache=4145481192ltr&server=1" "Mozilla/5.0 (X11; Linux x86_64) AppleWebKit/537.36 (KHTML, like Gecko) Chrome/101.0.4951.54 Safari/537.36"
::1 - - [12/May/2022:15:35:26 +0200] "GET /phpmyadmin/themes/pmahomme/img/b_home.png HTTP/1.1" 200 1019 "http://localhost:2022/phpmyadmin/themes/pmahomme/css/theme.css?v=5.1.3&nocache=4145481192ltr&server=1" "Mozilla/5.0 (X11; Linux x86_64) AppleWebKit/537.36 (KHTML, like Gecko) Chrome/101.0.4951.54 Safari/537.36"
::1 - - [12/May/2022:15:35:26 +0200] "GET /phpmyadmin/themes/pmahomme/img/b_docs.png HTTP/1.1" 200 989 "http://localhost:2022/phpmyadmin/themes/pmahomme/css/theme.css?v=5.1.3&nocache=4145481192ltr&server=1" "Mozilla/5.0 (X11; Linux x86_64) AppleWebKit/537.36 (KHTML, like Gecko) Chrome/101.0.4951.54 Safari/537.36"
::1 - - [12/May/2022:15:35:26 +0200] "GET /phpmyadmin/themes/pmahomme/img/s_loggoff.png HTTP/1.1" 200 911 "http://localhost:2022/phpmyadmin/themes/pmahomme/css/theme.css?v=5.1.3&nocache=4145481192ltr&server=1" "Mozilla/5.0 (X11; Linux x86_64) AppleWebKit/537.36 (KHTML, like Gecko) Chrome/101.0.4951.54 Safari/537.36"
::1 - - [12/May/2022:15:35:26 +0200] "GET /phpmyadmin/themes/pmahomme/img/b_sqlhelp.png HTTP/1.1" 200 797 "http://localhost:2022/phpmyadmin/themes/pmahomme/css/theme.css?v=5.1.3&nocache=4145481192ltr&server=1" "Mozilla/5.0 (X11; Linux x86_64) AppleWebKit/537.36 (KHTML, like Gecko) Chrome/101.0.4951.54 Safari/537.36"
::1 - - [12/May/2022:15:35:26 +0200] "GET /phpmyadmin/themes/pmahomme/img/s_cog.png HTTP/1.1" 200 727 "http://localhost:2022/phpmyadmin/themes/pmahomme/css/theme.css?v=5.1.3&nocache=4145481192ltr&server=1" "Mozilla/5.0 (X11; Linux x86_64) AppleWebKit/537.36 (KHTML, like Gecko) Chrome/101.0.4951.54 Safari/537.36"
::1 - - [12/May/2022:15:35:26 +0200] "GET /phpmyadmin/themes/pmahomme/img/s_reload.png HTTP/1.1" 200 811 "http://localhost:2022/phpmyadmin/themes/pmahomme/css/theme.css?v=5.1.3&nocache=4145481192ltr&server=1" "Mozilla/5.0 (X11; Linux x86_64) AppleWebKit/537.36 (KHTML, like Gecko) Chrome/101.0.4951.54 Safari/537.36"
::1 - - [12/May/2022:15:35:26 +0200] "GET /phpmyadmin/themes/pmahomme/img/s_link.png HTTP/1.1" 200 564 "http://localhost:2022/phpmyadmin/themes/pmahomme/css/theme.css?v=5.1.3&nocache=4145481192ltr&server=1" "Mozilla/5.0 (X11; Linux x86_64) AppleWebKit/537.36 (KHTML, like Gecko) Chrome/101.0.4951.54 Safari/537.36"
::1 - - [12/May/2022:15:35:26 +0200] "GET /phpmyadmin/themes/pmahomme/img/b_plus.png HTTP/1.1" 200 426 "http://localhost:2022/phpmyadmin/themes/pmahomme/css/theme.css?v=5.1.3&nocache=4145481192ltr&server=1" "Mozilla/5.0 (X11; Linux x86_64) AppleWebKit/537.36 (KHTML, like Gecko) Chrome/101.0.4951.54 Safari/537.36"
::1 - - [12/May/2022:15:35:26 +0200] "GET /phpmyadmin/themes/pmahomme/img/s_db.png HTTP/1.1" 200 612 "http://localhost:2022/phpmyadmin/themes/pmahomme/css/theme.css?v=5.1.3&nocache=4145481192ltr&server=1" "Mozilla/5.0 (X11; Linux x86_64) AppleWebKit/537.36 (KHTML, like Gecko) Chrome/101.0.4951.54 Safari/537.36"
::1 - - [12/May/2022:15:35:26 +0200] "GET /phpmyadmin/themes/pmahomme/img/s_host.png HTTP/1.1" 200 875 "http://localhost:2022/phpmyadmin/themes/pmahomme/css/theme.css?v=5.1.3&nocache=4145481192ltr&server=1" "Mozilla/5.0 (X11; Linux x86_64) AppleWebKit/537.36 (KHTML, like Gecko) Chrome/101.0.4951.54 Safari/537.36"
::1 - - [12/May/2022:15:35:26 +0200] "GET /phpmyadmin/themes/pmahomme/img/s_top.png HTTP/1.1" 200 503 "http://localhost:2022/phpmyadmin/themes/pmahomme/css/theme.css?v=5.1.3&nocache=4145481192ltr&server=1" "Mozilla/5.0 (X11; Linux x86_64) AppleWebKit/537.36 (KHTML, like Gecko) Chrome/101.0.4951.54 Safari/537.36"
::1 - - [12/May/2022:15:35:26 +0200] "GET /phpmyadmin/themes/pmahomme/img/console.png HTTP/1.1" 200 576 "http://localhost:2022/phpmyadmin/themes/pmahomme/css/theme.css?v=5.1.3&nocache=4145481192ltr&server=1" "Mozilla/5.0 (X11; Linux x86_64) AppleWebKit/537.36 (KHTML, like Gecko) Chrome/101.0.4951.54 Safari/537.36"
::1 - - [12/May/2022:15:35:27 +0200] "GET /phpmyadmin/themes/pmahomme/img/s_passwd.png HTTP/1.1" 200 615 "http://localhost:2022/phpmyadmin/themes/pmahomme/css/theme.css?v=5.1.3&nocache=4145481192ltr&server=1" "Mozilla/5.0 (X11; Linux x86_64) AppleWebKit/537.36 (KHTML, like Gecko) Chrome/101.0.4951.54 Safari/537.36"
::1 - - [12/May/2022:15:35:27 +0200] "GET /phpmyadmin/themes/pmahomme/img/s_asci.png HTTP/1.1" 200 431 "http://localhost:2022/phpmyadmin/themes/pmahomme/css/theme.css?v=5.1.3&nocache=4145481192ltr&server=1" "Mozilla/5.0 (X11; Linux x86_64) AppleWebKit/537.36 (KHTML, like Gecko) Chrome/101.0.4951.54 Safari/537.36"
::1 - - [12/May/2022:15:35:27 +0200] "GET /phpmyadmin/themes/pmahomme/img/b_tblops.png HTTP/1.1" 200 821 "http://localhost:2022/phpmyadmin/themes/pmahomme/css/theme.css?v=5.1.3&nocache=4145481192ltr&server=1" "Mozilla/5.0 (X11; Linux x86_64) AppleWebKit/537.36 (KHTML, like Gecko) Chrome/101.0.4951.54 Safari/537.36"
::1 - - [12/May/2022:15:35:27 +0200] "GET /phpmyadmin/themes/pmahomme/img/s_lang.png HTTP/1.1" 200 943 "http://localhost:2022/phpmyadmin/themes/pmahomme/css/theme.css?v=5.1.3&nocache=4145481192ltr&server=1" "Mozilla/5.0 (X11; Linux x86_64) AppleWebKit/537.36 (KHTML, like Gecko) Chrome/101.0.4951.54 Safari/537.36"
::1 - - [12/May/2022:15:35:27 +0200] "GET /phpmyadmin/themes/pmahomme/img/s_theme.png HTTP/1.1" 200 1056 "http://localhost:2022/phpmyadmin/themes/pmahomme/css/theme.css?v=5.1.3&nocache=4145481192ltr&server=1" "Mozilla/5.0 (X11; Linux x86_64) AppleWebKit/537.36 (KHTML, like Gecko) Chrome/101.0.4951.54 Safari/537.36"
::1 - - [12/May/2022:15:35:27 +0200] "GET /phpmyadmin/themes/pmahomme/img/s_notice.png HTTP/1.1" 200 851 "http://localhost:2022/phpmyadmin/themes/pmahomme/css/theme.css?v=5.1.3&nocache=4145481192ltr&server=1" "Mozilla/5.0 (X11; Linux x86_64) AppleWebKit/537.36 (KHTML, like Gecko) Chrome/101.0.4951.54 Safari/537.36"
::1 - - [12/May/2022:15:35:27 +0200] "GET /phpmyadmin/themes/pmahomme/img/window-new.png HTTP/1.1" 200 752 "http://localhost:2022/phpmyadmin/themes/pmahomme/css/theme.css?v=5.1.3&nocache=4145481192ltr&server=1" "Mozilla/5.0 (X11; Linux x86_64) AppleWebKit/537.36 (KHTML, like Gecko) Chrome/101.0.4951.54 Safari/537.36"
::1 - - [12/May/2022:15:35:27 +0200] "POST /phpmyadmin/index.php?route=/config/get HTTP/1.1" 200 2674 "-" "Mozilla/5.0 (X11; Linux x86_64) AppleWebKit/537.36 (KHTML, like Gecko) Chrome/101.0.4951.54 Safari/537.36"
::1 - - [12/May/2022:15:35:27 +0200] "POST /phpmyadmin/index.php?route=/navigation&ajax_request=1 HTTP/1.1" 200 3280 "-" "Mozilla/5.0 (X11; Linux x86_64) AppleWebKit/537.36 (KHTML, like Gecko) Chrome/101.0.4951.54 Safari/537.36"
::1 - - [12/May/2022:15:35:27 +0200] "POST /phpmyadmin/index.php?route=/config/get HTTP/1.1" 200 2773 "-" "Mozilla/5.0 (X11; Linux x86_64) AppleWebKit/537.36 (KHTML, like Gecko) Chrome/101.0.4951.54 Safari/537.36"
::1 - - [12/May/2022:15:35:27 +0200] "POST /phpmyadmin/index.php?route=/version-check HTTP/1.1" 200 1221 "-" "Mozilla/5.0 (X11; Linux x86_64) AppleWebKit/537.36 (KHTML, like Gecko) Chrome/101.0.4951.54 Safari/537.36"
::1 - - [12/May/2022:15:35:27 +0200] "POST /phpmyadmin/index.php?route=/config/set HTTP/1.1" 200 2677 "-" "Mozilla/5.0 (X11; Linux x86_64) AppleWebKit/537.36 (KHTML, like Gecko) Chrome/101.0.4951.54 Safari/537.36"
127.0.0.1 - - [12/May/2022:15:35:28 +0200] "POST /phpmyadmin/index.php?route=/lint HTTP/1.1" 200 1545 "-" "Mozilla/5.0 (X11; Ubuntu; Linux x86_64; rv:91.0) Gecko/20100101 Firefox/91.0"
::1 - - [12/May/2022:15:35:31 +0200] "GET /phpmyadmin/themes/pmahomme/img/ajax_clock_small.gif HTTP/1.1" 200 2095 "http://localhost:2022/phpmyadmin/themes/pmahomme/css/theme.css?v=5.1.3&nocache=4145481192ltr&server=1" "Mozilla/5.0 (X11; Linux x86_64) AppleWebKit/537.36 (KHTML, like Gecko) Chrome/101.0.4951.54 Safari/537.36"
::1 - - [12/May/2022:15:35:32 +0200] "GET /phpmyadmin/index.php?route=/database/structure&server=1&db=cuiteur_bd&ajax_request=true&ajax_page_request=true&_nocache=1652362531752625565&token=782b4e786f316c6c4a794c2344485766 HTTP/1.1" 200 7048 "-" "Mozilla/5.0 (X11; Linux x86_64) AppleWebKit/537.36 (KHTML, like Gecko) Chrome/101.0.4951.54 Safari/537.36"
127.0.0.1 - - [12/May/2022:15:35:32 +0200] "POST /phpmyadmin/index.php?route=/lint HTTP/1.1" 200 1525 "-" "Mozilla/5.0 (X11; Ubuntu; Linux x86_64; rv:91.0) Gecko/20100101 Firefox/91.0"
::1 - - [12/May/2022:15:35:32 +0200] "GET /phpmyadmin/themes/pmahomme/img/s_asc.png HTTP/1.1" 200 430 "http://localhost:2022/phpmyadmin/themes/pmahomme/css/theme.css?v=5.1.3&nocache=4145481192ltr&server=1" "Mozilla/5.0 (X11; Linux x86_64) AppleWebKit/537.36 (KHTML, like Gecko) Chrome/101.0.4951.54 Safari/537.36"
::1 - - [12/May/2022:15:35:32 +0200] "GET /phpmyadmin/themes/pmahomme/img/b_no_favorite.png HTTP/1.1" 200 662 "http://localhost:2022/phpmyadmin/themes/pmahomme/css/theme.css?v=5.1.3&nocache=4145481192ltr&server=1" "Mozilla/5.0 (X11; Linux x86_64) AppleWebKit/537.36 (KHTML, like Gecko) Chrome/101.0.4951.54 Safari/537.36"
::1 - - [12/May/2022:15:35:32 +0200] "GET /phpmyadmin/themes/pmahomme/img/b_browse.png HTTP/1.1" 200 771 "http://localhost:2022/phpmyadmin/themes/pmahomme/css/theme.css?v=5.1.3&nocache=4145481192ltr&server=1" "Mozilla/5.0 (X11; Linux x86_64) AppleWebKit/537.36 (KHTML, like Gecko) Chrome/101.0.4951.54 Safari/537.36"
::1 - - [12/May/2022:15:35:32 +0200] "GET /phpmyadmin/themes/pmahomme/img/b_props.png HTTP/1.1" 200 858 "http://localhost:2022/phpmyadmin/themes/pmahomme/css/theme.css?v=5.1.3&nocache=4145481192ltr&server=1" "Mozilla/5.0 (X11; Linux x86_64) AppleWebKit/537.36 (KHTML, like Gecko) Chrome/101.0.4951.54 Safari/537.36"
::1 - - [12/May/2022:15:35:32 +0200] "GET /phpmyadmin/themes/pmahomme/img/b_select.png HTTP/1.1" 200 878 "http://localhost:2022/phpmyadmin/themes/pmahomme/css/theme.css?v=5.1.3&nocache=4145481192ltr&server=1" "Mozilla/5.0 (X11; Linux x86_64) AppleWebKit/537.36 (KHTML, like Gecko) Chrome/101.0.4951.54 Safari/537.36"
::1 - - [12/May/2022:15:35:32 +0200] "GET /phpmyadmin/themes/pmahomme/img/b_insrow.png HTTP/1.1" 200 440 "http://localhost:2022/phpmyadmin/themes/pmahomme/css/theme.css?v=5.1.3&nocache=4145481192ltr&server=1" "Mozilla/5.0 (X11; Linux x86_64) AppleWebKit/537.36 (KHTML, like Gecko) Chrome/101.0.4951.54 Safari/537.36"
::1 - - [12/May/2022:15:35:32 +0200] "GET /phpmyadmin/themes/pmahomme/img/b_empty.png HTTP/1.1" 200 805 "http://localhost:2022/phpmyadmin/themes/pmahomme/css/theme.css?v=5.1.3&nocache=4145481192ltr&server=1" "Mozilla/5.0 (X11; Linux x86_64) AppleWebKit/537.36 (KHTML, like Gecko) Chrome/101.0.4951.54 Safari/537.36"
::1 - - [12/May/2022:15:35:32 +0200] "GET /phpmyadmin/themes/pmahomme/img/b_drop.png HTTP/1.1" 200 921 "http://localhost:2022/phpmyadmin/themes/pmahomme/css/theme.css?v=5.1.3&nocache=4145481192ltr&server=1" "Mozilla/5.0 (X11; Linux x86_64) AppleWebKit/537.36 (KHTML, like Gecko) Chrome/101.0.4951.54 Safari/537.36"
::1 - - [12/May/2022:15:35:32 +0200] "GET /phpmyadmin/themes/pmahomme/img/b_print.png HTTP/1.1" 200 923 "http://localhost:2022/phpmyadmin/themes/pmahomme/css/theme.css?v=5.1.3&nocache=4145481192ltr&server=1" "Mozilla/5.0 (X11; Linux x86_64) AppleWebKit/537.36 (KHTML, like Gecko) Chrome/101.0.4951.54 Safari/537.36"
::1 - - [12/May/2022:15:35:32 +0200] "GET /phpmyadmin/themes/pmahomme/img/arrow_ltr.png HTTP/1.1" 200 384 "-" "Mozilla/5.0 (X11; Linux x86_64) AppleWebKit/537.36 (KHTML, like Gecko) Chrome/101.0.4951.54 Safari/537.36"
::1 - - [12/May/2022:15:35:32 +0200] "GET /phpmyadmin/themes/pmahomme/img/b_table_add.png HTTP/1.1" 200 855 "http://localhost:2022/phpmyadmin/themes/pmahomme/css/theme.css?v=5.1.3&nocache=4145481192ltr&server=1" "Mozilla/5.0 (X11; Linux x86_64) AppleWebKit/537.36 (KHTML, like Gecko) Chrome/101.0.4951.54 Safari/537.36"
::1 - - [12/May/2022:15:35:32 +0200] "POST /phpmyadmin/index.php?route=/navigation&ajax_request=1 HTTP/1.1" 200 3207 "-" "Mozilla/5.0 (X11; Linux x86_64) AppleWebKit/537.36 (KHTML, like Gecko) Chrome/101.0.4951.54 Safari/537.36"
::1 - - [12/May/2022:15:35:32 +0200] "GET /phpmyadmin/themes/pmahomme/img/b_tblanalyse.png HTTP/1.1" 200 435 "http://localhost:2022/phpmyadmin/themes/pmahomme/css/theme.css?v=5.1.3&nocache=4145481192ltr&server=1" "Mozilla/5.0 (X11; Linux x86_64) AppleWebKit/537.36 (KHTML, like Gecko) Chrome/101.0.4951.54 Safari/537.36"
::1 - - [12/May/2022:15:35:32 +0200] "GET /phpmyadmin/js/dist/database/structure.js?v=5.1.3 HTTP/1.1" 200 4430 "-" "Mozilla/5.0 (X11; Linux x86_64) AppleWebKit/537.36 (KHTML, like Gecko) Chrome/101.0.4951.54 Safari/537.36"
::1 - - [12/May/2022:15:35:32 +0200] "GET /phpmyadmin/js/dist/table/change.js?v=5.1.3 HTTP/1.1" 200 8404 "-" "Mozilla/5.0 (X11; Linux x86_64) AppleWebKit/537.36 (KHTML, like Gecko) Chrome/101.0.4951.54 Safari/537.36"
::1 - - [12/May/2022:15:35:32 +0200] "GET /phpmyadmin/themes/pmahomme/img/b_minus.png HTTP/1.1" 200 406 "http://localhost:2022/phpmyadmin/themes/pmahomme/css/theme.css?v=5.1.3&nocache=4145481192ltr&server=1" "Mozilla/5.0 (X11; Linux x86_64) AppleWebKit/537.36 (KHTML, like Gecko) Chrome/101.0.4951.54 Safari/537.36"
127.0.0.1 - - [12/May/2022:15:35:34 +0200] "POST /phpmyadmin/index.php?route=/lint HTTP/1.1" 200 1475 "-" "Mozilla/5.0 (X11; Ubuntu; Linux x86_64; rv:91.0) Gecko/20100101 Firefox/91.0"
::1 - - [12/May/2022:15:35:34 +0200] "GET /phpmyadmin/themes/pmahomme/img/b_sql.png HTTP/1.1" 200 964 "http://localhost:2022/phpmyadmin/themes/pmahomme/css/theme.css?v=5.1.3&nocache=4145481192ltr&server=1" "Mozilla/5.0 (X11; Linux x86_64) AppleWebKit/537.36 (KHTML, like Gecko) Chrome/101.0.4951.54 Safari/537.36"
::1 - - [12/May/2022:15:35:34 +0200] "GET /phpmyadmin/themes/pmahomme/img/b_search.png HTTP/1.1" 200 822 "http://localhost:2022/phpmyadmin/themes/pmahomme/css/theme.css?v=5.1.3&nocache=4145481192ltr&server=1" "Mozilla/5.0 (X11; Linux x86_64) AppleWebKit/537.36 (KHTML, like Gecko) Chrome/101.0.4951.54 Safari/537.36"
::1 - - [12/May/2022:15:35:34 +0200] "GET /phpmyadmin/themes/pmahomme/img/b_import.png HTTP/1.1" 200 840 "http://localhost:2022/phpmyadmin/themes/pmahomme/css/theme.css?v=5.1.3&nocache=4145481192ltr&server=1" "Mozilla/5.0 (X11; Linux x86_64) AppleWebKit/537.36 (KHTML, like Gecko) Chrome/101.0.4951.54 Safari/537.36"
::1 - - [12/May/2022:15:35:34 +0200] "GET /phpmyadmin/themes/pmahomme/img/b_routines.png HTTP/1.1" 200 590 "http://localhost:2022/phpmyadmin/themes/pmahomme/css/theme.css?v=5.1.3&nocache=4145481192ltr&server=1" "Mozilla/5.0 (X11; Linux x86_64) AppleWebKit/537.36 (KHTML, like Gecko) Chrome/101.0.4951.54 Safari/537.36"
::1 - - [12/May/2022:15:35:34 +0200] "GET /phpmyadmin/themes/pmahomme/img/b_export.png HTTP/1.1" 200 798 "http://localhost:2022/phpmyadmin/themes/pmahomme/css/theme.css?v=5.1.3&nocache=4145481192ltr&server=1" "Mozilla/5.0 (X11; Linux x86_64) AppleWebKit/537.36 (KHTML, like Gecko) Chrome/101.0.4951.54 Safari/537.36"
::1 - - [12/May/2022:15:35:34 +0200] "GET /phpmyadmin/themes/pmahomme/img/b_relations.png HTTP/1.1" 200 423 "http://localhost:2022/phpmyadmin/themes/pmahomme/css/theme.css?v=5.1.3&nocache=4145481192ltr&server=1" "Mozilla/5.0 (X11; Linux x86_64) AppleWebKit/537.36 (KHTML, like Gecko) Chrome/101.0.4951.54 Safari/537.36"
127.0.0.1 - - [12/May/2022:15:35:35 +0200] "POST /phpmyadmin/index.php?route=/lint HTTP/1.1" 200 1440 "-" "Mozilla/5.0 (X11; Ubuntu; Linux x86_64; rv:91.0) Gecko/20100101 Firefox/91.0"
127.0.0.1 - - [12/May/2022:15:35:37 +0200] "POST /phpmyadmin/index.php?route=/lint HTTP/1.1" 200 1390 "-" "Mozilla/5.0 (X11; Ubuntu; Linux x86_64; rv:91.0) Gecko/20100101 Firefox/91.0"
::1 - - [12/May/2022:15:35:38 +0200] "GET /phpmyadmin/index.php?route=/database/sql&db=cuiteur_bd&ajax_request=true&ajax_page_request=true&_nocache=1652362537967950598&token=782b4e786f316c6c4a794c2344485766 HTTP/1.1" 200 5936 "-" "Mozilla/5.0 (X11; Linux x86_64) AppleWebKit/537.36 (KHTML, like Gecko) Chrome/101.0.4951.54 Safari/537.36"
::1 - - [12/May/2022:15:35:38 +0200] "GET /phpmyadmin/js/vendor/jquery/jquery.uitablefilter.js?v=5.1.3 HTTP/1.1" 200 1655 "-" "Mozilla/5.0 (X11; Linux x86_64) AppleWebKit/537.36 (KHTML, like Gecko) Chrome/101.0.4951.54 Safari/537.36"
::1 - - [12/May/2022:15:35:38 +0200] "GET /phpmyadmin/js/vendor/stickyfill.min.js?v=5.1.3 HTTP/1.1" 200 2633 "-" "Mozilla/5.0 (X11; Linux x86_64) AppleWebKit/537.36 (KHTML, like Gecko) Chrome/101.0.4951.54 Safari/537.36"
::1 - - [12/May/2022:15:35:38 +0200] "GET /phpmyadmin/js/dist/makegrid.js?v=5.1.3 HTTP/1.1" 200 17947 "-" "Mozilla/5.0 (X11; Linux x86_64) AppleWebKit/537.36 (KHTML, like Gecko) Chrome/101.0.4951.54 Safari/537.36"
::1 - - [12/May/2022:15:35:38 +0200] "GET /phpmyadmin/js/dist/sql.js?v=5.1.3 HTTP/1.1" 200 10054 "-" "Mozilla/5.0 (X11; Linux x86_64) AppleWebKit/537.36 (KHTML, like Gecko) Chrome/101.0.4951.54 Safari/537.36"
127.0.0.1 - - [12/May/2022:15:35:39 +0200] "POST /phpmyadmin/index.php?route=/lint HTTP/1.1" 200 1349 "-" "Mozilla/5.0 (X11; Ubuntu; Linux x86_64; rv:91.0) Gecko/20100101 Firefox/91.0"
127.0.0.1 - - [12/May/2022:15:35:41 +0200] "POST /phpmyadmin/index.php?route=/lint HTTP/1.1" 200 1203 "-" "Mozilla/5.0 (X11; Ubuntu; Linux x86_64; rv:91.0) Gecko/20100101 Firefox/91.0"
127.0.0.1 - - [12/May/2022:15:35:41 +0200] "POST /phpmyadmin/index.php?route=/import HTTP/1.1" 200 6161 "-" "Mozilla/5.0 (X11; Ubuntu; Linux x86_64; rv:91.0) Gecko/20100101 Firefox/91.0"
::1 - - [12/May/2022:15:35:46 +0200] "OPTIONS * HTTP/1.0" 200 126 "-" "Apache/2.4.53 (Ubuntu) mod_fcgid/2.3.9 (internal dummy connection)"
::1 - - [12/May/2022:15:35:47 +0200] "OPTIONS * HTTP/1.0" 200 126 "-" "Apache/2.4.53 (Ubuntu) mod_fcgid/2.3.9 (internal dummy connection)"
::1 - - [12/May/2022:15:36:22 +0200] "GET /phpmyadmin/themes/pmahomme/img/s_lock.png HTTP/1.1" 200 952 "http://localhost:2022/phpmyadmin/themes/pmahomme/css/theme.css?v=5.1.3&nocache=4145481192ltr&server=1" "Mozilla/5.0 (X11; Linux x86_64) AppleWebKit/537.36 (KHTML, like Gecko) Chrome/101.0.4951.54 Safari/537.36"
::1 - - [12/May/2022:15:36:22 +0200] "POST /phpmyadmin/index.php?route=/database/sql/autocomplete HTTP/1.1" 200 3138 "-" "Mozilla/5.0 (X11; Linux x86_64) AppleWebKit/537.36 (KHTML, like Gecko) Chrome/101.0.4951.54 Safari/537.36"
::1 - - [12/May/2022:15:36:22 +0200] "POST /phpmyadmin/index.php?route=/lint HTTP/1.1" 200 1350 "-" "Mozilla/5.0 (X11; Linux x86_64) AppleWebKit/537.36 (KHTML, like Gecko) Chrome/101.0.4951.54 Safari/537.36"
::1 - - [12/May/2022:15:36:32 +0200] "POST /phpmyadmin/index.php?route=/lint HTTP/1.1" 200 1207 "-" "Mozilla/5.0 (X11; Linux x86_64) AppleWebKit/537.36 (KHTML, like Gecko) Chrome/101.0.4951.54 Safari/537.36"
::1 - - [12/May/2022:15:36:35 +0200] "POST /phpmyadmin/index.php?route=/import HTTP/1.1" 200 1816 "-" "Mozilla/5.0 (X11; Linux x86_64) AppleWebKit/537.36 (KHTML, like Gecko) Chrome/101.0.4951.54 Safari/537.36"
127.0.0.1 - - [12/May/2022:15:36:45 +0200] "POST /phpmyadmin/index.php?route=/lint HTTP/1.1" 200 1359 "-" "Mozilla/5.0 (X11; Ubuntu; Linux x86_64; rv:91.0) Gecko/20100101 Firefox/91.0"
127.0.0.1 - - [12/May/2022:15:36:46 +0200] "POST /phpmyadmin/index.php?route=/lint HTTP/1.1" 200 1203 "-" "Mozilla/5.0 (X11; Ubuntu; Linux x86_64; rv:91.0) Gecko/20100101 Firefox/91.0"
::1 - - [12/May/2022:15:37:13 +0200] "POST /phpmyadmin/index.php?route=/lint HTTP/1.1" 200 1198 "-" "Mozilla/5.0 (X11; Linux x86_64) AppleWebKit/537.36 (KHTML, like Gecko) Chrome/101.0.4951.54 Safari/537.36"
::1 - - [12/May/2022:15:37:16 +0200] "POST /phpmyadmin/index.php?route=/lint HTTP/1.1" 200 1193 "-" "Mozilla/5.0 (X11; Linux x86_64) AppleWebKit/537.36 (KHTML, like Gecko) Chrome/101.0.4951.54 Safari/537.36"
::1 - - [12/May/2022:15:37:19 +0200] "POST /phpmyadmin/index.php?route=/lint HTTP/1.1" 200 1571 "-" "Mozilla/5.0 (X11; Linux x86_64) AppleWebKit/537.36 (KHTML, like Gecko) Chrome/101.0.4951.54 Safari/537.36"
::1 - - [12/May/2022:15:37:20 +0200] "POST /phpmyadmin/index.php?route=/lint HTTP/1.1" 200 1565 "-" "Mozilla/5.0 (X11; Linux x86_64) AppleWebKit/537.36 (KHTML, like Gecko) Chrome/101.0.4951.54 Safari/537.36"
::1 - - [12/May/2022:15:37:22 +0200] "POST /phpmyadmin/index.php?route=/lint HTTP/1.1" 200 1570 "-" "Mozilla/5.0 (X11; Linux x86_64) AppleWebKit/537.36 (KHTML, like Gecko) Chrome/101.0.4951.54 Safari/537.36"
::1 - - [12/May/2022:15:37:25 +0200] "POST /phpmyadmin/index.php?route=/lint HTTP/1.1" 200 1201 "-" "Mozilla/5.0 (X11; Linux x86_64) AppleWebKit/537.36 (KHTML, like Gecko) Chrome/101.0.4951.54 Safari/537.36"
::1 - - [12/May/2022:15:37:26 +0200] "POST /phpmyadmin/index.php?route=/lint HTTP/1.1" 200 1556 "-" "Mozilla/5.0 (X11; Linux x86_64) AppleWebKit/537.36 (KHTML, like Gecko) Chrome/101.0.4951.54 Safari/537.36"
::1 - - [12/May/2022:15:37:28 +0200] "POST /phpmyadmin/index.php?route=/lint HTTP/1.1" 200 1202 "-" "Mozilla/5.0 (X11; Linux x86_64) AppleWebKit/537.36 (KHTML, like Gecko) Chrome/101.0.4951.54 Safari/537.36"
::1 - - [12/May/2022:15:37:30 +0200] "POST /phpmyadmin/index.php?route=/lint HTTP/1.1" 200 1189 "-" "Mozilla/5.0 (X11; Linux x86_64) AppleWebKit/537.36 (KHTML, like Gecko) Chrome/101.0.4951.54 Safari/537.36"
