::1 - - [12/May/2022:15:20:21 +0200] "GET /images/favicon.ico HTTP/1.1" 200 1450 "http://localhost:2022/php/cuiteur_1.php" "Mozilla/5.0 (X11; Linux x86_64) AppleWebKit/537.36 (KHTML, like Gecko) Chrome/101.0.4951.54 Safari/537.36"
::1 - - [12/May/2022:15:20:21 +0200] "GET /images/favicon.ico HTTP/1.1" 200 1450 "http://localhost:2022/php/cuiteur_1.php" "Mozilla/5.0 (X11; Linux x86_64) AppleWebKit/537.36 (KHTML, like Gecko) Chrome/101.0.4951.54 Safari/537.36"
127.0.0.1 - - [12/May/2022:15:20:21 +0200] "POST /phpmyadmin/index.php?route=/lint HTTP/1.1" 200 1350 "-" "Mozilla/5.0 (X11; Ubuntu; Linux x86_64; rv:91.0) Gecko/20100101 Firefox/91.0"
127.0.0.1 - - [12/May/2022:15:20:23 +0200] "POST /phpmyadmin/index.php?route=/lint HTTP/1.1" 200 1191 "-" "Mozilla/5.0 (X11; Ubuntu; Linux x86_64; rv:91.0) Gecko/20100101 Firefox/91.0"
127.0.0.1 - - [12/May/2022:15:20:24 +0200] "POST /phpmyadmin/index.php?route=/import HTTP/1.1" 200 6145 "-" "Mozilla/5.0 (X11; Ubuntu; Linux x86_64; rv:91.0) Gecko/20100101 Firefox/91.0"
127.0.0.1 - - [12/May/2022:15:20:48 +0200] "POST /phpmyadmin/index.php?route=/lint HTTP/1.1" 200 1330 "-" "Mozilla/5.0 (X11; Ubuntu; Linux x86_64; rv:91.0) Gecko/20100101 Firefox/91.0"
127.0.0.1 - - [12/May/2022:15:20:49 +0200] "POST /phpmyadmin/index.php?route=/lint HTTP/1.1" 200 1333 "-" "Mozilla/5.0 (X11; Ubuntu; Linux x86_64; rv:91.0) Gecko/20100101 Firefox/91.0"
127.0.0.1 - - [12/May/2022:15:20:51 +0200] "POST /phpmyadmin/index.php?route=/lint HTTP/1.1" 200 1325 "-" "Mozilla/5.0 (X11; Ubuntu; Linux x86_64; rv:91.0) Gecko/20100101 Firefox/91.0"
127.0.0.1 - - [12/May/2022:15:20:52 +0200] "POST /phpmyadmin/index.php?route=/lint HTTP/1.1" 200 1331 "-" "Mozilla/5.0 (X11; Ubuntu; Linux x86_64; rv:91.0) Gecko/20100101 Firefox/91.0"
127.0.0.1 - - [12/May/2022:15:20:53 +0200] "POST /phpmyadmin/index.php?route=/lint HTTP/1.1" 200 1328 "-" "Mozilla/5.0 (X11; Ubuntu; Linux x86_64; rv:91.0) Gecko/20100101 Firefox/91.0"
127.0.0.1 - - [12/May/2022:15:20:54 +0200] "POST /phpmyadmin/index.php?route=/lint HTTP/1.1" 200 1326 "-" "Mozilla/5.0 (X11; Ubuntu; Linux x86_64; rv:91.0) Gecko/20100101 Firefox/91.0"
127.0.0.1 - - [12/May/2022:15:20:56 +0200] "POST /phpmyadmin/index.php?route=/lint HTTP/1.1" 200 1323 "-" "Mozilla/5.0 (X11; Ubuntu; Linux x86_64; rv:91.0) Gecko/20100101 Firefox/91.0"
127.0.0.1 - - [12/May/2022:15:20:58 +0200] "POST /phpmyadmin/index.php?route=/lint HTTP/1.1" 200 1333 "-" "Mozilla/5.0 (X11; Ubuntu; Linux x86_64; rv:91.0) Gecko/20100101 Firefox/91.0"
127.0.0.1 - - [12/May/2022:15:21:06 +0200] "POST /phpmyadmin/index.php?route=/lint HTTP/1.1" 200 1332 "-" "Mozilla/5.0 (X11; Ubuntu; Linux x86_64; rv:91.0) Gecko/20100101 Firefox/91.0"
127.0.0.1 - - [12/May/2022:15:21:12 +0200] "POST /phpmyadmin/index.php?route=/lint HTTP/1.1" 200 1194 "-" "Mozilla/5.0 (X11; Ubuntu; Linux x86_64; rv:91.0) Gecko/20100101 Firefox/91.0"
127.0.0.1 - - [12/May/2022:15:21:12 +0200] "POST /phpmyadmin/index.php?route=/lint HTTP/1.1" 200 1317 "-" "Mozilla/5.0 (X11; Ubuntu; Linux x86_64; rv:91.0) Gecko/20100101 Firefox/91.0"
127.0.0.1 - - [12/May/2022:15:21:14 +0200] "POST /phpmyadmin/index.php?route=/lint HTTP/1.1" 200 1201 "-" "Mozilla/5.0 (X11; Ubuntu; Linux x86_64; rv:91.0) Gecko/20100101 Firefox/91.0"
127.0.0.1 - - [12/May/2022:15:21:15 +0200] "POST /phpmyadmin/index.php?route=/lint HTTP/1.1" 200 1194 "-" "Mozilla/5.0 (X11; Ubuntu; Linux x86_64; rv:91.0) Gecko/20100101 Firefox/91.0"
127.0.0.1 - - [12/May/2022:15:21:16 +0200] "POST /phpmyadmin/index.php?route=/lint HTTP/1.1" 200 1203 "-" "Mozilla/5.0 (X11; Ubuntu; Linux x86_64; rv:91.0) Gecko/20100101 Firefox/91.0"
127.0.0.1 - - [12/May/2022:15:21:17 +0200] "POST /phpmyadmin/index.php?route=/lint HTTP/1.1" 200 1318 "-" "Mozilla/5.0 (X11; Ubuntu; Linux x86_64; rv:91.0) Gecko/20100101 Firefox/91.0"
127.0.0.1 - - [12/May/2022:15:21:22 +0200] "POST /phpmyadmin/index.php?route=/lint HTTP/1.1" 200 1199 "-" "Mozilla/5.0 (X11; Ubuntu; Linux x86_64; rv:91.0) Gecko/20100101 Firefox/91.0"
127.0.0.1 - - [12/May/2022:15:21:24 +0200] "POST /phpmyadmin/index.php?route=/lint HTTP/1.1" 200 1205 "-" "Mozilla/5.0 (X11; Ubuntu; Linux x86_64; rv:91.0) Gecko/20100101 Firefox/91.0"
127.0.0.1 - - [12/May/2022:15:21:27 +0200] "POST /phpmyadmin/index.php?route=/lint HTTP/1.1" 200 1201 "-" "Mozilla/5.0 (X11; Ubuntu; Linux x86_64; rv:91.0) Gecko/20100101 Firefox/91.0"
127.0.0.1 - - [12/May/2022:15:21:28 +0200] "POST /phpmyadmin/index.php?route=/lint HTTP/1.1" 200 1196 "-" "Mozilla/5.0 (X11; Ubuntu; Linux x86_64; rv:91.0) Gecko/20100101 Firefox/91.0"
127.0.0.1 - - [12/May/2022:15:21:30 +0200] "POST /phpmyadmin/index.php?route=/lint HTTP/1.1" 200 1203 "-" "Mozilla/5.0 (X11; Ubuntu; Linux x86_64; rv:91.0) Gecko/20100101 Firefox/91.0"
127.0.0.1 - - [12/May/2022:15:21:31 +0200] "POST /phpmyadmin/index.php?route=/lint HTTP/1.1" 200 1203 "-" "Mozilla/5.0 (X11; Ubuntu; Linux x86_64; rv:91.0) Gecko/20100101 Firefox/91.0"
127.0.0.1 - - [12/May/2022:15:21:33 +0200] "POST /phpmyadmin/index.php?route=/lint HTTP/1.1" 200 1321 "-" "Mozilla/5.0 (X11; Ubuntu; Linux x86_64; rv:91.0) Gecko/20100101 Firefox/91.0"
127.0.0.1 - - [12/May/2022:15:21:40 +0200] "POST /phpmyadmin/index.php?route=/lint HTTP/1.1" 200 1340 "-" "Mozilla/5.0 (X11; Ubuntu; Linux x86_64; rv:91.0) Gecko/20100101 Firefox/91.0"
127.0.0.1 - - [12/May/2022:15:21:42 +0200] "POST /phpmyadmin/index.php?route=/lint HTTP/1.1" 200 1203 "-" "Mozilla/5.0 (X11; Ubuntu; Linux x86_64; rv:91.0) Gecko/20100101 Firefox/91.0"
127.0.0.1 - - [12/May/2022:15:21:44 +0200] "POST /phpmyadmin/index.php?route=/lint HTTP/1.1" 200 1333 "-" "Mozilla/5.0 (X11; Ubuntu; Linux x86_64; rv:91.0) Gecko/20100101 Firefox/91.0"
127.0.0.1 - - [12/May/2022:15:21:45 +0200] "POST /phpmyadmin/index.php?route=/lint HTTP/1.1" 200 1193 "-" "Mozilla/5.0 (X11; Ubuntu; Linux x86_64; rv:91.0) Gecko/20100101 Firefox/91.0"
::1 - - [12/May/2022:15:21:46 +0200] "GET /php/cuiteur_1.php HTTP/1.1" 200 1317 "http://localhost:2022/index.php" "Mozilla/5.0 (X11; Linux x86_64) AppleWebKit/537.36 (KHTML, like Gecko) Chrome/101.0.4951.54 Safari/537.36"
::1 - - [12/May/2022:15:21:46 +0200] "GET /images/anonyme.jpg HTTP/1.1" 200 1950 "http://localhost:2022/php/cuiteur_1.php" "Mozilla/5.0 (X11; Linux x86_64) AppleWebKit/537.36 (KHTML, like Gecko) Chrome/101.0.4951.54 Safari/537.36"
::1 - - [12/May/2022:15:21:46 +0200] "GET /styles/cuiteur.css HTTP/1.1" 200 2678 "http://localhost:2022/php/cuiteur_1.php" "Mozilla/5.0 (X11; Linux x86_64) AppleWebKit/537.36 (KHTML, like Gecko) Chrome/101.0.4951.54 Safari/537.36"
::1 - - [12/May/2022:15:21:46 +0200] "GET /images/yoda.jpg HTTP/1.1" 200 2654 "http://localhost:2022/php/cuiteur_1.php" "Mozilla/5.0 (X11; Linux x86_64) AppleWebKit/537.36 (KHTML, like Gecko) Chrome/101.0.4951.54 Safari/537.36"
::1 - - [12/May/2022:15:21:46 +0200] "GET /images/paulo.jpg HTTP/1.1" 200 2832 "http://localhost:2022/php/cuiteur_1.php" "Mozilla/5.0 (X11; Linux x86_64) AppleWebKit/537.36 (KHTML, like Gecko) Chrome/101.0.4951.54 Safari/537.36"
::1 - - [12/May/2022:15:21:46 +0200] "GET /images/fond.jpg HTTP/1.1" 200 43616 "http://localhost:2022/styles/cuiteur.css" "Mozilla/5.0 (X11; Linux x86_64) AppleWebKit/537.36 (KHTML, like Gecko) Chrome/101.0.4951.54 Safari/537.36"
::1 - - [12/May/2022:15:21:46 +0200] "GET /images/entete.jpg HTTP/1.1" 200 69844 "http://localhost:2022/styles/cuiteur.css" "Mozilla/5.0 (X11; Linux x86_64) AppleWebKit/537.36 (KHTML, like Gecko) Chrome/101.0.4951.54 Safari/537.36"
::1 - - [12/May/2022:15:21:46 +0200] "GET /images/deconnexion.png HTTP/1.1" 200 9423 "http://localhost:2022/styles/cuiteur.css" "Mozilla/5.0 (X11; Linux x86_64) AppleWebKit/537.36 (KHTML, like Gecko) Chrome/101.0.4951.54 Safari/537.36"
::1 - - [12/May/2022:15:21:46 +0200] "GET /images/home.png HTTP/1.1" 200 5401 "http://localhost:2022/styles/cuiteur.css" "Mozilla/5.0 (X11; Linux x86_64) AppleWebKit/537.36 (KHTML, like Gecko) Chrome/101.0.4951.54 Safari/537.36"
::1 - - [12/May/2022:15:21:46 +0200] "GET /images/cherche.png HTTP/1.1" 200 4835 "http://localhost:2022/styles/cuiteur.css" "Mozilla/5.0 (X11; Linux x86_64) AppleWebKit/537.36 (KHTML, like Gecko) Chrome/101.0.4951.54 Safari/537.36"
::1 - - [12/May/2022:15:21:46 +0200] "GET /images/config.png HTTP/1.1" 200 4924 "http://localhost:2022/styles/cuiteur.css" "Mozilla/5.0 (X11; Linux x86_64) AppleWebKit/537.36 (KHTML, like Gecko) Chrome/101.0.4951.54 Safari/537.36"
::1 - - [12/May/2022:15:21:46 +0200] "GET /images/saisie.png HTTP/1.1" 200 15289 "http://localhost:2022/styles/cuiteur.css" "Mozilla/5.0 (X11; Linux x86_64) AppleWebKit/537.36 (KHTML, like Gecko) Chrome/101.0.4951.54 Safari/537.36"
::1 - - [12/May/2022:15:21:46 +0200] "GET /images/haut_parleur.png HTTP/1.1" 200 5943 "http://localhost:2022/styles/cuiteur.css" "Mozilla/5.0 (X11; Linux x86_64) AppleWebKit/537.36 (KHTML, like Gecko) Chrome/101.0.4951.54 Safari/537.36"
::1 - - [12/May/2022:15:21:46 +0200] "GET /images/micro.jpg HTTP/1.1" 200 30030 "http://localhost:2022/styles/cuiteur.css" "Mozilla/5.0 (X11; Linux x86_64) AppleWebKit/537.36 (KHTML, like Gecko) Chrome/101.0.4951.54 Safari/537.36"
::1 - - [12/May/2022:15:21:46 +0200] "GET /images/fond_blabla.png HTTP/1.1" 200 525 "http://localhost:2022/styles/cuiteur.css" "Mozilla/5.0 (X11; Linux x86_64) AppleWebKit/537.36 (KHTML, like Gecko) Chrome/101.0.4951.54 Safari/537.36"
::1 - - [12/May/2022:15:21:46 +0200] "GET /images/pied.png HTTP/1.1" 200 20776 "http://localhost:2022/styles/cuiteur.css" "Mozilla/5.0 (X11; Linux x86_64) AppleWebKit/537.36 (KHTML, like Gecko) Chrome/101.0.4951.54 Safari/537.36"
::1 - - [12/May/2022:15:21:46 +0200] "GET /images/favicon.ico HTTP/1.1" 200 1450 "http://localhost:2022/php/cuiteur_1.php" "Mozilla/5.0 (X11; Linux x86_64) AppleWebKit/537.36 (KHTML, like Gecko) Chrome/101.0.4951.54 Safari/537.36"
::1 - - [12/May/2022:15:21:46 +0200] "GET /images/favicon.ico HTTP/1.1" 200 1450 "http://localhost:2022/php/cuiteur_1.php" "Mozilla/5.0 (X11; Linux x86_64) AppleWebKit/537.36 (KHTML, like Gecko) Chrome/101.0.4951.54 Safari/537.36"
127.0.0.1 - - [12/May/2022:15:21:47 +0200] "POST /phpmyadmin/index.php?route=/lint HTTP/1.1" 200 1206 "-" "Mozilla/5.0 (X11; Ubuntu; Linux x86_64; rv:91.0) Gecko/20100101 Firefox/91.0"
::1 - - [12/May/2022:15:21:48 +0200] "GET /images/deconnexion_over.png HTTP/1.1" 200 11249 "http://localhost:2022/styles/cuiteur.css" "Mozilla/5.0 (X11; Linux x86_64) AppleWebKit/537.36 (KHTML, like Gecko) Chrome/101.0.4951.54 Safari/537.36"
::1 - - [12/May/2022:15:21:49 +0200] "GET /php/deconnexion.php HTTP/1.1" 302 428 "http://localhost:2022/php/cuiteur_1.php" "Mozilla/5.0 (X11; Linux x86_64) AppleWebKit/537.36 (KHTML, like Gecko) Chrome/101.0.4951.54 Safari/537.36"
::1 - - [12/May/2022:15:21:49 +0200] "GET /index.php HTTP/1.1" 200 1091 "http://localhost:2022/php/cuiteur_1.php" "Mozilla/5.0 (X11; Linux x86_64) AppleWebKit/537.36 (KHTML, like Gecko) Chrome/101.0.4951.54 Safari/537.36"
::1 - - [12/May/2022:15:21:49 +0200] "GET /styles/cuiteur.css HTTP/1.1" 200 2678 "http://localhost:2022/index.php" "Mozilla/5.0 (X11; Linux x86_64) AppleWebKit/537.36 (KHTML, like Gecko) Chrome/101.0.4951.54 Safari/537.36"
::1 - - [12/May/2022:15:21:49 +0200] "GET /images/fond.jpg HTTP/1.1" 200 43616 "http://localhost:2022/styles/cuiteur.css" "Mozilla/5.0 (X11; Linux x86_64) AppleWebKit/537.36 (KHTML, like Gecko) Chrome/101.0.4951.54 Safari/537.36"
::1 - - [12/May/2022:15:21:49 +0200] "GET /images/entete.jpg HTTP/1.1" 200 69844 "http://localhost:2022/styles/cuiteur.css" "Mozilla/5.0 (X11; Linux x86_64) AppleWebKit/537.36 (KHTML, like Gecko) Chrome/101.0.4951.54 Safari/537.36"
::1 - - [12/May/2022:15:21:49 +0200] "GET /images/trait.png HTTP/1.1" 200 895 "http://localhost:2022/styles/cuiteur.css" "Mozilla/5.0 (X11; Linux x86_64) AppleWebKit/537.36 (KHTML, like Gecko) Chrome/101.0.4951.54 Safari/537.36"
::1 - - [12/May/2022:15:21:49 +0200] "GET /images/micro.jpg HTTP/1.1" 200 30030 "http://localhost:2022/styles/cuiteur.css" "Mozilla/5.0 (X11; Linux x86_64) AppleWebKit/537.36 (KHTML, like Gecko) Chrome/101.0.4951.54 Safari/537.36"
::1 - - [12/May/2022:15:21:49 +0200] "GET /images/bouton.png HTTP/1.1" 200 13611 "http://localhost:2022/styles/cuiteur.css" "Mozilla/5.0 (X11; Linux x86_64) AppleWebKit/537.36 (KHTML, like Gecko) Chrome/101.0.4951.54 Safari/537.36"
::1 - - [12/May/2022:15:21:49 +0200] "GET /images/pied.png HTTP/1.1" 200 20777 "http://localhost:2022/styles/cuiteur.css" "Mozilla/5.0 (X11; Linux x86_64) AppleWebKit/537.36 (KHTML, like Gecko) Chrome/101.0.4951.54 Safari/537.36"
::1 - - [12/May/2022:15:21:49 +0200] "GET /images/favicon.ico HTTP/1.1" 200 1450 "http://localhost:2022/index.php" "Mozilla/5.0 (X11; Linux x86_64) AppleWebKit/537.36 (KHTML, like Gecko) Chrome/101.0.4951.54 Safari/537.36"
127.0.0.1 - - [12/May/2022:15:21:50 +0200] "POST /phpmyadmin/index.php?route=/lint HTTP/1.1" 200 1196 "-" "Mozilla/5.0 (X11; Ubuntu; Linux x86_64; rv:91.0) Gecko/20100101 Firefox/91.0"
::1 - - [12/May/2022:15:21:50 +0200] "GET /images/favicon.ico HTTP/1.1" 200 1450 "http://localhost:2022/index.php" "Mozilla/5.0 (X11; Linux x86_64) AppleWebKit/537.36 (KHTML, like Gecko) Chrome/101.0.4951.54 Safari/537.36"
127.0.0.1 - - [12/May/2022:15:21:55 +0200] "POST /phpmyadmin/index.php?route=/lint HTTP/1.1" 200 1196 "-" "Mozilla/5.0 (X11; Ubuntu; Linux x86_64; rv:91.0) Gecko/20100101 Firefox/91.0"
127.0.0.1 - - [12/May/2022:15:21:55 +0200] "POST /phpmyadmin/index.php?route=/lint HTTP/1.1" 200 1208 "-" "Mozilla/5.0 (X11; Ubuntu; Linux x86_64; rv:91.0) Gecko/20100101 Firefox/91.0"
127.0.0.1 - - [12/May/2022:15:21:56 +0200] "POST /phpmyadmin/index.php?route=/lint HTTP/1.1" 200 1205 "-" "Mozilla/5.0 (X11; Ubuntu; Linux x86_64; rv:91.0) Gecko/20100101 Firefox/91.0"
::1 - - [12/May/2022:15:21:57 +0200] "OPTIONS * HTTP/1.0" 200 126 "-" "Apache/2.4.53 (Ubuntu) mod_fcgid/2.3.9 (internal dummy connection)"
127.0.0.1 - - [12/May/2022:15:21:58 +0200] "POST /phpmyadmin/index.php?route=/lint HTTP/1.1" 200 1200 "-" "Mozilla/5.0 (X11; Ubuntu; Linux x86_64; rv:91.0) Gecko/20100101 Firefox/91.0"
127.0.0.1 - - [12/May/2022:15:21:59 +0200] "POST /phpmyadmin/index.php?route=/lint HTTP/1.1" 200 1198 "-" "Mozilla/5.0 (X11; Ubuntu; Linux x86_64; rv:91.0) Gecko/20100101 Firefox/91.0"
127.0.0.1 - - [12/May/2022:15:22:01 +0200] "POST /phpmyadmin/index.php?route=/lint HTTP/1.1" 200 1210 "-" "Mozilla/5.0 (X11; Ubuntu; Linux x86_64; rv:91.0) Gecko/20100101 Firefox/91.0"
::1 - - [12/May/2022:15:22:06 +0200] "OPTIONS * HTTP/1.0" 200 126 "-" "Apache/2.4.53 (Ubuntu) mod_fcgid/2.3.9 (internal dummy connection)"
127.0.0.1 - - [12/May/2022:15:22:07 +0200] "POST /phpmyadmin/index.php?route=/lint HTTP/1.1" 200 1192 "-" "Mozilla/5.0 (X11; Ubuntu; Linux x86_64; rv:91.0) Gecko/20100101 Firefox/91.0"
::1 - - [12/May/2022:15:22:08 +0200] "GET /index.php HTTP/1.1" 200 1034 "http://localhost:2022/php/cuiteur_1.php" "Mozilla/5.0 (X11; Linux x86_64) AppleWebKit/537.36 (KHTML, like Gecko) Chrome/101.0.4951.54 Safari/537.36"
::1 - - [12/May/2022:15:22:09 +0200] "GET /styles/cuiteur.css HTTP/1.1" 200 2678 "http://localhost:2022/index.php" "Mozilla/5.0 (X11; Linux x86_64) AppleWebKit/537.36 (KHTML, like Gecko) Chrome/101.0.4951.54 Safari/537.36"
::1 - - [12/May/2022:15:22:09 +0200] "GET /images/fond.jpg HTTP/1.1" 200 43616 "http://localhost:2022/styles/cuiteur.css" "Mozilla/5.0 (X11; Linux x86_64) AppleWebKit/537.36 (KHTML, like Gecko) Chrome/101.0.4951.54 Safari/537.36"
::1 - - [12/May/2022:15:22:09 +0200] "GET /images/entete.jpg HTTP/1.1" 200 69844 "http://localhost:2022/styles/cuiteur.css" "Mozilla/5.0 (X11; Linux x86_64) AppleWebKit/537.36 (KHTML, like Gecko) Chrome/101.0.4951.54 Safari/537.36"
::1 - - [12/May/2022:15:22:09 +0200] "GET /images/trait.png HTTP/1.1" 200 896 "http://localhost:2022/styles/cuiteur.css" "Mozilla/5.0 (X11; Linux x86_64) AppleWebKit/537.36 (KHTML, like Gecko) Chrome/101.0.4951.54 Safari/537.36"
::1 - - [12/May/2022:15:22:09 +0200] "GET /images/micro.jpg HTTP/1.1" 200 30031 "http://localhost:2022/styles/cuiteur.css" "Mozilla/5.0 (X11; Linux x86_64) AppleWebKit/537.36 (KHTML, like Gecko) Chrome/101.0.4951.54 Safari/537.36"
::1 - - [12/May/2022:15:22:09 +0200] "GET /images/bouton.png HTTP/1.1" 200 13612 "http://localhost:2022/styles/cuiteur.css" "Mozilla/5.0 (X11; Linux x86_64) AppleWebKit/537.36 (KHTML, like Gecko) Chrome/101.0.4951.54 Safari/537.36"
::1 - - [12/May/2022:15:22:09 +0200] "GET /images/pied.png HTTP/1.1" 200 20777 "http://localhost:2022/styles/cuiteur.css" "Mozilla/5.0 (X11; Linux x86_64) AppleWebKit/537.36 (KHTML, like Gecko) Chrome/101.0.4951.54 Safari/537.36"
::1 - - [12/May/2022:15:22:09 +0200] "GET /images/favicon.ico HTTP/1.1" 200 1450 "http://localhost:2022/index.php" "Mozilla/5.0 (X11; Linux x86_64) AppleWebKit/537.36 (KHTML, like Gecko) Chrome/101.0.4951.54 Safari/537.36"
::1 - - [12/May/2022:15:22:09 +0200] "GET /images/favicon.ico HTTP/1.1" 200 1450 "http://localhost:2022/index.php" "Mozilla/5.0 (X11; Linux x86_64) AppleWebKit/537.36 (KHTML, like Gecko) Chrome/101.0.4951.54 Safari/537.36"
::1 - - [12/May/2022:15:22:17 +0200] "OPTIONS * HTTP/1.0" 200 126 "-" "Apache/2.4.53 (Ubuntu) mod_fcgid/2.3.9 (internal dummy connection)"
127.0.0.1 - - [12/May/2022:15:22:28 +0200] "POST /phpmyadmin/index.php?route=/lint HTTP/1.1" 200 1200 "-" "Mozilla/5.0 (X11; Ubuntu; Linux x86_64; rv:91.0) Gecko/20100101 Firefox/91.0"
127.0.0.1 - - [12/May/2022:15:22:29 +0200] "POST /phpmyadmin/index.php?route=/lint HTTP/1.1" 200 1323 "-" "Mozilla/5.0 (X11; Ubuntu; Linux x86_64; rv:91.0) Gecko/20100101 Firefox/91.0"
127.0.0.1 - - [12/May/2022:15:22:35 +0200] "POST /phpmyadmin/index.php?route=/lint HTTP/1.1" 200 1311 "-" "Mozilla/5.0 (X11; Ubuntu; Linux x86_64; rv:91.0) Gecko/20100101 Firefox/91.0"
127.0.0.1 - - [12/May/2022:15:22:39 +0200] "POST /phpmyadmin/index.php?route=/lint HTTP/1.1" 200 1206 "-" "Mozilla/5.0 (X11; Ubuntu; Linux x86_64; rv:91.0) Gecko/20100101 Firefox/91.0"
127.0.0.1 - - [12/May/2022:15:22:40 +0200] "POST /phpmyadmin/index.php?route=/lint HTTP/1.1" 200 1204 "-" "Mozilla/5.0 (X11; Ubuntu; Linux x86_64; rv:91.0) Gecko/20100101 Firefox/91.0"
127.0.0.1 - - [12/May/2022:15:22:42 +0200] "POST /phpmyadmin/index.php?route=/lint HTTP/1.1" 200 1202 "-" "Mozilla/5.0 (X11; Ubuntu; Linux x86_64; rv:91.0) Gecko/20100101 Firefox/91.0"
127.0.0.1 - - [12/May/2022:15:22:45 +0200] "POST /phpmyadmin/index.php?route=/lint HTTP/1.1" 200 1331 "-" "Mozilla/5.0 (X11; Ubuntu; Linux x86_64; rv:91.0) Gecko/20100101 Firefox/91.0"
127.0.0.1 - - [12/May/2022:15:22:46 +0200] "POST /phpmyadmin/index.php?route=/lint HTTP/1.1" 200 1193 "-" "Mozilla/5.0 (X11; Ubuntu; Linux x86_64; rv:91.0) Gecko/20100101 Firefox/91.0"
127.0.0.1 - - [12/May/2022:15:22:46 +0200] "POST /phpmyadmin/index.php?route=/lint HTTP/1.1" 200 1189 "-" "Mozilla/5.0 (X11; Ubuntu; Linux x86_64; rv:91.0) Gecko/20100101 Firefox/91.0"
127.0.0.1 - - [12/May/2022:15:22:48 +0200] "POST /phpmyadmin/index.php?route=/lint HTTP/1.1" 200 1193 "-" "Mozilla/5.0 (X11; Ubuntu; Linux x86_64; rv:91.0) Gecko/20100101 Firefox/91.0"
::1 - - [12/May/2022:15:22:49 +0200] "GET /index.php HTTP/1.1" 200 1034 "http://localhost:2022/php/cuiteur_1.php" "Mozilla/5.0 (X11; Linux x86_64) AppleWebKit/537.36 (KHTML, like Gecko) Chrome/101.0.4951.54 Safari/537.36"
::1 - - [12/May/2022:15:22:49 +0200] "GET /styles/cuiteur.css HTTP/1.1" 200 2678 "http://localhost:2022/index.php" "Mozilla/5.0 (X11; Linux x86_64) AppleWebKit/537.36 (KHTML, like Gecko) Chrome/101.0.4951.54 Safari/537.36"
127.0.0.1 - - [12/May/2022:15:22:49 +0200] "POST /phpmyadmin/index.php?route=/lint HTTP/1.1" 200 1196 "-" "Mozilla/5.0 (X11; Ubuntu; Linux x86_64; rv:91.0) Gecko/20100101 Firefox/91.0"
::1 - - [12/May/2022:15:22:50 +0200] "GET /images/fond.jpg HTTP/1.1" 200 43616 "http://localhost:2022/styles/cuiteur.css" "Mozilla/5.0 (X11; Linux x86_64) AppleWebKit/537.36 (KHTML, like Gecko) Chrome/101.0.4951.54 Safari/537.36"
::1 - - [12/May/2022:15:22:50 +0200] "GET /images/entete.jpg HTTP/1.1" 200 69845 "http://localhost:2022/styles/cuiteur.css" "Mozilla/5.0 (X11; Linux x86_64) AppleWebKit/537.36 (KHTML, like Gecko) Chrome/101.0.4951.54 Safari/537.36"
::1 - - [12/May/2022:15:22:50 +0200] "GET /images/trait.png HTTP/1.1" 200 896 "http://localhost:2022/styles/cuiteur.css" "Mozilla/5.0 (X11; Linux x86_64) AppleWebKit/537.36 (KHTML, like Gecko) Chrome/101.0.4951.54 Safari/537.36"
::1 - - [12/May/2022:15:22:50 +0200] "GET /images/micro.jpg HTTP/1.1" 200 30030 "http://localhost:2022/styles/cuiteur.css" "Mozilla/5.0 (X11; Linux x86_64) AppleWebKit/537.36 (KHTML, like Gecko) Chrome/101.0.4951.54 Safari/537.36"
::1 - - [12/May/2022:15:22:50 +0200] "GET /images/bouton.png HTTP/1.1" 200 13612 "http://localhost:2022/styles/cuiteur.css" "Mozilla/5.0 (X11; Linux x86_64) AppleWebKit/537.36 (KHTML, like Gecko) Chrome/101.0.4951.54 Safari/537.36"
::1 - - [12/May/2022:15:22:50 +0200] "GET /images/pied.png HTTP/1.1" 200 20777 "http://localhost:2022/styles/cuiteur.css" "Mozilla/5.0 (X11; Linux x86_64) AppleWebKit/537.36 (KHTML, like Gecko) Chrome/101.0.4951.54 Safari/537.36"
::1 - - [12/May/2022:15:22:50 +0200] "GET /images/favicon.ico HTTP/1.1" 200 1450 "http://localhost:2022/index.php" "Mozilla/5.0 (X11; Linux x86_64) AppleWebKit/537.36 (KHTML, like Gecko) Chrome/101.0.4951.54 Safari/537.36"
::1 - - [12/May/2022:15:22:50 +0200] "GET /images/favicon.ico HTTP/1.1" 200 1450 "http://localhost:2022/index.php" "Mozilla/5.0 (X11; Linux x86_64) AppleWebKit/537.36 (KHTML, like Gecko) Chrome/101.0.4951.54 Safari/537.36"
127.0.0.1 - - [12/May/2022:15:22:51 +0200] "POST /phpmyadmin/index.php?route=/lint HTTP/1.1" 200 1196 "-" "Mozilla/5.0 (X11; Ubuntu; Linux x86_64; rv:91.0) Gecko/20100101 Firefox/91.0"
127.0.0.1 - - [12/May/2022:15:22:52 +0200] "POST /phpmyadmin/index.php?route=/lint HTTP/1.1" 200 1208 "-" "Mozilla/5.0 (X11; Ubuntu; Linux x86_64; rv:91.0) Gecko/20100101 Firefox/91.0"
127.0.0.1 - - [12/May/2022:15:22:55 +0200] "POST /phpmyadmin/index.php?route=/lint HTTP/1.1" 200 1200 "-" "Mozilla/5.0 (X11; Ubuntu; Linux x86_64; rv:91.0) Gecko/20100101 Firefox/91.0"
127.0.0.1 - - [12/May/2022:15:22:56 +0200] "POST /phpmyadmin/index.php?route=/lint HTTP/1.1" 200 1218 "-" "Mozilla/5.0 (X11; Ubuntu; Linux x86_64; rv:91.0) Gecko/20100101 Firefox/91.0"
127.0.0.1 - - [12/May/2022:15:22:57 +0200] "POST /phpmyadmin/index.php?route=/lint HTTP/1.1" 200 1195 "-" "Mozilla/5.0 (X11; Ubuntu; Linux x86_64; rv:91.0) Gecko/20100101 Firefox/91.0"
127.0.0.1 - - [12/May/2022:15:22:58 +0200] "POST /phpmyadmin/index.php?route=/lint HTTP/1.1" 200 1338 "-" "Mozilla/5.0 (X11; Ubuntu; Linux x86_64; rv:91.0) Gecko/20100101 Firefox/91.0"
127.0.0.1 - - [12/May/2022:15:22:59 +0200] "POST /phpmyadmin/index.php?route=/lint HTTP/1.1" 200 1320 "-" "Mozilla/5.0 (X11; Ubuntu; Linux x86_64; rv:91.0) Gecko/20100101 Firefox/91.0"
127.0.0.1 - - [12/May/2022:15:23:01 +0200] "POST /phpmyadmin/index.php?route=/lint HTTP/1.1" 200 1201 "-" "Mozilla/5.0 (X11; Ubuntu; Linux x86_64; rv:91.0) Gecko/20100101 Firefox/91.0"
127.0.0.1 - - [12/May/2022:15:23:02 +0200] "POST /phpmyadmin/index.php?route=/lint HTTP/1.1" 200 1210 "-" "Mozilla/5.0 (X11; Ubuntu; Linux x86_64; rv:91.0) Gecko/20100101 Firefox/91.0"
127.0.0.1 - - [12/May/2022:15:23:03 +0200] "POST /phpmyadmin/index.php?route=/lint HTTP/1.1" 200 1199 "-" "Mozilla/5.0 (X11; Ubuntu; Linux x86_64; rv:91.0) Gecko/20100101 Firefox/91.0"
127.0.0.1 - - [12/May/2022:15:23:04 +0200] "POST /phpmyadmin/index.php?route=/lint HTTP/1.1" 200 1201 "-" "Mozilla/5.0 (X11; Ubuntu; Linux x86_64; rv:91.0) Gecko/20100101 Firefox/91.0"
::1 - - [12/May/2022:15:23:09 +0200] "OPTIONS * HTTP/1.0" 200 126 "-" "Apache/2.4.53 (Ubuntu) mod_fcgid/2.3.9 (internal dummy connection)"
127.0.0.1 - - [12/May/2022:15:23:10 +0200] "POST /phpmyadmin/index.php?route=/lint HTTP/1.1" 200 1197 "-" "Mozilla/5.0 (X11; Ubuntu; Linux x86_64; rv:91.0) Gecko/20100101 Firefox/91.0"
::1 - - [12/May/2022:15:23:25 +0200] "GET /images/entete_.jpg HTTP/1.1" 404 490 "http://localhost:2022/styles/cuiteur.css" "Mozilla/5.0 (X11; Linux x86_64) AppleWebKit/537.36 (KHTML, like Gecko) Chrome/101.0.4951.54 Safari/537.36"
::1 - - [12/May/2022:15:23:27 +0200] "GET /images/entete_d.jpg HTTP/1.1" 404 489 "http://localhost:2022/styles/cuiteur.css" "Mozilla/5.0 (X11; Linux x86_64) AppleWebKit/537.36 (KHTML, like Gecko) Chrome/101.0.4951.54 Safari/537.36"
::1 - - [12/May/2022:15:23:27 +0200] "GET /images/entete_de.jpg HTTP/1.1" 404 489 "http://localhost:2022/styles/cuiteur.css" "Mozilla/5.0 (X11; Linux x86_64) AppleWebKit/537.36 (KHTML, like Gecko) Chrome/101.0.4951.54 Safari/537.36"
::1 - - [12/May/2022:15:23:27 +0200] "GET /images/entete_dec.jpg HTTP/1.1" 404 489 "http://localhost:2022/styles/cuiteur.css" "Mozilla/5.0 (X11; Linux x86_64) AppleWebKit/537.36 (KHTML, like Gecko) Chrome/101.0.4951.54 Safari/537.36"
::1 - - [12/May/2022:15:23:27 +0200] "GET /images/entete_deco.jpg HTTP/1.1" 404 489 "http://localhost:2022/styles/cuiteur.css" "Mozilla/5.0 (X11; Linux x86_64) AppleWebKit/537.36 (KHTML, like Gecko) Chrome/101.0.4951.54 Safari/537.36"
::1 - - [12/May/2022:15:23:28 +0200] "GET /images/entete_decon.jpg HTTP/1.1" 404 489 "http://localhost:2022/styles/cuiteur.css" "Mozilla/5.0 (X11; Linux x86_64) AppleWebKit/537.36 (KHTML, like Gecko) Chrome/101.0.4951.54 Safari/537.36"
::1 - - [12/May/2022:15:23:28 +0200] "GET /images/entete_deconn.jpg HTTP/1.1" 404 489 "http://localhost:2022/styles/cuiteur.css" "Mozilla/5.0 (X11; Linux x86_64) AppleWebKit/537.36 (KHTML, like Gecko) Chrome/101.0.4951.54 Safari/537.36"
::1 - - [12/May/2022:15:23:28 +0200] "GET /images/entete_deconne.jpg HTTP/1.1" 404 489 "http://localhost:2022/styles/cuiteur.css" "Mozilla/5.0 (X11; Linux x86_64) AppleWebKit/537.36 (KHTML, like Gecko) Chrome/101.0.4951.54 Safari/537.36"
::1 - - [12/May/2022:15:23:28 +0200] "GET /images/entete_deconnec.jpg HTTP/1.1" 404 489 "http://localhost:2022/styles/cuiteur.css" "Mozilla/5.0 (X11; Linux x86_64) AppleWebKit/537.36 (KHTML, like Gecko) Chrome/101.0.4951.54 Safari/537.36"
::1 - - [12/May/2022:15:23:28 +0200] "GET /images/entete_deconnect.jpg HTTP/1.1" 404 489 "http://localhost:2022/styles/cuiteur.css" "Mozilla/5.0 (X11; Linux x86_64) AppleWebKit/537.36 (KHTML, like Gecko) Chrome/101.0.4951.54 Safari/537.36"
::1 - - [12/May/2022:15:23:29 +0200] "GET /images/entete_deconnecte.jpg HTTP/1.1" 200 70221 "http://localhost:2022/styles/cuiteur.css" "Mozilla/5.0 (X11; Linux x86_64) AppleWebKit/537.36 (KHTML, like Gecko) Chrome/101.0.4951.54 Safari/537.36"
::1 - - [12/May/2022:15:23:30 +0200] "GET /images/entete_deconnecte*.jpg HTTP/1.1" 404 489 "http://localhost:2022/styles/cuiteur.css" "Mozilla/5.0 (X11; Linux x86_64) AppleWebKit/537.36 (KHTML, like Gecko) Chrome/101.0.4951.54 Safari/537.36"
::1 - - [12/May/2022:15:23:32 +0200] "GET /images/entete_deconnecte.jpg HTTP/1.1" 200 70221 "http://localhost:2022/styles/cuiteur.css" "Mozilla/5.0 (X11; Linux x86_64) AppleWebKit/537.36 (KHTML, like Gecko) Chrome/101.0.4951.54 Safari/537.36"
127.0.0.1 - - [12/May/2022:15:23:35 +0200] "POST /phpmyadmin/index.php?route=/lint HTTP/1.1" 200 1200 "-" "Mozilla/5.0 (X11; Ubuntu; Linux x86_64; rv:91.0) Gecko/20100101 Firefox/91.0"
127.0.0.1 - - [12/May/2022:15:23:35 +0200] "POST /phpmyadmin/index.php?route=/lint HTTP/1.1" 200 1357 "-" "Mozilla/5.0 (X11; Ubuntu; Linux x86_64; rv:91.0) Gecko/20100101 Firefox/91.0"
127.0.0.1 - - [12/May/2022:15:23:37 +0200] "POST /phpmyadmin/index.php?route=/lint HTTP/1.1" 200 1316 "-" "Mozilla/5.0 (X11; Ubuntu; Linux x86_64; rv:91.0) Gecko/20100101 Firefox/91.0"
127.0.0.1 - - [12/May/2022:15:23:38 +0200] "POST /phpmyadmin/index.php?route=/lint HTTP/1.1" 200 1324 "-" "Mozilla/5.0 (X11; Ubuntu; Linux x86_64; rv:91.0) Gecko/20100101 Firefox/91.0"
127.0.0.1 - - [12/May/2022:15:23:39 +0200] "POST /phpmyadmin/index.php?route=/lint HTTP/1.1" 200 1193 "-" "Mozilla/5.0 (X11; Ubuntu; Linux x86_64; rv:91.0) Gecko/20100101 Firefox/91.0"
127.0.0.1 - - [12/May/2022:15:23:40 +0200] "POST /phpmyadmin/index.php?route=/lint HTTP/1.1" 200 1193 "-" "Mozilla/5.0 (X11; Ubuntu; Linux x86_64; rv:91.0) Gecko/20100101 Firefox/91.0"
127.0.0.1 - - [12/May/2022:15:23:41 +0200] "POST /phpmyadmin/index.php?route=/lint HTTP/1.1" 200 1194 "-" "Mozilla/5.0 (X11; Ubuntu; Linux x86_64; rv:91.0) Gecko/20100101 Firefox/91.0"
127.0.0.1 - - [12/May/2022:15:23:42 +0200] "POST /phpmyadmin/index.php?route=/lint HTTP/1.1" 200 1326 "-" "Mozilla/5.0 (X11; Ubuntu; Linux x86_64; rv:91.0) Gecko/20100101 Firefox/91.0"
127.0.0.1 - - [12/May/2022:15:23:43 +0200] "POST /phpmyadmin/index.php?route=/lint HTTP/1.1" 200 1211 "-" "Mozilla/5.0 (X11; Ubuntu; Linux x86_64; rv:91.0) Gecko/20100101 Firefox/91.0"
127.0.0.1 - - [12/May/2022:15:23:44 +0200] "POST /phpmyadmin/index.php?route=/lint HTTP/1.1" 200 1196 "-" "Mozilla/5.0 (X11; Ubuntu; Linux x86_64; rv:91.0) Gecko/20100101 Firefox/91.0"
127.0.0.1 - - [12/May/2022:15:23:45 +0200] "POST /phpmyadmin/index.php?route=/lint HTTP/1.1" 200 1191 "-" "Mozilla/5.0 (X11; Ubuntu; Linux x86_64; rv:91.0) Gecko/20100101 Firefox/91.0"
127.0.0.1 - - [12/May/2022:15:23:48 +0200] "POST /phpmyadmin/index.php?route=/lint HTTP/1.1" 200 1198 "-" "Mozilla/5.0 (X11; Ubuntu; Linux x86_64; rv:91.0) Gecko/20100101 Firefox/91.0"
127.0.0.1 - - [12/May/2022:15:23:49 +0200] "POST /phpmyadmin/index.php?route=/lint HTTP/1.1" 200 1196 "-" "Mozilla/5.0 (X11; Ubuntu; Linux x86_64; rv:91.0) Gecko/20100101 Firefox/91.0"
127.0.0.1 - - [12/May/2022:15:23:49 +0200] "POST /phpmyadmin/index.php?route=/lint HTTP/1.1" 200 1316 "-" "Mozilla/5.0 (X11; Ubuntu; Linux x86_64; rv:91.0) Gecko/20100101 Firefox/91.0"
127.0.0.1 - - [12/May/2022:15:23:51 +0200] "POST /phpmyadmin/index.php?route=/lint HTTP/1.1" 200 1196 "-" "Mozilla/5.0 (X11; Ubuntu; Linux x86_64; rv:91.0) Gecko/20100101 Firefox/91.0"
127.0.0.1 - - [12/May/2022:15:23:52 +0200] "POST /phpmyadmin/index.php?route=/lint HTTP/1.1" 200 1196 "-" "Mozilla/5.0 (X11; Ubuntu; Linux x86_64; rv:91.0) Gecko/20100101 Firefox/91.0"
::1 - - [12/May/2022:15:23:53 +0200] "GET /index.php HTTP/1.1" 200 1034 "http://localhost:2022/php/cuiteur_1.php" "Mozilla/5.0 (X11; Linux x86_64) AppleWebKit/537.36 (KHTML, like Gecko) Chrome/101.0.4951.54 Safari/537.36"
127.0.0.1 - - [12/May/2022:15:23:53 +0200] "POST /phpmyadmin/index.php?route=/lint HTTP/1.1" 200 1203 "-" "Mozilla/5.0 (X11; Ubuntu; Linux x86_64; rv:91.0) Gecko/20100101 Firefox/91.0"
::1 - - [12/May/2022:15:23:53 +0200] "GET /styles/cuiteur.css HTTP/1.1" 200 2678 "http://localhost:2022/index.php" "Mozilla/5.0 (X11; Linux x86_64) AppleWebKit/537.36 (KHTML, like Gecko) Chrome/101.0.4951.54 Safari/537.36"
::1 - - [12/May/2022:15:23:54 +0200] "GET /images/fond.jpg HTTP/1.1" 200 43616 "http://localhost:2022/styles/cuiteur.css" "Mozilla/5.0 (X11; Linux x86_64) AppleWebKit/537.36 (KHTML, like Gecko) Chrome/101.0.4951.54 Safari/537.36"
::1 - - [12/May/2022:15:23:54 +0200] "GET /images/entete.jpg HTTP/1.1" 200 69845 "http://localhost:2022/styles/cuiteur.css" "Mozilla/5.0 (X11; Linux x86_64) AppleWebKit/537.36 (KHTML, like Gecko) Chrome/101.0.4951.54 Safari/537.36"
::1 - - [12/May/2022:15:23:54 +0200] "GET /images/trait.png HTTP/1.1" 200 896 "http://localhost:2022/styles/cuiteur.css" "Mozilla/5.0 (X11; Linux x86_64) AppleWebKit/537.36 (KHTML, like Gecko) Chrome/101.0.4951.54 Safari/537.36"
::1 - - [12/May/2022:15:23:54 +0200] "GET /images/micro.jpg HTTP/1.1" 200 30030 "http://localhost:2022/styles/cuiteur.css" "Mozilla/5.0 (X11; Linux x86_64) AppleWebKit/537.36 (KHTML, like Gecko) Chrome/101.0.4951.54 Safari/537.36"
::1 - - [12/May/2022:15:23:54 +0200] "GET /images/bouton.png HTTP/1.1" 200 13611 "http://localhost:2022/styles/cuiteur.css" "Mozilla/5.0 (X11; Linux x86_64) AppleWebKit/537.36 (KHTML, like Gecko) Chrome/101.0.4951.54 Safari/537.36"
::1 - - [12/May/2022:15:23:54 +0200] "GET /images/pied.png HTTP/1.1" 200 20776 "http://localhost:2022/styles/cuiteur.css" "Mozilla/5.0 (X11; Linux x86_64) AppleWebKit/537.36 (KHTML, like Gecko) Chrome/101.0.4951.54 Safari/537.36"
::1 - - [12/May/2022:15:23:54 +0200] "GET /images/favicon.ico HTTP/1.1" 200 1450 "http://localhost:2022/index.php" "Mozilla/5.0 (X11; Linux x86_64) AppleWebKit/537.36 (KHTML, like Gecko) Chrome/101.0.4951.54 Safari/537.36"
::1 - - [12/May/2022:15:23:54 +0200] "GET /images/favicon.ico HTTP/1.1" 200 1450 "http://localhost:2022/index.php" "Mozilla/5.0 (X11; Linux x86_64) AppleWebKit/537.36 (KHTML, like Gecko) Chrome/101.0.4951.54 Safari/537.36"
127.0.0.1 - - [12/May/2022:15:23:55 +0200] "POST /phpmyadmin/index.php?route=/lint HTTP/1.1" 200 1320 "-" "Mozilla/5.0 (X11; Ubuntu; Linux x86_64; rv:91.0) Gecko/20100101 Firefox/91.0"
127.0.0.1 - - [12/May/2022:15:23:55 +0200] "POST /phpmyadmin/index.php?route=/lint HTTP/1.1" 200 1316 "-" "Mozilla/5.0 (X11; Ubuntu; Linux x86_64; rv:91.0) Gecko/20100101 Firefox/91.0"
127.0.0.1 - - [12/May/2022:15:23:56 +0200] "POST /phpmyadmin/index.php?route=/lint HTTP/1.1" 200 1209 "-" "Mozilla/5.0 (X11; Ubuntu; Linux x86_64; rv:91.0) Gecko/20100101 Firefox/91.0"
127.0.0.1 - - [12/May/2022:15:23:56 +0200] "POST /phpmyadmin/index.php?route=/lint HTTP/1.1" 200 1311 "-" "Mozilla/5.0 (X11; Ubuntu; Linux x86_64; rv:91.0) Gecko/20100101 Firefox/91.0"
127.0.0.1 - - [12/May/2022:15:23:57 +0200] "POST /phpmyadmin/index.php?route=/lint HTTP/1.1" 200 1202 "-" "Mozilla/5.0 (X11; Ubuntu; Linux x86_64; rv:91.0) Gecko/20100101 Firefox/91.0"
127.0.0.1 - - [12/May/2022:15:23:58 +0200] "POST /phpmyadmin/index.php?route=/lint HTTP/1.1" 200 1196 "-" "Mozilla/5.0 (X11; Ubuntu; Linux x86_64; rv:91.0) Gecko/20100101 Firefox/91.0"
127.0.0.1 - - [12/May/2022:15:24:00 +0200] "POST /phpmyadmin/index.php?route=/lint HTTP/1.1" 200 1201 "-" "Mozilla/5.0 (X11; Ubuntu; Linux x86_64; rv:91.0) Gecko/20100101 Firefox/91.0"
127.0.0.1 - - [12/May/2022:15:24:04 +0200] "POST /phpmyadmin/index.php?route=/lint HTTP/1.1" 200 1206 "-" "Mozilla/5.0 (X11; Ubuntu; Linux x86_64; rv:91.0) Gecko/20100101 Firefox/91.0"
127.0.0.1 - - [12/May/2022:15:24:06 +0200] "POST /phpmyadmin/index.php?route=/lint HTTP/1.1" 200 1191 "-" "Mozilla/5.0 (X11; Ubuntu; Linux x86_64; rv:91.0) Gecko/20100101 Firefox/91.0"
127.0.0.1 - - [12/May/2022:15:24:08 +0200] "POST /phpmyadmin/index.php?route=/lint HTTP/1.1" 200 1195 "-" "Mozilla/5.0 (X11; Ubuntu; Linux x86_64; rv:91.0) Gecko/20100101 Firefox/91.0"
127.0.0.1 - - [12/May/2022:15:24:08 +0200] "POST /phpmyadmin/index.php?route=/lint HTTP/1.1" 200 1198 "-" "Mozilla/5.0 (X11; Ubuntu; Linux x86_64; rv:91.0) Gecko/20100101 Firefox/91.0"
127.0.0.1 - - [12/May/2022:15:24:10 +0200] "POST /phpmyadmin/index.php?route=/lint HTTP/1.1" 200 1205 "-" "Mozilla/5.0 (X11; Ubuntu; Linux x86_64; rv:91.0) Gecko/20100101 Firefox/91.0"
127.0.0.1 - - [12/May/2022:15:24:11 +0200] "POST /phpmyadmin/index.php?route=/lint HTTP/1.1" 200 1196 "-" "Mozilla/5.0 (X11; Ubuntu; Linux x86_64; rv:91.0) Gecko/20100101 Firefox/91.0"
127.0.0.1 - - [12/May/2022:15:24:14 +0200] "POST /phpmyadmin/index.php?route=/lint HTTP/1.1" 200 1210 "-" "Mozilla/5.0 (X11; Ubuntu; Linux x86_64; rv:91.0) Gecko/20100101 Firefox/91.0"
127.0.0.1 - - [12/May/2022:15:24:15 +0200] "POST /phpmyadmin/index.php?route=/lint HTTP/1.1" 200 1201 "-" "Mozilla/5.0 (X11; Ubuntu; Linux x86_64; rv:91.0) Gecko/20100101 Firefox/91.0"
127.0.0.1 - - [12/May/2022:15:24:16 +0200] "POST /phpmyadmin/index.php?route=/lint HTTP/1.1" 200 1201 "-" "Mozilla/5.0 (X11; Ubuntu; Linux x86_64; rv:91.0) Gecko/20100101 Firefox/91.0"
::1 - - [12/May/2022:15:24:16 +0200] "GET /index.php HTTP/1.1" 200 1034 "http://localhost:2022/php/cuiteur_1.php" "Mozilla/5.0 (X11; Linux x86_64) AppleWebKit/537.36 (KHTML, like Gecko) Chrome/101.0.4951.54 Safari/537.36"
::1 - - [12/May/2022:15:24:17 +0200] "GET /styles/cuiteur.css HTTP/1.1" 200 2678 "http://localhost:2022/index.php" "Mozilla/5.0 (X11; Linux x86_64) AppleWebKit/537.36 (KHTML, like Gecko) Chrome/101.0.4951.54 Safari/537.36"
::1 - - [12/May/2022:15:24:17 +0200] "GET /images/fond.jpg HTTP/1.1" 200 43616 "http://localhost:2022/styles/cuiteur.css" "Mozilla/5.0 (X11; Linux x86_64) AppleWebKit/537.36 (KHTML, like Gecko) Chrome/101.0.4951.54 Safari/537.36"
::1 - - [12/May/2022:15:24:17 +0200] "GET /images/entete.jpg HTTP/1.1" 200 69845 "http://localhost:2022/styles/cuiteur.css" "Mozilla/5.0 (X11; Linux x86_64) AppleWebKit/537.36 (KHTML, like Gecko) Chrome/101.0.4951.54 Safari/537.36"
::1 - - [12/May/2022:15:24:17 +0200] "GET /images/trait.png HTTP/1.1" 200 896 "http://localhost:2022/styles/cuiteur.css" "Mozilla/5.0 (X11; Linux x86_64) AppleWebKit/537.36 (KHTML, like Gecko) Chrome/101.0.4951.54 Safari/537.36"
::1 - - [12/May/2022:15:24:17 +0200] "GET /images/micro.jpg HTTP/1.1" 200 30030 "http://localhost:2022/styles/cuiteur.css" "Mozilla/5.0 (X11; Linux x86_64) AppleWebKit/537.36 (KHTML, like Gecko) Chrome/101.0.4951.54 Safari/537.36"
::1 - - [12/May/2022:15:24:17 +0200] "GET /images/bouton.png HTTP/1.1" 200 13611 "http://localhost:2022/styles/cuiteur.css" "Mozilla/5.0 (X11; Linux x86_64) AppleWebKit/537.36 (KHTML, like Gecko) Chrome/101.0.4951.54 Safari/537.36"
::1 - - [12/May/2022:15:24:17 +0200] "GET /images/pied.png HTTP/1.1" 200 20777 "http://localhost:2022/styles/cuiteur.css" "Mozilla/5.0 (X11; Linux x86_64) AppleWebKit/537.36 (KHTML, like Gecko) Chrome/101.0.4951.54 Safari/537.36"
::1 - - [12/May/2022:15:24:17 +0200] "GET /images/favicon.ico HTTP/1.1" 200 1450 "http://localhost:2022/index.php" "Mozilla/5.0 (X11; Linux x86_64) AppleWebKit/537.36 (KHTML, like Gecko) Chrome/101.0.4951.54 Safari/537.36"
127.0.0.1 - - [12/May/2022:15:24:17 +0200] "POST /phpmyadmin/index.php?route=/lint HTTP/1.1" 200 1202 "-" "Mozilla/5.0 (X11; Ubuntu; Linux x86_64; rv:91.0) Gecko/20100101 Firefox/91.0"
::1 - - [12/May/2022:15:24:17 +0200] "GET /images/favicon.ico HTTP/1.1" 200 1450 "http://localhost:2022/index.php" "Mozilla/5.0 (X11; Linux x86_64) AppleWebKit/537.36 (KHTML, like Gecko) Chrome/101.0.4951.54 Safari/537.36"
127.0.0.1 - - [12/May/2022:15:24:18 +0200] "POST /phpmyadmin/index.php?route=/lint HTTP/1.1" 200 1206 "-" "Mozilla/5.0 (X11; Ubuntu; Linux x86_64; rv:91.0) Gecko/20100101 Firefox/91.0"
127.0.0.1 - - [12/May/2022:15:24:20 +0200] "POST /phpmyadmin/index.php?route=/lint HTTP/1.1" 200 1211 "-" "Mozilla/5.0 (X11; Ubuntu; Linux x86_64; rv:91.0) Gecko/20100101 Firefox/91.0"
127.0.0.1 - - [12/May/2022:15:24:21 +0200] "POST /phpmyadmin/index.php?route=/lint HTTP/1.1" 200 1204 "-" "Mozilla/5.0 (X11; Ubuntu; Linux x86_64; rv:91.0) Gecko/20100101 Firefox/91.0"
127.0.0.1 - - [12/May/2022:15:24:22 +0200] "POST /phpmyadmin/index.php?route=/lint HTTP/1.1" 200 1196 "-" "Mozilla/5.0 (X11; Ubuntu; Linux x86_64; rv:91.0) Gecko/20100101 Firefox/91.0"
127.0.0.1 - - [12/May/2022:15:24:23 +0200] "POST /phpmyadmin/index.php?route=/lint HTTP/1.1" 200 1205 "-" "Mozilla/5.0 (X11; Ubuntu; Linux x86_64; rv:91.0) Gecko/20100101 Firefox/91.0"
127.0.0.1 - - [12/May/2022:15:24:24 +0200] "POST /phpmyadmin/index.php?route=/lint HTTP/1.1" 200 1193 "-" "Mozilla/5.0 (X11; Ubuntu; Linux x86_64; rv:91.0) Gecko/20100101 Firefox/91.0"
127.0.0.1 - - [12/May/2022:15:24:25 +0200] "POST /phpmyadmin/index.php?route=/lint HTTP/1.1" 200 1204 "-" "Mozilla/5.0 (X11; Ubuntu; Linux x86_64; rv:91.0) Gecko/20100101 Firefox/91.0"
127.0.0.1 - - [12/May/2022:15:24:26 +0200] "POST /phpmyadmin/index.php?route=/lint HTTP/1.1" 200 1203 "-" "Mozilla/5.0 (X11; Ubuntu; Linux x86_64; rv:91.0) Gecko/20100101 Firefox/91.0"
127.0.0.1 - - [12/May/2022:15:24:27 +0200] "POST /phpmyadmin/index.php?route=/lint HTTP/1.1" 200 1191 "-" "Mozilla/5.0 (X11; Ubuntu; Linux x86_64; rv:91.0) Gecko/20100101 Firefox/91.0"
127.0.0.1 - - [12/May/2022:15:24:29 +0200] "POST /phpmyadmin/index.php?route=/lint HTTP/1.1" 200 1200 "-" "Mozilla/5.0 (X11; Ubuntu; Linux x86_64; rv:91.0) Gecko/20100101 Firefox/91.0"
127.0.0.1 - - [12/May/2022:15:24:30 +0200] "POST /phpmyadmin/index.php?route=/lint HTTP/1.1" 200 1201 "-" "Mozilla/5.0 (X11; Ubuntu; Linux x86_64; rv:91.0) Gecko/20100101 Firefox/91.0"
127.0.0.1 - - [12/May/2022:15:24:33 +0200] "POST /phpmyadmin/index.php?route=/lint HTTP/1.1" 200 1208 "-" "Mozilla/5.0 (X11; Ubuntu; Linux x86_64; rv:91.0) Gecko/20100101 Firefox/91.0"
127.0.0.1 - - [12/May/2022:15:24:34 +0200] "POST /phpmyadmin/index.php?route=/lint HTTP/1.1" 200 1189 "-" "Mozilla/5.0 (X11; Ubuntu; Linux x86_64; rv:91.0) Gecko/20100101 Firefox/91.0"
127.0.0.1 - - [12/May/2022:15:24:35 +0200] "POST /phpmyadmin/index.php?route=/lint HTTP/1.1" 200 1198 "-" "Mozilla/5.0 (X11; Ubuntu; Linux x86_64; rv:91.0) Gecko/20100101 Firefox/91.0"
127.0.0.1 - - [12/May/2022:15:24:37 +0200] "POST /phpmyadmin/index.php?route=/lint HTTP/1.1" 200 1203 "-" "Mozilla/5.0 (X11; Ubuntu; Linux x86_64; rv:91.0) Gecko/20100101 Firefox/91.0"
127.0.0.1 - - [12/May/2022:15:24:38 +0200] "POST /phpmyadmin/index.php?route=/lint HTTP/1.1" 200 1199 "-" "Mozilla/5.0 (X11; Ubuntu; Linux x86_64; rv:91.0) Gecko/20100101 Firefox/91.0"
::1 - - [12/May/2022:15:24:56 +0200] "GET /index.php HTTP/1.1" 200 1034 "http://localhost:2022/php/cuiteur_1.php" "Mozilla/5.0 (X11; Linux x86_64) AppleWebKit/537.36 (KHTML, like Gecko) Chrome/101.0.4951.54 Safari/537.36"
::1 - - [12/May/2022:15:24:56 +0200] "GET /styles/cuiteur.css HTTP/1.1" 200 2678 "http://localhost:2022/index.php" "Mozilla/5.0 (X11; Linux x86_64) AppleWebKit/537.36 (KHTML, like Gecko) Chrome/101.0.4951.54 Safari/537.36"
::1 - - [12/May/2022:15:24:57 +0200] "GET /images/fond.jpg HTTP/1.1" 200 43616 "http://localhost:2022/styles/cuiteur.css" "Mozilla/5.0 (X11; Linux x86_64) AppleWebKit/537.36 (KHTML, like Gecko) Chrome/101.0.4951.54 Safari/537.36"
::1 - - [12/May/2022:15:24:57 +0200] "GET /images/entete_deconnecte.jpg HTTP/1.1" 200 70222 "http://localhost:2022/styles/cuiteur.css" "Mozilla/5.0 (X11; Linux x86_64) AppleWebKit/537.36 (KHTML, like Gecko) Chrome/101.0.4951.54 Safari/537.36"
::1 - - [12/May/2022:15:24:57 +0200] "GET /images/trait.png HTTP/1.1" 200 896 "http://localhost:2022/styles/cuiteur.css" "Mozilla/5.0 (X11; Linux x86_64) AppleWebKit/537.36 (KHTML, like Gecko) Chrome/101.0.4951.54 Safari/537.36"
::1 - - [12/May/2022:15:24:57 +0200] "GET /images/micro.jpg HTTP/1.1" 200 30031 "http://localhost:2022/styles/cuiteur.css" "Mozilla/5.0 (X11; Linux x86_64) AppleWebKit/537.36 (KHTML, like Gecko) Chrome/101.0.4951.54 Safari/537.36"
::1 - - [12/May/2022:15:24:57 +0200] "GET /images/bouton.png HTTP/1.1" 200 13611 "http://localhost:2022/styles/cuiteur.css" "Mozilla/5.0 (X11; Linux x86_64) AppleWebKit/537.36 (KHTML, like Gecko) Chrome/101.0.4951.54 Safari/537.36"
::1 - - [12/May/2022:15:24:57 +0200] "GET /images/pied.png HTTP/1.1" 200 20777 "http://localhost:2022/styles/cuiteur.css" "Mozilla/5.0 (X11; Linux x86_64) AppleWebKit/537.36 (KHTML, like Gecko) Chrome/101.0.4951.54 Safari/537.36"
::1 - - [12/May/2022:15:24:57 +0200] "GET /images/favicon.ico HTTP/1.1" 200 1450 "http://localhost:2022/index.php" "Mozilla/5.0 (X11; Linux x86_64) AppleWebKit/537.36 (KHTML, like Gecko) Chrome/101.0.4951.54 Safari/537.36"
::1 - - [12/May/2022:15:24:57 +0200] "GET /images/favicon.ico HTTP/1.1" 200 1450 "http://localhost:2022/index.php" "Mozilla/5.0 (X11; Linux x86_64) AppleWebKit/537.36 (KHTML, like Gecko) Chrome/101.0.4951.54 Safari/537.36"
127.0.0.1 - - [12/May/2022:15:24:58 +0200] "POST /phpmyadmin/index.php?route=/lint HTTP/1.1" 200 1209 "-" "Mozilla/5.0 (X11; Ubuntu; Linux x86_64; rv:91.0) Gecko/20100101 Firefox/91.0"
::1 - - [12/May/2022:15:25:05 +0200] "OPTIONS * HTTP/1.0" 200 126 "-" "Apache/2.4.53 (Ubuntu) mod_fcgid/2.3.9 (internal dummy connection)"
127.0.0.1 - - [12/May/2022:15:25:05 +0200] "POST /phpmyadmin/index.php?route=/lint HTTP/1.1" 200 1211 "-" "Mozilla/5.0 (X11; Ubuntu; Linux x86_64; rv:91.0) Gecko/20100101 Firefox/91.0"
127.0.0.1 - - [12/May/2022:15:25:06 +0200] "POST /phpmyadmin/index.php?route=/lint HTTP/1.1" 200 1204 "-" "Mozilla/5.0 (X11; Ubuntu; Linux x86_64; rv:91.0) Gecko/20100101 Firefox/91.0"
127.0.0.1 - - [12/May/2022:15:25:07 +0200] "POST /phpmyadmin/index.php?route=/lint HTTP/1.1" 200 1208 "-" "Mozilla/5.0 (X11; Ubuntu; Linux x86_64; rv:91.0) Gecko/20100101 Firefox/91.0"
127.0.0.1 - - [12/May/2022:15:25:09 +0200] "POST /phpmyadmin/index.php?route=/lint HTTP/1.1" 200 1206 "-" "Mozilla/5.0 (X11; Ubuntu; Linux x86_64; rv:91.0) Gecko/20100101 Firefox/91.0"
127.0.0.1 - - [12/May/2022:15:25:09 +0200] "POST /phpmyadmin/index.php?route=/lint HTTP/1.1" 200 1214 "-" "Mozilla/5.0 (X11; Ubuntu; Linux x86_64; rv:91.0) Gecko/20100101 Firefox/91.0"
::1 - - [12/May/2022:15:25:09 +0200] "POST /index.php HTTP/1.1" 302 345 "http://localhost:2022/index.php" "Mozilla/5.0 (X11; Linux x86_64) AppleWebKit/537.36 (KHTML, like Gecko) Chrome/101.0.4951.54 Safari/537.36"
::1 - - [12/May/2022:15:25:10 +0200] "GET /php/cuiteur_1.php HTTP/1.1" 200 1316 "http://localhost:2022/index.php" "Mozilla/5.0 (X11; Linux x86_64) AppleWebKit/537.36 (KHTML, like Gecko) Chrome/101.0.4951.54 Safari/537.36"
::1 - - [12/May/2022:15:25:10 +0200] "GET /styles/cuiteur.css HTTP/1.1" 200 2678 "http://localhost:2022/php/cuiteur_1.php" "Mozilla/5.0 (X11; Linux x86_64) AppleWebKit/537.36 (KHTML, like Gecko) Chrome/101.0.4951.54 Safari/537.36"
::1 - - [12/May/2022:15:25:10 +0200] "GET /images/anonyme.jpg HTTP/1.1" 200 1950 "http://localhost:2022/php/cuiteur_1.php" "Mozilla/5.0 (X11; Linux x86_64) AppleWebKit/537.36 (KHTML, like Gecko) Chrome/101.0.4951.54 Safari/537.36"
::1 - - [12/May/2022:15:25:10 +0200] "GET /images/yoda.jpg HTTP/1.1" 200 2654 "http://localhost:2022/php/cuiteur_1.php" "Mozilla/5.0 (X11; Linux x86_64) AppleWebKit/537.36 (KHTML, like Gecko) Chrome/101.0.4951.54 Safari/537.36"
::1 - - [12/May/2022:15:25:10 +0200] "GET /images/paulo.jpg HTTP/1.1" 200 2832 "http://localhost:2022/php/cuiteur_1.php" "Mozilla/5.0 (X11; Linux x86_64) AppleWebKit/537.36 (KHTML, like Gecko) Chrome/101.0.4951.54 Safari/537.36"
::1 - - [12/May/2022:15:25:10 +0200] "GET /images/fond.jpg HTTP/1.1" 200 43616 "http://localhost:2022/styles/cuiteur.css" "Mozilla/5.0 (X11; Linux x86_64) AppleWebKit/537.36 (KHTML, like Gecko) Chrome/101.0.4951.54 Safari/537.36"
::1 - - [12/May/2022:15:25:10 +0200] "GET /images/entete.jpg HTTP/1.1" 200 69844 "http://localhost:2022/styles/cuiteur.css" "Mozilla/5.0 (X11; Linux x86_64) AppleWebKit/537.36 (KHTML, like Gecko) Chrome/101.0.4951.54 Safari/537.36"
::1 - - [12/May/2022:15:25:10 +0200] "GET /images/home.png HTTP/1.1" 200 5402 "http://localhost:2022/styles/cuiteur.css" "Mozilla/5.0 (X11; Linux x86_64) AppleWebKit/537.36 (KHTML, like Gecko) Chrome/101.0.4951.54 Safari/537.36"
::1 - - [12/May/2022:15:25:10 +0200] "GET /images/cherche.png HTTP/1.1" 200 4835 "http://localhost:2022/styles/cuiteur.css" "Mozilla/5.0 (X11; Linux x86_64) AppleWebKit/537.36 (KHTML, like Gecko) Chrome/101.0.4951.54 Safari/537.36"
::1 - - [12/May/2022:15:25:10 +0200] "GET /images/deconnexion.png HTTP/1.1" 200 9423 "http://localhost:2022/styles/cuiteur.css" "Mozilla/5.0 (X11; Linux x86_64) AppleWebKit/537.36 (KHTML, like Gecko) Chrome/101.0.4951.54 Safari/537.36"
::1 - - [12/May/2022:15:25:10 +0200] "GET /images/config.png HTTP/1.1" 200 4924 "http://localhost:2022/styles/cuiteur.css" "Mozilla/5.0 (X11; Linux x86_64) AppleWebKit/537.36 (KHTML, like Gecko) Chrome/101.0.4951.54 Safari/537.36"
::1 - - [12/May/2022:15:25:10 +0200] "GET /images/saisie.png HTTP/1.1" 200 15289 "http://localhost:2022/styles/cuiteur.css" "Mozilla/5.0 (X11; Linux x86_64) AppleWebKit/537.36 (KHTML, like Gecko) Chrome/101.0.4951.54 Safari/537.36"
::1 - - [12/May/2022:15:25:10 +0200] "GET /images/haut_parleur.png HTTP/1.1" 200 5943 "http://localhost:2022/styles/cuiteur.css" "Mozilla/5.0 (X11; Linux x86_64) AppleWebKit/537.36 (KHTML, like Gecko) Chrome/101.0.4951.54 Safari/537.36"
::1 - - [12/May/2022:15:25:10 +0200] "GET /images/micro.jpg HTTP/1.1" 200 30030 "http://localhost:2022/styles/cuiteur.css" "Mozilla/5.0 (X11; Linux x86_64) AppleWebKit/537.36 (KHTML, like Gecko) Chrome/101.0.4951.54 Safari/537.36"
::1 - - [12/May/2022:15:25:10 +0200] "GET /images/fond_blabla.png HTTP/1.1" 200 525 "http://localhost:2022/styles/cuiteur.css" "Mozilla/5.0 (X11; Linux x86_64) AppleWebKit/537.36 (KHTML, like Gecko) Chrome/101.0.4951.54 Safari/537.36"
::1 - - [12/May/2022:15:25:10 +0200] "GET /images/pied.png HTTP/1.1" 200 20776 "http://localhost:2022/styles/cuiteur.css" "Mozilla/5.0 (X11; Linux x86_64) AppleWebKit/537.36 (KHTML, like Gecko) Chrome/101.0.4951.54 Safari/537.36"
::1 - - [12/May/2022:15:25:10 +0200] "GET /images/favicon.ico HTTP/1.1" 200 1450 "http://localhost:2022/php/cuiteur_1.php" "Mozilla/5.0 (X11; Linux x86_64) AppleWebKit/537.36 (KHTML, like Gecko) Chrome/101.0.4951.54 Safari/537.36"
127.0.0.1 - - [12/May/2022:15:25:11 +0200] "POST /phpmyadmin/index.php?route=/lint HTTP/1.1" 200 1194 "-" "Mozilla/5.0 (X11; Ubuntu; Linux x86_64; rv:91.0) Gecko/20100101 Firefox/91.0"
::1 - - [12/May/2022:15:25:11 +0200] "GET /images/favicon.ico HTTP/1.1" 200 1450 "http://localhost:2022/php/cuiteur_1.php" "Mozilla/5.0 (X11; Linux x86_64) AppleWebKit/537.36 (KHTML, like Gecko) Chrome/101.0.4951.54 Safari/537.36"
127.0.0.1 - - [12/May/2022:15:25:11 +0200] "POST /phpmyadmin/index.php?route=/lint HTTP/1.1" 200 1194 "-" "Mozilla/5.0 (X11; Ubuntu; Linux x86_64; rv:91.0) Gecko/20100101 Firefox/91.0"
127.0.0.1 - - [12/May/2022:15:25:14 +0200] "POST /phpmyadmin/index.php?route=/lint HTTP/1.1" 200 1198 "-" "Mozilla/5.0 (X11; Ubuntu; Linux x86_64; rv:91.0) Gecko/20100101 Firefox/91.0"
127.0.0.1 - - [12/May/2022:15:25:15 +0200] "POST /phpmyadmin/index.php?route=/lint HTTP/1.1" 200 1202 "-" "Mozilla/5.0 (X11; Ubuntu; Linux x86_64; rv:91.0) Gecko/20100101 Firefox/91.0"
127.0.0.1 - - [12/May/2022:15:25:15 +0200] "POST /phpmyadmin/index.php?route=/lint HTTP/1.1" 200 1203 "-" "Mozilla/5.0 (X11; Ubuntu; Linux x86_64; rv:91.0) Gecko/20100101 Firefox/91.0"
127.0.0.1 - - [12/May/2022:15:25:16 +0200] "POST /phpmyadmin/index.php?route=/lint HTTP/1.1" 200 1191 "-" "Mozilla/5.0 (X11; Ubuntu; Linux x86_64; rv:91.0) Gecko/20100101 Firefox/91.0"
127.0.0.1 - - [12/May/2022:15:25:18 +0200] "POST /phpmyadmin/index.php?route=/lint HTTP/1.1" 200 1194 "-" "Mozilla/5.0 (X11; Ubuntu; Linux x86_64; rv:91.0) Gecko/20100101 Firefox/91.0"
::1 - - [12/May/2022:15:25:18 +0200] "OPTIONS * HTTP/1.0" 200 126 "-" "Apache/2.4.53 (Ubuntu) mod_fcgid/2.3.9 (internal dummy connection)"
