::1 - - [12/May/2022:16:59:39 +0200] "POST /php/cuiteur.php HTTP/1.1" 200 1940 "http://localhost:2022/php/cuiteur.php" "Mozilla/5.0 (X11; Linux x86_64) AppleWebKit/537.36 (KHTML, like Gecko) Chrome/101.0.4951.54 Safari/537.36"
::1 - - [12/May/2022:16:59:39 +0200] "GET /styles/cuiteur.css HTTP/1.1" 304 221 "http://localhost:2022/php/cuiteur.php" "Mozilla/5.0 (X11; Linux x86_64) AppleWebKit/537.36 (KHTML, like Gecko) Chrome/101.0.4951.54 Safari/537.36"
::1 - - [12/May/2022:17:01:36 +0200] "POST /php/cuiteur.php HTTP/1.1" 200 1911 "http://localhost:2022/php/cuiteur.php" "Mozilla/5.0 (X11; Linux x86_64) AppleWebKit/537.36 (KHTML, like Gecko) Chrome/101.0.4951.54 Safari/537.36"
127.0.0.1 - - [12/May/2022:17:02:14 +0200] "GET /php/utilisateur.php?id=3 HTTP/1.1" 200 307 "http://localhost:2022/php/cuiteur.php" "Mozilla/5.0 (X11; Ubuntu; Linux x86_64; rv:91.0) Gecko/20100101 Firefox/91.0"
::1 - - [12/May/2022:17:06:58 +0200] "GET /phpmyadmin/index.php?route=/sql&server=1&db=cuiteur_bd&table=tags&pos=0&ajax_request=true&ajax_page_request=true&_nocache=1652368018249975788&token=782b4e786f316c6c4a794c2344485766 HTTP/1.1" 200 13248 "-" "Mozilla/5.0 (X11; Linux x86_64) AppleWebKit/537.36 (KHTML, like Gecko) Chrome/101.0.4951.54 Safari/537.36"
::1 - - [12/May/2022:17:06:58 +0200] "GET /phpmyadmin/index.php?route=/recent-table&ajax_request=1&recent_table=1&no_debug=true&_nocache=1652368018702547569&token=782b4e786f316c6c4a794c2344485766 HTTP/1.1" 200 2769 "-" "Mozilla/5.0 (X11; Linux x86_64) AppleWebKit/537.36 (KHTML, like Gecko) Chrome/101.0.4951.54 Safari/537.36"
::1 - - [12/May/2022:17:07:04 +0200] "GET /phpmyadmin/index.php?route=/table/sql&db=cuiteur_bd&table=tags&ajax_request=true&ajax_page_request=true&_nocache=1652368024728605813&token=782b4e786f316c6c4a794c2344485766 HTTP/1.1" 200 6326 "-" "Mozilla/5.0 (X11; Linux x86_64) AppleWebKit/537.36 (KHTML, like Gecko) Chrome/101.0.4951.54 Safari/537.36"
::1 - - [12/May/2022:17:07:05 +0200] "GET /phpmyadmin/index.php?route=/recent-table&ajax_request=1&recent_table=1&no_debug=true&_nocache=1652368025065127405&token=782b4e786f316c6c4a794c2344485766 HTTP/1.1" 200 2762 "-" "Mozilla/5.0 (X11; Linux x86_64) AppleWebKit/537.36 (KHTML, like Gecko) Chrome/101.0.4951.54 Safari/537.36"
::1 - - [12/May/2022:17:07:05 +0200] "POST /phpmyadmin/index.php?route=/lint HTTP/1.1" 200 1202 "-" "Mozilla/5.0 (X11; Linux x86_64) AppleWebKit/537.36 (KHTML, like Gecko) Chrome/101.0.4951.54 Safari/537.36"
::1 - - [12/May/2022:17:07:07 +0200] "POST /phpmyadmin/index.php?route=/lint HTTP/1.1" 200 1210 "-" "Mozilla/5.0 (X11; Linux x86_64) AppleWebKit/537.36 (KHTML, like Gecko) Chrome/101.0.4951.54 Safari/537.36"
127.0.0.1 - - [12/May/2022:17:08:41 +0200] "GET /php/utilisateur.php?id=3 HTTP/1.1" 200 1244 "http://localhost:2022/php/cuiteur.php" "Mozilla/5.0 (X11; Ubuntu; Linux x86_64; rv:91.0) Gecko/20100101 Firefox/91.0"
127.0.0.1 - - [12/May/2022:17:08:42 +0200] "GET /images/pdac.jpg HTTP/1.1" 304 248 "http://localhost:2022/php/utilisateur.php?id=3" "Mozilla/5.0 (X11; Ubuntu; Linux x86_64; rv:91.0) Gecko/20100101 Firefox/91.0"
127.0.0.1 - - [12/May/2022:17:08:42 +0200] "GET /images/yoda.jpg HTTP/1.1" 304 249 "http://localhost:2022/php/utilisateur.php?id=3" "Mozilla/5.0 (X11; Ubuntu; Linux x86_64; rv:91.0) Gecko/20100101 Firefox/91.0"
127.0.0.1 - - [12/May/2022:17:08:42 +0200] "GET /images/paulo.jpg HTTP/1.1" 304 249 "http://localhost:2022/php/utilisateur.php?id=3" "Mozilla/5.0 (X11; Ubuntu; Linux x86_64; rv:91.0) Gecko/20100101 Firefox/91.0"
127.0.0.1 - - [12/May/2022:17:08:42 +0200] "GET /images/speaker.png HTTP/1.1" 304 250 "http://localhost:2022/php/utilisateur.php?id=3" "Mozilla/5.0 (X11; Ubuntu; Linux x86_64; rv:91.0) Gecko/20100101 Firefox/91.0"
127.0.0.1 - - [12/May/2022:17:08:42 +0200] "GET /styles/cuiteur.css HTTP/1.1" 200 2679 "http://localhost:2022/php/utilisateur.php?id=3" "Mozilla/5.0 (X11; Ubuntu; Linux x86_64; rv:91.0) Gecko/20100101 Firefox/91.0"
127.0.0.1 - - [12/May/2022:17:08:42 +0200] "GET /images/pied.png HTTP/1.1" 304 249 "http://localhost:2022/styles/cuiteur.css" "Mozilla/5.0 (X11; Ubuntu; Linux x86_64; rv:91.0) Gecko/20100101 Firefox/91.0"
127.0.0.1 - - [12/May/2022:17:08:42 +0200] "GET /images/fond.jpg HTTP/1.1" 304 249 "http://localhost:2022/styles/cuiteur.css" "Mozilla/5.0 (X11; Ubuntu; Linux x86_64; rv:91.0) Gecko/20100101 Firefox/91.0"
127.0.0.1 - - [12/May/2022:17:08:42 +0200] "GET /images/entete.jpg HTTP/1.1" 304 250 "http://localhost:2022/styles/cuiteur.css" "Mozilla/5.0 (X11; Ubuntu; Linux x86_64; rv:91.0) Gecko/20100101 Firefox/91.0"
127.0.0.1 - - [12/May/2022:17:08:42 +0200] "GET /images/deconnexion.png HTTP/1.1" 304 249 "http://localhost:2022/styles/cuiteur.css" "Mozilla/5.0 (X11; Ubuntu; Linux x86_64; rv:91.0) Gecko/20100101 Firefox/91.0"
127.0.0.1 - - [12/May/2022:17:08:42 +0200] "GET /images/home.png HTTP/1.1" 304 249 "http://localhost:2022/styles/cuiteur.css" "Mozilla/5.0 (X11; Ubuntu; Linux x86_64; rv:91.0) Gecko/20100101 Firefox/91.0"
127.0.0.1 - - [12/May/2022:17:08:42 +0200] "GET /images/config.png HTTP/1.1" 304 249 "http://localhost:2022/styles/cuiteur.css" "Mozilla/5.0 (X11; Ubuntu; Linux x86_64; rv:91.0) Gecko/20100101 Firefox/91.0"
127.0.0.1 - - [12/May/2022:17:08:42 +0200] "GET /images/haut_parleur.png HTTP/1.1" 304 249 "http://localhost:2022/styles/cuiteur.css" "Mozilla/5.0 (X11; Ubuntu; Linux x86_64; rv:91.0) Gecko/20100101 Firefox/91.0"
127.0.0.1 - - [12/May/2022:17:08:42 +0200] "GET /images/saisie.png HTTP/1.1" 304 249 "http://localhost:2022/styles/cuiteur.css" "Mozilla/5.0 (X11; Ubuntu; Linux x86_64; rv:91.0) Gecko/20100101 Firefox/91.0"
127.0.0.1 - - [12/May/2022:17:08:42 +0200] "GET /images/micro.jpg HTTP/1.1" 304 249 "http://localhost:2022/styles/cuiteur.css" "Mozilla/5.0 (X11; Ubuntu; Linux x86_64; rv:91.0) Gecko/20100101 Firefox/91.0"
127.0.0.1 - - [12/May/2022:17:08:42 +0200] "GET /images/cherche.png HTTP/1.1" 304 250 "http://localhost:2022/styles/cuiteur.css" "Mozilla/5.0 (X11; Ubuntu; Linux x86_64; rv:91.0) Gecko/20100101 Firefox/91.0"
::1 - - [12/May/2022:17:08:47 +0200] "OPTIONS * HTTP/1.0" 200 126 "-" "Apache/2.4.53 (Ubuntu) mod_fcgid/2.3.9 (internal dummy connection)"
127.0.0.1 - - [12/May/2022:17:09:40 +0200] "GET /php/utilisateur.php?id=3 HTTP/1.1" 200 1252 "http://localhost:2022/php/cuiteur.php" "Mozilla/5.0 (X11; Ubuntu; Linux x86_64; rv:91.0) Gecko/20100101 Firefox/91.0"
127.0.0.1 - - [12/May/2022:17:09:40 +0200] "GET /images/pdac.jpg HTTP/1.1" 304 248 "http://localhost:2022/php/utilisateur.php?id=3" "Mozilla/5.0 (X11; Ubuntu; Linux x86_64; rv:91.0) Gecko/20100101 Firefox/91.0"
127.0.0.1 - - [12/May/2022:17:09:40 +0200] "GET /images/yoda.jpg HTTP/1.1" 304 249 "http://localhost:2022/php/utilisateur.php?id=3" "Mozilla/5.0 (X11; Ubuntu; Linux x86_64; rv:91.0) Gecko/20100101 Firefox/91.0"
127.0.0.1 - - [12/May/2022:17:09:40 +0200] "GET /images/paulo.jpg HTTP/1.1" 304 249 "http://localhost:2022/php/utilisateur.php?id=3" "Mozilla/5.0 (X11; Ubuntu; Linux x86_64; rv:91.0) Gecko/20100101 Firefox/91.0"
127.0.0.1 - - [12/May/2022:17:09:40 +0200] "GET /images/speaker.png HTTP/1.1" 304 250 "http://localhost:2022/php/utilisateur.php?id=3" "Mozilla/5.0 (X11; Ubuntu; Linux x86_64; rv:91.0) Gecko/20100101 Firefox/91.0"
127.0.0.1 - - [12/May/2022:17:10:38 +0200] "GET /images/haut_parleur_over.png HTTP/1.1" 304 250 "http://localhost:2022/styles/cuiteur.css" "Mozilla/5.0 (X11; Ubuntu; Linux x86_64; rv:91.0) Gecko/20100101 Firefox/91.0"
127.0.0.1 - - [12/May/2022:17:10:39 +0200] "GET /php/utilisateur.php?id=3 HTTP/1.1" 200 1184 "http://localhost:2022/php/cuiteur.php" "Mozilla/5.0 (X11; Ubuntu; Linux x86_64; rv:91.0) Gecko/20100101 Firefox/91.0"
127.0.0.1 - - [12/May/2022:17:10:39 +0200] "GET /images/pdac.jpg HTTP/1.1" 304 248 "http://localhost:2022/php/utilisateur.php?id=3" "Mozilla/5.0 (X11; Ubuntu; Linux x86_64; rv:91.0) Gecko/20100101 Firefox/91.0"
127.0.0.1 - - [12/May/2022:17:10:39 +0200] "GET /images/trait.png HTTP/1.1" 304 248 "http://localhost:2022/styles/cuiteur.css" "Mozilla/5.0 (X11; Ubuntu; Linux x86_64; rv:91.0) Gecko/20100101 Firefox/91.0"
127.0.0.1 - - [12/May/2022:17:10:39 +0200] "GET /images/paulo.jpg HTTP/1.1" 304 249 "http://localhost:2022/php/utilisateur.php?id=3" "Mozilla/5.0 (X11; Ubuntu; Linux x86_64; rv:91.0) Gecko/20100101 Firefox/91.0"
127.0.0.1 - - [12/May/2022:17:10:39 +0200] "GET /images/yoda.jpg HTTP/1.1" 304 249 "http://localhost:2022/php/utilisateur.php?id=3" "Mozilla/5.0 (X11; Ubuntu; Linux x86_64; rv:91.0) Gecko/20100101 Firefox/91.0"
127.0.0.1 - - [12/May/2022:17:10:39 +0200] "GET /images/speaker.png HTTP/1.1" 304 250 "http://localhost:2022/php/utilisateur.php?id=3" "Mozilla/5.0 (X11; Ubuntu; Linux x86_64; rv:91.0) Gecko/20100101 Firefox/91.0"
127.0.0.1 - - [12/May/2022:17:11:23 +0200] "GET /images/deconnexion_over.png HTTP/1.1" 304 250 "http://localhost:2022/styles/cuiteur.css" "Mozilla/5.0 (X11; Ubuntu; Linux x86_64; rv:91.0) Gecko/20100101 Firefox/91.0"
127.0.0.1 - - [12/May/2022:17:11:24 +0200] "GET /php/utilisateur.php?id=3 HTTP/1.1" 200 1102 "http://localhost:2022/php/cuiteur.php" "Mozilla/5.0 (X11; Ubuntu; Linux x86_64; rv:91.0) Gecko/20100101 Firefox/91.0"
127.0.0.1 - - [12/May/2022:17:11:24 +0200] "GET /images/pdac.jpg HTTP/1.1" 304 248 "http://localhost:2022/php/utilisateur.php?id=3" "Mozilla/5.0 (X11; Ubuntu; Linux x86_64; rv:91.0) Gecko/20100101 Firefox/91.0"
127.0.0.1 - - [12/May/2022:17:11:25 +0200] "GET /images/yoda.jpg HTTP/1.1" 304 249 "http://localhost:2022/php/utilisateur.php?id=3" "Mozilla/5.0 (X11; Ubuntu; Linux x86_64; rv:91.0) Gecko/20100101 Firefox/91.0"
127.0.0.1 - - [12/May/2022:17:11:25 +0200] "GET /images/paulo.jpg HTTP/1.1" 304 249 "http://localhost:2022/php/utilisateur.php?id=3" "Mozilla/5.0 (X11; Ubuntu; Linux x86_64; rv:91.0) Gecko/20100101 Firefox/91.0"
::1 - - [12/May/2022:17:12:58 +0200] "GET /phpmyadmin/index.php?route=/sql&server=1&db=cuiteur_bd&table=mentions&pos=0&ajax_request=true&ajax_page_request=true&_nocache=1652368377977510764&token=782b4e786f316c6c4a794c2344485766 HTTP/1.1" 200 12612 "-" "Mozilla/5.0 (X11; Linux x86_64) AppleWebKit/537.36 (KHTML, like Gecko) Chrome/101.0.4951.54 Safari/537.36"
::1 - - [12/May/2022:17:12:58 +0200] "GET /phpmyadmin/index.php?route=/recent-table&ajax_request=1&recent_table=1&no_debug=true&_nocache=1652368378391711259&token=782b4e786f316c6c4a794c2344485766 HTTP/1.1" 200 2759 "-" "Mozilla/5.0 (X11; Linux x86_64) AppleWebKit/537.36 (KHTML, like Gecko) Chrome/101.0.4951.54 Safari/537.36"
::1 - - [12/May/2022:17:13:00 +0200] "GET /phpmyadmin/index.php?route=/table/sql&db=cuiteur_bd&table=mentions&ajax_request=true&ajax_page_request=true&_nocache=1652368380783369444&token=782b4e786f316c6c4a794c2344485766 HTTP/1.1" 200 6339 "-" "Mozilla/5.0 (X11; Linux x86_64) AppleWebKit/537.36 (KHTML, like Gecko) Chrome/101.0.4951.54 Safari/537.36"
::1 - - [12/May/2022:17:13:01 +0200] "GET /phpmyadmin/index.php?route=/recent-table&ajax_request=1&recent_table=1&no_debug=true&_nocache=1652368381090900457&token=782b4e786f316c6c4a794c2344485766 HTTP/1.1" 200 2761 "-" "Mozilla/5.0 (X11; Linux x86_64) AppleWebKit/537.36 (KHTML, like Gecko) Chrome/101.0.4951.54 Safari/537.36"
::1 - - [12/May/2022:17:13:01 +0200] "POST /phpmyadmin/index.php?route=/lint HTTP/1.1" 200 1197 "-" "Mozilla/5.0 (X11; Linux x86_64) AppleWebKit/537.36 (KHTML, like Gecko) Chrome/101.0.4951.54 Safari/537.36"
::1 - - [12/May/2022:17:13:03 +0200] "POST /phpmyadmin/index.php?route=/lint HTTP/1.1" 200 1201 "-" "Mozilla/5.0 (X11; Linux x86_64) AppleWebKit/537.36 (KHTML, like Gecko) Chrome/101.0.4951.54 Safari/537.36"
127.0.0.1 - - [12/May/2022:17:13:53 +0200] "POST /phpmyadmin/index.php?route=/ HTTP/1.1" 200 3089 "-" "Mozilla/5.0 (X11; Ubuntu; Linux x86_64; rv:91.0) Gecko/20100101 Firefox/91.0"
127.0.0.1 - - [12/May/2022:17:14:06 +0200] "POST /phpmyadmin/index.php?route=/ HTTP/1.1" 200 2694 "-" "Mozilla/5.0 (X11; Ubuntu; Linux x86_64; rv:91.0) Gecko/20100101 Firefox/91.0"
127.0.0.1 - - [12/May/2022:17:14:06 +0200] "GET /phpmyadmin/index.php?route=/recent-table&ajax_request=1&recent_table=1&no_debug=true&_nocache=1652368446122283884&token=56227d477d5d5a5c2f23433b695f2151 HTTP/1.1" 200 2707 "-" "Mozilla/5.0 (X11; Ubuntu; Linux x86_64; rv:91.0) Gecko/20100101 Firefox/91.0"
127.0.0.1 - - [12/May/2022:17:14:06 +0200] "POST /phpmyadmin/index.php?route=/lint HTTP/1.1" 200 1202 "-" "Mozilla/5.0 (X11; Ubuntu; Linux x86_64; rv:91.0) Gecko/20100101 Firefox/91.0"
127.0.0.1 - - [12/May/2022:17:14:29 +0200] "GET /phpmyadmin/index.php?route=/database/structure&server=1&db=cuiteur_bd&ajax_request=true&ajax_page_request=true&_nocache=1652368469604224914&token=56227d477d5d5a5c2f23433b695f2151 HTTP/1.1" 200 7038 "-" "Mozilla/5.0 (X11; Ubuntu; Linux x86_64; rv:91.0) Gecko/20100101 Firefox/91.0"
127.0.0.1 - - [12/May/2022:17:14:42 +0200] "GET /phpmyadmin/index.php?route=/sql&db=cuiteur_bd&table=users&pos=0&ajax_request=true&ajax_page_request=true&_nocache=1652368482362477801&token=56227d477d5d5a5c2f23433b695f2151 HTTP/1.1" 200 12869 "-" "Mozilla/5.0 (X11; Ubuntu; Linux x86_64; rv:91.0) Gecko/20100101 Firefox/91.0"
127.0.0.1 - - [12/May/2022:17:14:42 +0200] "GET /phpmyadmin/index.php?route=/recent-table&ajax_request=1&recent_table=1&no_debug=true&_nocache=1652368482527289676&token=56227d477d5d5a5c2f23433b695f2151 HTTP/1.1" 200 2735 "-" "Mozilla/5.0 (X11; Ubuntu; Linux x86_64; rv:91.0) Gecko/20100101 Firefox/91.0"
::1 - - [12/May/2022:17:16:54 +0200] "POST /php/cuiteur.php HTTP/1.1" 200 584 "http://localhost:2022/php/cuiteur.php" "Mozilla/5.0 (X11; Linux x86_64) AppleWebKit/537.36 (KHTML, like Gecko) Chrome/101.0.4951.54 Safari/537.36"
::1 - - [12/May/2022:17:17:30 +0200] "POST /php/cuiteur.php HTTP/1.1" 200 2197 "http://localhost:2022/php/cuiteur.php" "Mozilla/5.0 (X11; Linux x86_64) AppleWebKit/537.36 (KHTML, like Gecko) Chrome/101.0.4951.54 Safari/537.36"
::1 - - [12/May/2022:17:17:30 +0200] "GET /styles/cuiteur.css HTTP/1.1" 304 221 "http://localhost:2022/php/cuiteur.php" "Mozilla/5.0 (X11; Linux x86_64) AppleWebKit/537.36 (KHTML, like Gecko) Chrome/101.0.4951.54 Safari/537.36"
::1 - - [12/May/2022:17:17:50 +0200] "POST /phpmyadmin/index.php?route=/database/sql/autocomplete HTTP/1.1" 200 3130 "-" "Mozilla/5.0 (X11; Linux x86_64) AppleWebKit/537.36 (KHTML, like Gecko) Chrome/101.0.4951.54 Safari/537.36"
::1 - - [12/May/2022:17:17:50 +0200] "POST /phpmyadmin/index.php?route=/lint HTTP/1.1" 200 1395 "-" "Mozilla/5.0 (X11; Linux x86_64) AppleWebKit/537.36 (KHTML, like Gecko) Chrome/101.0.4951.54 Safari/537.36"
::1 - - [12/May/2022:17:17:55 +0200] "POST /phpmyadmin/index.php?route=/lint HTTP/1.1" 200 1436 "-" "Mozilla/5.0 (X11; Linux x86_64) AppleWebKit/537.36 (KHTML, like Gecko) Chrome/101.0.4951.54 Safari/537.36"
::1 - - [12/May/2022:17:18:18 +0200] "POST /phpmyadmin/index.php?route=/lint HTTP/1.1" 200 1434 "-" "Mozilla/5.0 (X11; Linux x86_64) AppleWebKit/537.36 (KHTML, like Gecko) Chrome/101.0.4951.54 Safari/537.36"
::1 - - [12/May/2022:17:18:20 +0200] "POST /phpmyadmin/index.php?route=/lint HTTP/1.1" 200 1425 "-" "Mozilla/5.0 (X11; Linux x86_64) AppleWebKit/537.36 (KHTML, like Gecko) Chrome/101.0.4951.54 Safari/537.36"
::1 - - [12/May/2022:17:18:21 +0200] "POST /phpmyadmin/index.php?route=/lint HTTP/1.1" 200 1436 "-" "Mozilla/5.0 (X11; Linux x86_64) AppleWebKit/537.36 (KHTML, like Gecko) Chrome/101.0.4951.54 Safari/537.36"
::1 - - [12/May/2022:17:18:24 +0200] "POST /phpmyadmin/index.php?route=/lint HTTP/1.1" 200 1430 "-" "Mozilla/5.0 (X11; Linux x86_64) AppleWebKit/537.36 (KHTML, like Gecko) Chrome/101.0.4951.54 Safari/537.36"
::1 - - [12/May/2022:17:18:32 +0200] "POST /phpmyadmin/index.php?route=/lint HTTP/1.1" 200 1412 "-" "Mozilla/5.0 (X11; Linux x86_64) AppleWebKit/537.36 (KHTML, like Gecko) Chrome/101.0.4951.54 Safari/537.36"
::1 - - [12/May/2022:17:18:39 +0200] "POST /phpmyadmin/index.php?route=/lint HTTP/1.1" 200 1408 "-" "Mozilla/5.0 (X11; Linux x86_64) AppleWebKit/537.36 (KHTML, like Gecko) Chrome/101.0.4951.54 Safari/537.36"
127.0.0.1 - - [12/May/2022:17:20:04 +0200] "GET /phpmyadmin/index.php?route=/sql&server=1&db=cuiteur_bd&table=mentions&pos=0&ajax_request=true&ajax_page_request=true&_nocache=165236880468846780&token=56227d477d5d5a5c2f23433b695f2151 HTTP/1.1" 200 12610 "-" "Mozilla/5.0 (X11; Ubuntu; Linux x86_64; rv:91.0) Gecko/20100101 Firefox/91.0"
127.0.0.1 - - [12/May/2022:17:20:04 +0200] "GET /phpmyadmin/index.php?route=/recent-table&ajax_request=1&recent_table=1&no_debug=true&_nocache=1652368804899779074&token=56227d477d5d5a5c2f23433b695f2151 HTTP/1.1" 200 2729 "-" "Mozilla/5.0 (X11; Ubuntu; Linux x86_64; rv:91.0) Gecko/20100101 Firefox/91.0"
127.0.0.1 - - [12/May/2022:17:20:53 +0200] "GET /phpmyadmin/index.php?route=/sql&server=1&db=cuiteur_bd&table=users&pos=0&ajax_request=true&ajax_page_request=true&_nocache=1652368853437606947&token=56227d477d5d5a5c2f23433b695f2151 HTTP/1.1" 200 12883 "-" "Mozilla/5.0 (X11; Ubuntu; Linux x86_64; rv:91.0) Gecko/20100101 Firefox/91.0"
127.0.0.1 - - [12/May/2022:17:20:53 +0200] "GET /phpmyadmin/index.php?route=/recent-table&ajax_request=1&recent_table=1&no_debug=true&_nocache=1652368853594431667&token=56227d477d5d5a5c2f23433b695f2151 HTTP/1.1" 200 2745 "-" "Mozilla/5.0 (X11; Ubuntu; Linux x86_64; rv:91.0) Gecko/20100101 Firefox/91.0"
::1 - - [12/May/2022:17:22:03 +0200] "POST /phpmyadmin/index.php?route=/lint HTTP/1.1" 200 1494 "-" "Mozilla/5.0 (X11; Linux x86_64) AppleWebKit/537.36 (KHTML, like Gecko) Chrome/101.0.4951.54 Safari/537.36"
127.0.0.1 - - [12/May/2022:17:22:45 +0200] "GET /php/utilisateur.php?id=3 HTTP/1.1" 200 1103 "http://localhost:2022/php/cuiteur.php" "Mozilla/5.0 (X11; Ubuntu; Linux x86_64; rv:91.0) Gecko/20100101 Firefox/91.0"
127.0.0.1 - - [12/May/2022:17:22:46 +0200] "GET /images/pdac.jpg HTTP/1.1" 304 248 "http://localhost:2022/php/utilisateur.php?id=3" "Mozilla/5.0 (X11; Ubuntu; Linux x86_64; rv:91.0) Gecko/20100101 Firefox/91.0"
127.0.0.1 - - [12/May/2022:17:22:46 +0200] "GET /styles/cuiteur.css HTTP/1.1" 304 222 "http://localhost:2022/php/utilisateur.php?id=3" "Mozilla/5.0 (X11; Ubuntu; Linux x86_64; rv:91.0) Gecko/20100101 Firefox/91.0"
127.0.0.1 - - [12/May/2022:17:22:46 +0200] "GET /images/yoda.jpg HTTP/1.1" 304 249 "http://localhost:2022/php/utilisateur.php?id=3" "Mozilla/5.0 (X11; Ubuntu; Linux x86_64; rv:91.0) Gecko/20100101 Firefox/91.0"
127.0.0.1 - - [12/May/2022:17:22:46 +0200] "GET /images/paulo.jpg HTTP/1.1" 304 249 "http://localhost:2022/php/utilisateur.php?id=3" "Mozilla/5.0 (X11; Ubuntu; Linux x86_64; rv:91.0) Gecko/20100101 Firefox/91.0"
127.0.0.1 - - [12/May/2022:17:22:46 +0200] "GET /images/entete.jpg HTTP/1.1" 304 250 "http://localhost:2022/styles/cuiteur.css" "Mozilla/5.0 (X11; Ubuntu; Linux x86_64; rv:91.0) Gecko/20100101 Firefox/91.0"
127.0.0.1 - - [12/May/2022:17:22:46 +0200] "GET /images/fond.jpg HTTP/1.1" 304 249 "http://localhost:2022/styles/cuiteur.css" "Mozilla/5.0 (X11; Ubuntu; Linux x86_64; rv:91.0) Gecko/20100101 Firefox/91.0"
127.0.0.1 - - [12/May/2022:17:22:46 +0200] "GET /images/pied.png HTTP/1.1" 304 249 "http://localhost:2022/styles/cuiteur.css" "Mozilla/5.0 (X11; Ubuntu; Linux x86_64; rv:91.0) Gecko/20100101 Firefox/91.0"
127.0.0.1 - - [12/May/2022:17:22:46 +0200] "GET /images/deconnexion.png HTTP/1.1" 304 249 "http://localhost:2022/styles/cuiteur.css" "Mozilla/5.0 (X11; Ubuntu; Linux x86_64; rv:91.0) Gecko/20100101 Firefox/91.0"
127.0.0.1 - - [12/May/2022:17:22:46 +0200] "GET /images/cherche.png HTTP/1.1" 304 249 "http://localhost:2022/styles/cuiteur.css" "Mozilla/5.0 (X11; Ubuntu; Linux x86_64; rv:91.0) Gecko/20100101 Firefox/91.0"
127.0.0.1 - - [12/May/2022:17:22:46 +0200] "GET /images/home.png HTTP/1.1" 304 249 "http://localhost:2022/styles/cuiteur.css" "Mozilla/5.0 (X11; Ubuntu; Linux x86_64; rv:91.0) Gecko/20100101 Firefox/91.0"
127.0.0.1 - - [12/May/2022:17:22:46 +0200] "GET /images/config.png HTTP/1.1" 304 249 "http://localhost:2022/styles/cuiteur.css" "Mozilla/5.0 (X11; Ubuntu; Linux x86_64; rv:91.0) Gecko/20100101 Firefox/91.0"
127.0.0.1 - - [12/May/2022:17:22:46 +0200] "GET /images/micro.jpg HTTP/1.1" 304 249 "http://localhost:2022/styles/cuiteur.css" "Mozilla/5.0 (X11; Ubuntu; Linux x86_64; rv:91.0) Gecko/20100101 Firefox/91.0"
127.0.0.1 - - [12/May/2022:17:22:46 +0200] "GET /images/trait.png HTTP/1.1" 304 248 "http://localhost:2022/styles/cuiteur.css" "Mozilla/5.0 (X11; Ubuntu; Linux x86_64; rv:91.0) Gecko/20100101 Firefox/91.0"
127.0.0.1 - - [12/May/2022:17:22:49 +0200] "GET /images/deconnexion_over.png HTTP/1.1" 304 249 "http://localhost:2022/styles/cuiteur.css" "Mozilla/5.0 (X11; Ubuntu; Linux x86_64; rv:91.0) Gecko/20100101 Firefox/91.0"
127.0.0.1 - - [12/May/2022:17:22:50 +0200] "GET /images/home_over.png HTTP/1.1" 304 249 "http://localhost:2022/styles/cuiteur.css" "Mozilla/5.0 (X11; Ubuntu; Linux x86_64; rv:91.0) Gecko/20100101 Firefox/91.0"
127.0.0.1 - - [12/May/2022:17:23:02 +0200] "GET /images/config_over.png HTTP/1.1" 304 250 "http://localhost:2022/styles/cuiteur.css" "Mozilla/5.0 (X11; Ubuntu; Linux x86_64; rv:91.0) Gecko/20100101 Firefox/91.0"
127.0.0.1 - - [12/May/2022:17:23:03 +0200] "GET /images/cherche_over.png HTTP/1.1" 304 249 "http://localhost:2022/styles/cuiteur.css" "Mozilla/5.0 (X11; Ubuntu; Linux x86_64; rv:91.0) Gecko/20100101 Firefox/91.0"
127.0.0.1 - - [12/May/2022:17:23:07 +0200] "GET /index.html HTTP/1.1" 304 221 "http://localhost:2022/php/utilisateur.php?id=3" "Mozilla/5.0 (X11; Ubuntu; Linux x86_64; rv:91.0) Gecko/20100101 Firefox/91.0"
::1 - - [12/May/2022:17:27:06 +0200] "POST /php/cuiteur.php HTTP/1.1" 200 2057 "http://localhost:2022/php/cuiteur.php" "Mozilla/5.0 (X11; Linux x86_64) AppleWebKit/537.36 (KHTML, like Gecko) Chrome/101.0.4951.54 Safari/537.36"
127.0.0.1 - - [12/May/2022:17:27:07 +0200] "GET /php/utilisateur.php?id=3 HTTP/1.1" 500 185 "http://localhost:2022/php/cuiteur.php" "Mozilla/5.0 (X11; Ubuntu; Linux x86_64; rv:91.0) Gecko/20100101 Firefox/91.0"
127.0.0.1 - - [12/May/2022:17:27:09 +0200] "GET /php/utilisateur.php?id=3 HTTP/1.1" 500 185 "http://localhost:2022/php/cuiteur.php" "Mozilla/5.0 (X11; Ubuntu; Linux x86_64; rv:91.0) Gecko/20100101 Firefox/91.0"
127.0.0.1 - - [12/May/2022:17:27:19 +0200] "GET /php/utilisateur.php?id=3 HTTP/1.1" 500 185 "http://localhost:2022/php/cuiteur.php" "Mozilla/5.0 (X11; Ubuntu; Linux x86_64; rv:91.0) Gecko/20100101 Firefox/91.0"
127.0.0.1 - - [12/May/2022:17:27:20 +0200] "GET /php/utilisateur.php?id=3 HTTP/1.1" 500 185 "http://localhost:2022/php/cuiteur.php" "Mozilla/5.0 (X11; Ubuntu; Linux x86_64; rv:91.0) Gecko/20100101 Firefox/91.0"
127.0.0.1 - - [12/May/2022:17:27:23 +0200] "GET /php/utilisateur.php?id=3 HTTP/1.1" 500 185 "http://localhost:2022/php/cuiteur.php" "Mozilla/5.0 (X11; Ubuntu; Linux x86_64; rv:91.0) Gecko/20100101 Firefox/91.0"
127.0.0.1 - - [12/May/2022:17:27:25 +0200] "GET /php/utilisateur.php?id=3 HTTP/1.1" 500 185 "http://localhost:2022/php/cuiteur.php" "Mozilla/5.0 (X11; Ubuntu; Linux x86_64; rv:91.0) Gecko/20100101 Firefox/91.0"
::1 - - [12/May/2022:17:27:39 +0200] "POST /phpmyadmin/index.php?route=/lint HTTP/1.1" 200 1350 "-" "Mozilla/5.0 (X11; Linux x86_64) AppleWebKit/537.36 (KHTML, like Gecko) Chrome/101.0.4951.54 Safari/537.36"
::1 - - [12/May/2022:17:27:43 +0200] "POST /phpmyadmin/index.php?route=/lint HTTP/1.1" 200 1206 "-" "Mozilla/5.0 (X11; Linux x86_64) AppleWebKit/537.36 (KHTML, like Gecko) Chrome/101.0.4951.54 Safari/537.36"
::1 - - [12/May/2022:17:27:44 +0200] "POST /phpmyadmin/index.php?route=/lint HTTP/1.1" 200 1201 "-" "Mozilla/5.0 (X11; Linux x86_64) AppleWebKit/537.36 (KHTML, like Gecko) Chrome/101.0.4951.54 Safari/537.36"
::1 - - [12/May/2022:17:27:48 +0200] "POST /phpmyadmin/index.php?route=/lint HTTP/1.1" 200 1208 "-" "Mozilla/5.0 (X11; Linux x86_64) AppleWebKit/537.36 (KHTML, like Gecko) Chrome/101.0.4951.54 Safari/537.36"
::1 - - [12/May/2022:17:27:49 +0200] "POST /phpmyadmin/index.php?route=/lint HTTP/1.1" 200 1194 "-" "Mozilla/5.0 (X11; Linux x86_64) AppleWebKit/537.36 (KHTML, like Gecko) Chrome/101.0.4951.54 Safari/537.36"
::1 - - [12/May/2022:17:27:53 +0200] "POST /phpmyadmin/index.php?route=/lint HTTP/1.1" 200 1202 "-" "Mozilla/5.0 (X11; Linux x86_64) AppleWebKit/537.36 (KHTML, like Gecko) Chrome/101.0.4951.54 Safari/537.36"
::1 - - [12/May/2022:17:27:58 +0200] "POST /phpmyadmin/index.php?route=/lint HTTP/1.1" 200 1201 "-" "Mozilla/5.0 (X11; Linux x86_64) AppleWebKit/537.36 (KHTML, like Gecko) Chrome/101.0.4951.54 Safari/537.36"
::1 - - [12/May/2022:17:28:00 +0200] "POST /phpmyadmin/index.php?route=/lint HTTP/1.1" 200 1198 "-" "Mozilla/5.0 (X11; Linux x86_64) AppleWebKit/537.36 (KHTML, like Gecko) Chrome/101.0.4951.54 Safari/537.36"
::1 - - [12/May/2022:17:28:04 +0200] "POST /phpmyadmin/index.php?route=/lint HTTP/1.1" 200 1206 "-" "Mozilla/5.0 (X11; Linux x86_64) AppleWebKit/537.36 (KHTML, like Gecko) Chrome/101.0.4951.54 Safari/537.36"
::1 - - [12/May/2022:17:28:11 +0200] "POST /phpmyadmin/index.php?route=/lint HTTP/1.1" 200 1192 "-" "Mozilla/5.0 (X11; Linux x86_64) AppleWebKit/537.36 (KHTML, like Gecko) Chrome/101.0.4951.54 Safari/537.36"
::1 - - [12/May/2022:17:28:13 +0200] "POST /phpmyadmin/index.php?route=/lint HTTP/1.1" 200 1203 "-" "Mozilla/5.0 (X11; Linux x86_64) AppleWebKit/537.36 (KHTML, like Gecko) Chrome/101.0.4951.54 Safari/537.36"
::1 - - [12/May/2022:17:28:19 +0200] "POST /phpmyadmin/index.php?route=/lint HTTP/1.1" 200 1200 "-" "Mozilla/5.0 (X11; Linux x86_64) AppleWebKit/537.36 (KHTML, like Gecko) Chrome/101.0.4951.54 Safari/537.36"
::1 - - [12/May/2022:17:28:20 +0200] "POST /phpmyadmin/index.php?route=/lint HTTP/1.1" 200 1202 "-" "Mozilla/5.0 (X11; Linux x86_64) AppleWebKit/537.36 (KHTML, like Gecko) Chrome/101.0.4951.54 Safari/537.36"
::1 - - [12/May/2022:17:28:29 +0200] "POST /phpmyadmin/index.php?route=/lint HTTP/1.1" 200 1204 "-" "Mozilla/5.0 (X11; Linux x86_64) AppleWebKit/537.36 (KHTML, like Gecko) Chrome/101.0.4951.54 Safari/537.36"
::1 - - [12/May/2022:17:28:31 +0200] "POST /phpmyadmin/index.php?route=/lint HTTP/1.1" 200 1196 "-" "Mozilla/5.0 (X11; Linux x86_64) AppleWebKit/537.36 (KHTML, like Gecko) Chrome/101.0.4951.54 Safari/537.36"
::1 - - [12/May/2022:17:28:32 +0200] "POST /phpmyadmin/index.php?route=/lint HTTP/1.1" 200 1203 "-" "Mozilla/5.0 (X11; Linux x86_64) AppleWebKit/537.36 (KHTML, like Gecko) Chrome/101.0.4951.54 Safari/537.36"
::1 - - [12/May/2022:17:28:36 +0200] "POST /phpmyadmin/index.php?route=/lint HTTP/1.1" 200 1199 "-" "Mozilla/5.0 (X11; Linux x86_64) AppleWebKit/537.36 (KHTML, like Gecko) Chrome/101.0.4951.54 Safari/537.36"
::1 - - [12/May/2022:17:28:39 +0200] "POST /phpmyadmin/index.php?route=/lint HTTP/1.1" 200 1340 "-" "Mozilla/5.0 (X11; Linux x86_64) AppleWebKit/537.36 (KHTML, like Gecko) Chrome/101.0.4951.54 Safari/537.36"
::1 - - [12/May/2022:17:29:52 +0200] "POST /phpmyadmin/index.php?route=/lint HTTP/1.1" 200 1346 "-" "Mozilla/5.0 (X11; Linux x86_64) AppleWebKit/537.36 (KHTML, like Gecko) Chrome/101.0.4951.54 Safari/537.36"
127.0.0.1 - - [12/May/2022:17:30:40 +0200] "GET /php/utilisateur.php?id=3 HTTP/1.1" 500 185 "http://localhost:2022/php/cuiteur.php" "Mozilla/5.0 (X11; Ubuntu; Linux x86_64; rv:91.0) Gecko/20100101 Firefox/91.0"
127.0.0.1 - - [12/May/2022:17:30:59 +0200] "GET /php/utilisateur.php?id=3 HTTP/1.1" 200 1360 "http://localhost:2022/php/cuiteur.php" "Mozilla/5.0 (X11; Ubuntu; Linux x86_64; rv:91.0) Gecko/20100101 Firefox/91.0"
127.0.0.1 - - [12/May/2022:17:30:59 +0200] "GET /images/pdac.jpg HTTP/1.1" 304 248 "http://localhost:2022/php/utilisateur.php?id=3" "Mozilla/5.0 (X11; Ubuntu; Linux x86_64; rv:91.0) Gecko/20100101 Firefox/91.0"
127.0.0.1 - - [12/May/2022:17:30:59 +0200] "GET /images/yoda.jpg HTTP/1.1" 304 249 "http://localhost:2022/php/utilisateur.php?id=3" "Mozilla/5.0 (X11; Ubuntu; Linux x86_64; rv:91.0) Gecko/20100101 Firefox/91.0"
127.0.0.1 - - [12/May/2022:17:30:59 +0200] "GET /upload/albert.jpg HTTP/1.1" 200 2706 "http://localhost:2022/php/utilisateur.php?id=3" "Mozilla/5.0 (X11; Ubuntu; Linux x86_64; rv:91.0) Gecko/20100101 Firefox/91.0"
127.0.0.1 - - [12/May/2022:17:30:59 +0200] "GET /images/paulo.jpg HTTP/1.1" 304 249 "http://localhost:2022/php/utilisateur.php?id=3" "Mozilla/5.0 (X11; Ubuntu; Linux x86_64; rv:91.0) Gecko/20100101 Firefox/91.0"
::1 - - [12/May/2022:17:31:01 +0200] "POST /phpmyadmin/index.php?route=/lint HTTP/1.1" 200 1348 "-" "Mozilla/5.0 (X11; Linux x86_64) AppleWebKit/537.36 (KHTML, like Gecko) Chrome/101.0.4951.54 Safari/537.36"
::1 - - [12/May/2022:17:31:02 +0200] "POST /phpmyadmin/index.php?route=/lint HTTP/1.1" 200 1347 "-" "Mozilla/5.0 (X11; Linux x86_64) AppleWebKit/537.36 (KHTML, like Gecko) Chrome/101.0.4951.54 Safari/537.36"
::1 - - [12/May/2022:17:31:07 +0200] "POST /phpmyadmin/index.php?route=/lint HTTP/1.1" 200 1334 "-" "Mozilla/5.0 (X11; Linux x86_64) AppleWebKit/537.36 (KHTML, like Gecko) Chrome/101.0.4951.54 Safari/537.36"
::1 - - [12/May/2022:17:31:11 +0200] "POST /phpmyadmin/index.php?route=/lint HTTP/1.1" 200 1354 "-" "Mozilla/5.0 (X11; Linux x86_64) AppleWebKit/537.36 (KHTML, like Gecko) Chrome/101.0.4951.54 Safari/537.36"
127.0.0.1 - - [12/May/2022:17:31:12 +0200] "GET /php/utilisateur.php?id=3 HTTP/1.1" 200 1168 "http://localhost:2022/php/cuiteur.php" "Mozilla/5.0 (X11; Ubuntu; Linux x86_64; rv:91.0) Gecko/20100101 Firefox/91.0"
127.0.0.1 - - [12/May/2022:17:31:12 +0200] "GET /images/pdac.jpg HTTP/1.1" 304 248 "http://localhost:2022/php/utilisateur.php?id=3" "Mozilla/5.0 (X11; Ubuntu; Linux x86_64; rv:91.0) Gecko/20100101 Firefox/91.0"
127.0.0.1 - - [12/May/2022:17:31:13 +0200] "GET /upload/albert.jpg HTTP/1.1" 304 249 "http://localhost:2022/php/utilisateur.php?id=3" "Mozilla/5.0 (X11; Ubuntu; Linux x86_64; rv:91.0) Gecko/20100101 Firefox/91.0"
127.0.0.1 - - [12/May/2022:17:31:13 +0200] "GET /images/yoda.jpg HTTP/1.1" 304 249 "http://localhost:2022/php/utilisateur.php?id=3" "Mozilla/5.0 (X11; Ubuntu; Linux x86_64; rv:91.0) Gecko/20100101 Firefox/91.0"
127.0.0.1 - - [12/May/2022:17:31:13 +0200] "GET /images/paulo.jpg HTTP/1.1" 304 249 "http://localhost:2022/php/utilisateur.php?id=3" "Mozilla/5.0 (X11; Ubuntu; Linux x86_64; rv:91.0) Gecko/20100101 Firefox/91.0"
::1 - - [12/May/2022:17:31:18 +0200] "POST /phpmyadmin/index.php?route=/lint HTTP/1.1" 200 1350 "-" "Mozilla/5.0 (X11; Linux x86_64) AppleWebKit/537.36 (KHTML, like Gecko) Chrome/101.0.4951.54 Safari/537.36"
127.0.0.1 - - [12/May/2022:17:32:15 +0200] "GET /php/utilisateur.php?id=3 HTTP/1.1" 200 1168 "http://localhost:2022/php/cuiteur.php" "Mozilla/5.0 (X11; Ubuntu; Linux x86_64; rv:91.0) Gecko/20100101 Firefox/91.0"
127.0.0.1 - - [12/May/2022:17:32:15 +0200] "GET /images/pdac.jpg HTTP/1.1" 304 248 "http://localhost:2022/php/utilisateur.php?id=3" "Mozilla/5.0 (X11; Ubuntu; Linux x86_64; rv:91.0) Gecko/20100101 Firefox/91.0"
127.0.0.1 - - [12/May/2022:17:32:16 +0200] "GET /upload/albert.jpg HTTP/1.1" 304 249 "http://localhost:2022/php/utilisateur.php?id=3" "Mozilla/5.0 (X11; Ubuntu; Linux x86_64; rv:91.0) Gecko/20100101 Firefox/91.0"
127.0.0.1 - - [12/May/2022:17:32:16 +0200] "GET /images/yoda.jpg HTTP/1.1" 304 249 "http://localhost:2022/php/utilisateur.php?id=3" "Mozilla/5.0 (X11; Ubuntu; Linux x86_64; rv:91.0) Gecko/20100101 Firefox/91.0"
127.0.0.1 - - [12/May/2022:17:32:16 +0200] "GET /images/paulo.jpg HTTP/1.1" 304 249 "http://localhost:2022/php/utilisateur.php?id=3" "Mozilla/5.0 (X11; Ubuntu; Linux x86_64; rv:91.0) Gecko/20100101 Firefox/91.0"
127.0.0.1 - - [12/May/2022:17:32:16 +0200] "GET /images/favicon.ico HTTP/1.1" 200 1450 "http://localhost:2022/php/utilisateur.php?id=3" "Mozilla/5.0 (X11; Ubuntu; Linux x86_64; rv:91.0) Gecko/20100101 Firefox/91.0"
127.0.0.1 - - [12/May/2022:17:32:18 +0200] "GET /php/utilisateur.php?id=3 HTTP/1.1" 200 1167 "http://localhost:2022/php/utilisateur.php?id=3" "Mozilla/5.0 (X11; Ubuntu; Linux x86_64; rv:91.0) Gecko/20100101 Firefox/91.0"
127.0.0.1 - - [12/May/2022:17:32:19 +0200] "GET /php/utilisateur.php?id=3 HTTP/1.1" 200 1167 "http://localhost:2022/php/utilisateur.php?id=3" "Mozilla/5.0 (X11; Ubuntu; Linux x86_64; rv:91.0) Gecko/20100101 Firefox/91.0"
::1 - - [12/May/2022:17:32:20 +0200] "POST /phpmyadmin/index.php?route=/lint HTTP/1.1" 200 1368 "-" "Mozilla/5.0 (X11; Linux x86_64) AppleWebKit/537.36 (KHTML, like Gecko) Chrome/101.0.4951.54 Safari/537.36"
::1 - - [12/May/2022:17:32:24 +0200] "POST /phpmyadmin/index.php?route=/lint HTTP/1.1" 200 1432 "-" "Mozilla/5.0 (X11; Linux x86_64) AppleWebKit/537.36 (KHTML, like Gecko) Chrome/101.0.4951.54 Safari/537.36"
::1 - - [12/May/2022:17:32:25 +0200] "POST /phpmyadmin/index.php?route=/lint HTTP/1.1" 200 1438 "-" "Mozilla/5.0 (X11; Linux x86_64) AppleWebKit/537.36 (KHTML, like Gecko) Chrome/101.0.4951.54 Safari/537.36"
::1 - - [12/May/2022:17:32:27 +0200] "POST /phpmyadmin/index.php?route=/lint HTTP/1.1" 200 1462 "-" "Mozilla/5.0 (X11; Linux x86_64) AppleWebKit/537.36 (KHTML, like Gecko) Chrome/101.0.4951.54 Safari/537.36"
::1 - - [12/May/2022:17:32:29 +0200] "POST /phpmyadmin/index.php?route=/lint HTTP/1.1" 200 1437 "-" "Mozilla/5.0 (X11; Linux x86_64) AppleWebKit/537.36 (KHTML, like Gecko) Chrome/101.0.4951.54 Safari/537.36"
::1 - - [12/May/2022:17:32:55 +0200] "POST /phpmyadmin/index.php?route=/lint HTTP/1.1" 200 1439 "-" "Mozilla/5.0 (X11; Linux x86_64) AppleWebKit/537.36 (KHTML, like Gecko) Chrome/101.0.4951.54 Safari/537.36"
::1 - - [12/May/2022:17:32:57 +0200] "POST /phpmyadmin/index.php?route=/lint HTTP/1.1" 200 1438 "-" "Mozilla/5.0 (X11; Linux x86_64) AppleWebKit/537.36 (KHTML, like Gecko) Chrome/101.0.4951.54 Safari/537.36"
127.0.0.1 - - [12/May/2022:17:33:43 +0200] "GET /php/utilisateur.php?id=3 HTTP/1.1" 200 1173 "http://localhost:2022/php/utilisateur.php?id=3" "Mozilla/5.0 (X11; Ubuntu; Linux x86_64; rv:91.0) Gecko/20100101 Firefox/91.0"
127.0.0.1 - - [12/May/2022:17:33:43 +0200] "GET /images/pdac.jpg HTTP/1.1" 304 248 "http://localhost:2022/php/utilisateur.php?id=3" "Mozilla/5.0 (X11; Ubuntu; Linux x86_64; rv:91.0) Gecko/20100101 Firefox/91.0"
127.0.0.1 - - [12/May/2022:17:33:43 +0200] "GET /upload/albert.jpg HTTP/1.1" 304 249 "http://localhost:2022/php/utilisateur.php?id=3" "Mozilla/5.0 (X11; Ubuntu; Linux x86_64; rv:91.0) Gecko/20100101 Firefox/91.0"
127.0.0.1 - - [12/May/2022:17:33:43 +0200] "GET /images/paulo.jpg HTTP/1.1" 304 249 "http://localhost:2022/php/utilisateur.php?id=3" "Mozilla/5.0 (X11; Ubuntu; Linux x86_64; rv:91.0) Gecko/20100101 Firefox/91.0"
127.0.0.1 - - [12/May/2022:17:33:43 +0200] "GET /images/yoda.jpg HTTP/1.1" 304 249 "http://localhost:2022/php/utilisateur.php?id=3" "Mozilla/5.0 (X11; Ubuntu; Linux x86_64; rv:91.0) Gecko/20100101 Firefox/91.0"
127.0.0.1 - - [12/May/2022:17:35:06 +0200] "GET /php/utilisateur.php?id=3 HTTP/1.1" 500 185 "http://localhost:2022/php/utilisateur.php?id=3" "Mozilla/5.0 (X11; Ubuntu; Linux x86_64; rv:91.0) Gecko/20100101 Firefox/91.0"
127.0.0.1 - - [12/May/2022:17:35:12 +0200] "GET /php/utilisateur.php?id=3 HTTP/1.1" 200 1288 "http://localhost:2022/php/utilisateur.php?id=3" "Mozilla/5.0 (X11; Ubuntu; Linux x86_64; rv:91.0) Gecko/20100101 Firefox/91.0"
127.0.0.1 - - [12/May/2022:17:35:12 +0200] "GET /images/pdac.jpg HTTP/1.1" 304 248 "http://localhost:2022/php/utilisateur.php?id=3" "Mozilla/5.0 (X11; Ubuntu; Linux x86_64; rv:91.0) Gecko/20100101 Firefox/91.0"
127.0.0.1 - - [12/May/2022:17:35:12 +0200] "GET /upload/albert.jpg HTTP/1.1" 304 249 "http://localhost:2022/php/utilisateur.php?id=3" "Mozilla/5.0 (X11; Ubuntu; Linux x86_64; rv:91.0) Gecko/20100101 Firefox/91.0"
127.0.0.1 - - [12/May/2022:17:35:12 +0200] "GET /images/paulo.jpg HTTP/1.1" 304 249 "http://localhost:2022/php/utilisateur.php?id=3" "Mozilla/5.0 (X11; Ubuntu; Linux x86_64; rv:91.0) Gecko/20100101 Firefox/91.0"
127.0.0.1 - - [12/May/2022:17:35:12 +0200] "GET /images/yoda.jpg HTTP/1.1" 304 249 "http://localhost:2022/php/utilisateur.php?id=3" "Mozilla/5.0 (X11; Ubuntu; Linux x86_64; rv:91.0) Gecko/20100101 Firefox/91.0"
127.0.0.1 - - [12/May/2022:17:35:12 +0200] "GET /styles/cuiteur.css HTTP/1.1" 304 222 "http://localhost:2022/php/utilisateur.php?id=3" "Mozilla/5.0 (X11; Ubuntu; Linux x86_64; rv:91.0) Gecko/20100101 Firefox/91.0"
127.0.0.1 - - [12/May/2022:17:35:12 +0200] "GET /images/entete.jpg HTTP/1.1" 304 250 "http://localhost:2022/styles/cuiteur.css" "Mozilla/5.0 (X11; Ubuntu; Linux x86_64; rv:91.0) Gecko/20100101 Firefox/91.0"
127.0.0.1 - - [12/May/2022:17:35:12 +0200] "GET /images/fond.jpg HTTP/1.1" 304 249 "http://localhost:2022/styles/cuiteur.css" "Mozilla/5.0 (X11; Ubuntu; Linux x86_64; rv:91.0) Gecko/20100101 Firefox/91.0"
127.0.0.1 - - [12/May/2022:17:35:12 +0200] "GET /images/pied.png HTTP/1.1" 304 249 "http://localhost:2022/styles/cuiteur.css" "Mozilla/5.0 (X11; Ubuntu; Linux x86_64; rv:91.0) Gecko/20100101 Firefox/91.0"
127.0.0.1 - - [12/May/2022:17:35:12 +0200] "GET /images/deconnexion.png HTTP/1.1" 304 249 "http://localhost:2022/styles/cuiteur.css" "Mozilla/5.0 (X11; Ubuntu; Linux x86_64; rv:91.0) Gecko/20100101 Firefox/91.0"
127.0.0.1 - - [12/May/2022:17:35:12 +0200] "GET /images/home.png HTTP/1.1" 304 249 "http://localhost:2022/styles/cuiteur.css" "Mozilla/5.0 (X11; Ubuntu; Linux x86_64; rv:91.0) Gecko/20100101 Firefox/91.0"
127.0.0.1 - - [12/May/2022:17:35:12 +0200] "GET /images/trait.png HTTP/1.1" 304 248 "http://localhost:2022/styles/cuiteur.css" "Mozilla/5.0 (X11; Ubuntu; Linux x86_64; rv:91.0) Gecko/20100101 Firefox/91.0"
127.0.0.1 - - [12/May/2022:17:35:12 +0200] "GET /images/config.png HTTP/1.1" 304 249 "http://localhost:2022/styles/cuiteur.css" "Mozilla/5.0 (X11; Ubuntu; Linux x86_64; rv:91.0) Gecko/20100101 Firefox/91.0"
127.0.0.1 - - [12/May/2022:17:35:12 +0200] "GET /images/micro.jpg HTTP/1.1" 304 249 "http://localhost:2022/styles/cuiteur.css" "Mozilla/5.0 (X11; Ubuntu; Linux x86_64; rv:91.0) Gecko/20100101 Firefox/91.0"
127.0.0.1 - - [12/May/2022:17:35:12 +0200] "GET /images/cherche.png HTTP/1.1" 304 250 "http://localhost:2022/styles/cuiteur.css" "Mozilla/5.0 (X11; Ubuntu; Linux x86_64; rv:91.0) Gecko/20100101 Firefox/91.0"
::1 - - [12/May/2022:17:35:18 +0200] "OPTIONS * HTTP/1.0" 200 126 "-" "Apache/2.4.53 (Ubuntu) mod_fcgid/2.3.9 (internal dummy connection)"
127.0.0.1 - - [12/May/2022:17:35:41 +0200] "GET /php/utilisateur.php?id=3 HTTP/1.1" 200 1159 "http://localhost:2022/php/utilisateur.php?id=3" "Mozilla/5.0 (X11; Ubuntu; Linux x86_64; rv:91.0) Gecko/20100101 Firefox/91.0"
127.0.0.1 - - [12/May/2022:17:35:42 +0200] "GET /upload/pdac.jpg HTTP/1.1" 200 2675 "http://localhost:2022/php/utilisateur.php?id=3" "Mozilla/5.0 (X11; Ubuntu; Linux x86_64; rv:91.0) Gecko/20100101 Firefox/91.0"
127.0.0.1 - - [12/May/2022:17:35:42 +0200] "GET /images/pdac.jpg HTTP/1.1" 304 249 "http://localhost:2022/php/utilisateur.php?id=3" "Mozilla/5.0 (X11; Ubuntu; Linux x86_64; rv:91.0) Gecko/20100101 Firefox/91.0"
127.0.0.1 - - [12/May/2022:17:35:42 +0200] "GET /images/paulo.jpg HTTP/1.1" 304 249 "http://localhost:2022/php/utilisateur.php?id=3" "Mozilla/5.0 (X11; Ubuntu; Linux x86_64; rv:91.0) Gecko/20100101 Firefox/91.0"
127.0.0.1 - - [12/May/2022:17:35:42 +0200] "GET /images/yoda.jpg HTTP/1.1" 304 249 "http://localhost:2022/php/utilisateur.php?id=3" "Mozilla/5.0 (X11; Ubuntu; Linux x86_64; rv:91.0) Gecko/20100101 Firefox/91.0"
127.0.0.1 - - [12/May/2022:17:35:52 +0200] "GET /php/utilisateur.php?id=1 HTTP/1.1" 200 1159 "-" "Mozilla/5.0 (X11; Ubuntu; Linux x86_64; rv:91.0) Gecko/20100101 Firefox/91.0"
127.0.0.1 - - [12/May/2022:17:35:55 +0200] "GET /php/utilisateur.php?id=2 HTTP/1.1" 200 1158 "-" "Mozilla/5.0 (X11; Ubuntu; Linux x86_64; rv:91.0) Gecko/20100101 Firefox/91.0"
127.0.0.1 - - [12/May/2022:17:36:45 +0200] "GET /php/utilisateur.php?id=2 HTTP/1.1" 200 1275 "-" "Mozilla/5.0 (X11; Ubuntu; Linux x86_64; rv:91.0) Gecko/20100101 Firefox/91.0"
127.0.0.1 - - [12/May/2022:17:36:45 +0200] "GET /images/pdac.jpg HTTP/1.1" 304 248 "http://localhost:2022/php/utilisateur.php?id=2" "Mozilla/5.0 (X11; Ubuntu; Linux x86_64; rv:91.0) Gecko/20100101 Firefox/91.0"
127.0.0.1 - - [12/May/2022:17:36:45 +0200] "GET /upload/pdac.jpg HTTP/1.1" 304 249 "http://localhost:2022/php/utilisateur.php?id=2" "Mozilla/5.0 (X11; Ubuntu; Linux x86_64; rv:91.0) Gecko/20100101 Firefox/91.0"
127.0.0.1 - - [12/May/2022:17:36:45 +0200] "GET /images/paulo.jpg HTTP/1.1" 304 249 "http://localhost:2022/php/utilisateur.php?id=2" "Mozilla/5.0 (X11; Ubuntu; Linux x86_64; rv:91.0) Gecko/20100101 Firefox/91.0"
127.0.0.1 - - [12/May/2022:17:36:45 +0200] "GET /images/yoda.jpg HTTP/1.1" 304 249 "http://localhost:2022/php/utilisateur.php?id=2" "Mozilla/5.0 (X11; Ubuntu; Linux x86_64; rv:91.0) Gecko/20100101 Firefox/91.0"
::1 - - [12/May/2022:17:36:56 +0200] "POST /phpmyadmin/index.php?route=/ HTTP/1.1" 200 2684 "-" "Mozilla/5.0 (X11; Linux x86_64) AppleWebKit/537.36 (KHTML, like Gecko) Chrome/101.0.4951.54 Safari/537.36"
127.0.0.1 - - [12/May/2022:17:37:02 +0200] "GET /php/utilisateur.php?id=2 HTTP/1.1" 200 1275 "-" "Mozilla/5.0 (X11; Ubuntu; Linux x86_64; rv:91.0) Gecko/20100101 Firefox/91.0"
127.0.0.1 - - [12/May/2022:17:37:02 +0200] "GET /images/pdac.jpg HTTP/1.1" 304 248 "http://localhost:2022/php/utilisateur.php?id=2" "Mozilla/5.0 (X11; Ubuntu; Linux x86_64; rv:91.0) Gecko/20100101 Firefox/91.0"
127.0.0.1 - - [12/May/2022:17:37:03 +0200] "GET /images/paulo.jpg HTTP/1.1" 304 249 "http://localhost:2022/php/utilisateur.php?id=2" "Mozilla/5.0 (X11; Ubuntu; Linux x86_64; rv:91.0) Gecko/20100101 Firefox/91.0"
127.0.0.1 - - [12/May/2022:17:37:03 +0200] "GET /upload/pdac.jpg HTTP/1.1" 304 249 "http://localhost:2022/php/utilisateur.php?id=2" "Mozilla/5.0 (X11; Ubuntu; Linux x86_64; rv:91.0) Gecko/20100101 Firefox/91.0"
127.0.0.1 - - [12/May/2022:17:37:03 +0200] "GET /images/yoda.jpg HTTP/1.1" 304 249 "http://localhost:2022/php/utilisateur.php?id=2" "Mozilla/5.0 (X11; Ubuntu; Linux x86_64; rv:91.0) Gecko/20100101 Firefox/91.0"
127.0.0.1 - - [12/May/2022:17:37:07 +0200] "GET /php/utilisateur.php?id=2 HTTP/1.1" 200 1158 "-" "Mozilla/5.0 (X11; Ubuntu; Linux x86_64; rv:91.0) Gecko/20100101 Firefox/91.0"
127.0.0.1 - - [12/May/2022:17:37:07 +0200] "GET /images/paulo.jpg HTTP/1.1" 304 248 "http://localhost:2022/php/utilisateur.php?id=2" "Mozilla/5.0 (X11; Ubuntu; Linux x86_64; rv:91.0) Gecko/20100101 Firefox/91.0"
127.0.0.1 - - [12/May/2022:17:37:07 +0200] "GET /images/pdac.jpg HTTP/1.1" 304 248 "http://localhost:2022/php/utilisateur.php?id=2" "Mozilla/5.0 (X11; Ubuntu; Linux x86_64; rv:91.0) Gecko/20100101 Firefox/91.0"
127.0.0.1 - - [12/May/2022:17:37:07 +0200] "GET /images/yoda.jpg HTTP/1.1" 304 248 "http://localhost:2022/php/utilisateur.php?id=2" "Mozilla/5.0 (X11; Ubuntu; Linux x86_64; rv:91.0) Gecko/20100101 Firefox/91.0"
127.0.0.1 - - [12/May/2022:17:37:07 +0200] "GET /upload/pdac.jpg HTTP/1.1" 304 248 "http://localhost:2022/php/utilisateur.php?id=2" "Mozilla/5.0 (X11; Ubuntu; Linux x86_64; rv:91.0) Gecko/20100101 Firefox/91.0"
::1 - - [12/May/2022:17:37:39 +0200] "POST /phpmyadmin/index.php?route=/lint HTTP/1.1" 200 1395 "-" "Mozilla/5.0 (X11; Linux x86_64) AppleWebKit/537.36 (KHTML, like Gecko) Chrome/101.0.4951.54 Safari/537.36"
127.0.0.1 - - [12/May/2022:17:38:01 +0200] "POST /phpmyadmin/index.php?route=/ HTTP/1.1" 200 2690 "-" "Mozilla/5.0 (X11; Ubuntu; Linux x86_64; rv:91.0) Gecko/20100101 Firefox/91.0"
127.0.0.1 - - [12/May/2022:17:38:42 +0200] "GET /php/utilisateur.php?id=2 HTTP/1.1" 200 1158 "-" "Mozilla/5.0 (X11; Ubuntu; Linux x86_64; rv:91.0) Gecko/20100101 Firefox/91.0"
127.0.0.1 - - [12/May/2022:17:38:42 +0200] "GET /images/pdac.jpg HTTP/1.1" 304 248 "http://localhost:2022/php/utilisateur.php?id=2" "Mozilla/5.0 (X11; Ubuntu; Linux x86_64; rv:91.0) Gecko/20100101 Firefox/91.0"
127.0.0.1 - - [12/May/2022:17:38:42 +0200] "GET /images/paulo.jpg HTTP/1.1" 304 249 "http://localhost:2022/php/utilisateur.php?id=2" "Mozilla/5.0 (X11; Ubuntu; Linux x86_64; rv:91.0) Gecko/20100101 Firefox/91.0"
127.0.0.1 - - [12/May/2022:17:38:42 +0200] "GET /upload/pdac.jpg HTTP/1.1" 304 249 "http://localhost:2022/php/utilisateur.php?id=2" "Mozilla/5.0 (X11; Ubuntu; Linux x86_64; rv:91.0) Gecko/20100101 Firefox/91.0"
127.0.0.1 - - [12/May/2022:17:38:42 +0200] "GET /images/yoda.jpg HTTP/1.1" 304 249 "http://localhost:2022/php/utilisateur.php?id=2" "Mozilla/5.0 (X11; Ubuntu; Linux x86_64; rv:91.0) Gecko/20100101 Firefox/91.0"
